 DipServer

 Timestamp is 4264d36e (Tue Apr 19 12:46:22 2005)

 Preferred load address is 10000000

 Start         Length     Name                   Class
 0001:00000000 00040b75H .textbss                DATA
 0002:00000000 00084bbcH .text                   CODE
 0002:00084bc0 00002494H .text$x                 CODE
 0002:00087060 00001448H .text$yc                CODE
 0002:000884b0 000013e9H .text$yd                CODE
 0003:00000000 00007772H .rdata                  DATA
 0003:00007774 00000168H .rdata$debug            DATA
 0003:000078dc 0000097dH .rdata$r                DATA
 0003:0000825c 00000104H .rtc$IAA                DATA
 0003:00008360 00000109H .rtc$IMZ                DATA
 0003:0000846c 00000104H .rtc$IZZ                DATA
 0003:00008570 00000104H .rtc$TAA                DATA
 0003:00008674 00000109H .rtc$TMZ                DATA
 0003:00008780 00000104H .rtc$TZZ                DATA
 0003:00008884 00001c60H .xdata$x                DATA
 0003:0000a4f0 00001bd8H .edata                  DATA
 0004:00000000 00000104H .CRT$XCA                DATA
 0004:00000104 00000104H .CRT$XCAA               DATA
 0004:00000208 00000134H .CRT$XCU                DATA
 0004:0000033c 00000104H .CRT$XCZ                DATA
 0004:00000440 00000104H .CRT$XIA                DATA
 0004:00000544 0000010eH .CRT$XIC                DATA
 0004:00000654 00000104H .CRT$XIY                DATA
 0004:00000758 00000104H .CRT$XIZ                DATA
 0004:0000085c 00000104H .CRT$XPA                DATA
 0004:00000960 00000104H .CRT$XPX                DATA
 0004:00000a64 00000104H .CRT$XPZ                DATA
 0004:00000b68 00000104H .CRT$XTA                DATA
 0004:00000c6c 00000104H .CRT$XTB                DATA
 0004:00000d70 00000104H .CRT$XTZ                DATA
 0004:00000e80 000014d0H .data                   DATA
 0004:00002360 00199208H .bss                    DATA
 0005:00000000 00000050H .idata$2                DATA
 0005:00000050 00000014H .idata$3                DATA
 0005:00000064 00000ae4H .idata$4                DATA
 0005:00000b48 00000ae4H .idata$5                DATA
 0005:0000162c 0000440cH .idata$6                DATA

  Address         Publics by Value              Rva+Base     Lib:Object

 0000:00000000       __except_list              00000000     <absolute>
 0000:00000000       ___safe_se_handler_table   00000000     <absolute>
 0000:00000000       ___safe_se_handler_count   00000000     <absolute>
 0001:00000000       __enc$textbss$begin        10001000     <linker-defined>
 0001:00040b75       __enc$textbss$end          10041b75     <linker-defined>
 0002:00004e00       ??0AForm@@QAE@XZ           10046e00 f   AForm.obj
 0002:00004e50       ??_GAForm@@UAEPAXI@Z       10046e50 f i AForm.obj
 0002:00004e50       ??_EAForm@@UAEPAXI@Z       10046e50 f i AForm.obj
 0002:00004ec0       ??1AForm@@UAE@XZ           10046ec0 f   AForm.obj
 0002:00004f00       ??2@YAPAXI@Z               10046f00 f i BasicDiploRelation.obj
 0002:00004f60       ??3@YAXPAX@Z               10046f60 f i BasicDiploRelation.obj
 0002:00004fc0       ??0BasicDiploRelation@@QAE@XZ 10046fc0 f i BasicDiploRelation.obj
 0002:00005010       ??0BasicDiploRelation@@QAE@ABV0@@Z 10047010 f i BasicDiploRelation.obj
 0002:00005140       ??4BasicDiploRelation@@QAEAAV0@ABV0@@Z 10047140 f i BasicDiploRelation.obj
 0002:000052a0       ?setlUpgIsRun@DIP_SimpleBuilding@@QAE_NEH@Z 100472a0 f i BasicDiploRelation.obj
 0002:00005390       ??ABaseResources@@QAEAAHH@Z 10047390 f i BasicDiploRelation.obj
 0002:00005470       ??0DIP_SimpleBuilding@@QAE@XZ 10047470 f i BasicDiploRelation.obj
 0002:000054e0       ??0?$ClassArray@VSetlUpgrade@@@@QAE@XZ 100474e0 f i BasicDiploRelation.obj
 0002:00005590       ??_G?$ClassArray@VSetlUpgrade@@@@UAEPAXI@Z 10047590 f i BasicDiploRelation.obj
 0002:00005590       ??_E?$ClassArray@VSetlUpgrade@@@@UAEPAXI@Z 10047590 f i BasicDiploRelation.obj
 0002:00005600       ??1DIP_SimpleBuilding@@QAE@XZ 10047600 f i BasicDiploRelation.obj
 0002:00005660       ??0DIP_SimpleBuilding@@QAE@ABV0@@Z 10047660 f i BasicDiploRelation.obj
 0002:00005f80       ??4DIP_SimpleBuilding@@QAEAAV0@AAV0@@Z 10047f80 f i BasicDiploRelation.obj
 0002:00006ba0       ??0?$ClassArray@VSetlUpgrade@@@@QAE@ABV0@@Z 10048ba0 f i BasicDiploRelation.obj
 0002:00006c60       ??4?$ClassArray@VSetlUpgrade@@@@QAEAAV0@AAV0@@Z 10048c60 f i BasicDiploRelation.obj
 0002:00006d10       ?InitThisTribe@BasicDiploRelation@@UAEXPAD00@Z 10048d10 f   BasicDiploRelation.obj
 0002:00006d50       ?InitThisTribe2@BasicDiploRelation@@UAEXPAD000@Z 10048d50 f   BasicDiploRelation.obj
 0002:00006d90       ?GetAmountOfPropositions@BasicDiploRelation@@UAEHXZ 10048d90 f   BasicDiploRelation.obj
 0002:00006dd0       ?GetPossibility@BasicDiploRelation@@UAEKHPAD0@Z 10048dd0 f   BasicDiploRelation.obj
 0002:00006e10       ?PerformPossibility@BasicDiploRelation@@UAEXK@Z 10048e10 f   BasicDiploRelation.obj
 0002:00006e50       ?ProcessTribe@BasicDiploRelation@@UAEXXZ 10048e50 f   BasicDiploRelation.obj
 0002:00006e90       ?PerformCommand@BasicDiploRelation@@UAEXPADH@Z 10048e90 f   BasicDiploRelation.obj
 0002:00006ed0       ?GetSaveData@BasicDiploRelation@@UAEHPAE_N@Z 10048ed0 f   BasicDiploRelation.obj
 0002:00006f10       ?SetSaveData@BasicDiploRelation@@UAEXPAEH@Z 10048f10 f   BasicDiploRelation.obj
 0002:00006f50       ?Init@BasicDiploRelation@@UAEXXZ 10048f50 f   BasicDiploRelation.obj
 0002:00006fd0       ?Free@BasicDiploRelation@@UAEXXZ 10048fd0 f   BasicDiploRelation.obj
 0002:00007010       ??1?$ClassArray@VSetlUpgrade@@@@UAE@XZ 10049010 f i BasicDiploRelation.obj
 0002:00007100       ?reset_class@?$ClassArray@VSetlUpgrade@@@@UAEXPAX@Z 10049100 f i BasicDiploRelation.obj
 0002:000072f0       ??_V@YAXPAX@Z              100492f0 f i BasicDiploRelation.obj
 0002:00007350       ?GetClassNameA@?$ClassArray@VSetlUpgrade@@@@UAEPBDXZ 10049350 f i BasicDiploRelation.obj
 0002:000074e0       ??0SetlUpgrade@@QAE@XZ     100494e0 f i BasicDiploRelation.obj
 0002:000075b0       ??0BaseResources@@QAE@XZ   100495b0 f i BasicDiploRelation.obj
 0002:00007620       ?GetClassNameA@BaseResources@@UAEPBDXZ 10049620 f i BasicDiploRelation.obj
 0002:00007660       ?CheckDirectCasting@BaseResources@@UAE_NXZ 10049660 f i BasicDiploRelation.obj
 0002:000076a0       ?new_element@BaseResources@@UAEPAVBaseClass@@XZ 100496a0 f i BasicDiploRelation.obj
 0002:000078a0       ?GetClassStorage@BaseResources@@UAEPAVOneClassStorage@@XZ 100498a0 f i BasicDiploRelation.obj
 0002:00007940       ?RegisterMembers@BaseResources@@UAEXXZ 10049940 f i BasicDiploRelation.obj
 0002:00008460       ?PrintError@@YAXPADZZ      1004a460 f i BasicDiploRelation.obj
 0002:00008560       ??_E_int@@UAEPAXI@Z        1004a560 f i BasicDiploRelation.obj
 0002:00008560       ??_G_int@@UAEPAXI@Z        1004a560 f i BasicDiploRelation.obj
 0002:000085e0       ??_GBaseResources@@UAEPAXI@Z 1004a5e0 f i BasicDiploRelation.obj
 0002:000085e0       ??_EBaseResources@@UAEPAXI@Z 1004a5e0 f i BasicDiploRelation.obj
 0002:00008650       ??1BaseResources@@UAE@XZ   1004a650 f i BasicDiploRelation.obj
 0002:000086b0       ?GetClassNameA@SetlUpgrade@@UAEPBDXZ 1004a6b0 f i BasicDiploRelation.obj
 0002:000086f0       ?CheckDirectCasting@SetlUpgrade@@UAE_NXZ 1004a6f0 f i BasicDiploRelation.obj
 0002:00008730       ?new_element@SetlUpgrade@@UAEPAVBaseClass@@XZ 1004a730 f i BasicDiploRelation.obj
 0002:00008930       ?GetClassStorage@SetlUpgrade@@UAEPAVOneClassStorage@@XZ 1004a930 f i BasicDiploRelation.obj
 0002:000089d0       ?RegisterMembers@SetlUpgrade@@UAEXXZ 1004a9d0 f i BasicDiploRelation.obj
 0002:0000a180       ??_E_bool@@UAEPAXI@Z       1004c180 f i BasicDiploRelation.obj
 0002:0000a180       ??_G_bool@@UAEPAXI@Z       1004c180 f i BasicDiploRelation.obj
 0002:0000a200       ??_E_byte_index@@UAEPAXI@Z 1004c200 f i BasicDiploRelation.obj
 0002:0000a200       ??_G_byte_index@@UAEPAXI@Z 1004c200 f i BasicDiploRelation.obj
 0002:0000a280       ??_G_textid@@UAEPAXI@Z     1004c280 f i BasicDiploRelation.obj
 0002:0000a280       ??_E_textid@@UAEPAXI@Z     1004c280 f i BasicDiploRelation.obj
 0002:0000a300       ??_G_gpfile@@UAEPAXI@Z     1004c300 f i BasicDiploRelation.obj
 0002:0000a300       ??_E_gpfile@@UAEPAXI@Z     1004c300 f i BasicDiploRelation.obj
 0002:0000a380       ??_ESetlUpgrade@@UAEPAXI@Z 1004c380 f i BasicDiploRelation.obj
 0002:0000a380       ??_GSetlUpgrade@@UAEPAXI@Z 1004c380 f i BasicDiploRelation.obj
 0002:0000a3f0       ??1SetlUpgrade@@UAE@XZ     1004c3f0 f i BasicDiploRelation.obj
 0002:0000a4b0       ??A?$DynArray@PAVOneClassMemberStorage@@$0CA@@@QAEAAPAVOneClassMemberStorage@@H@Z 1004c4b0 f i BasicDiploRelation.obj
 0002:0000a560       ?GetAmount@?$DynArray@PAVOneClassMemberStorage@@$0CA@@@QBEHXZ 1004c560 f i BasicDiploRelation.obj
 0002:0000a5a0       ?GetAmountOfElements@?$ClassArray@VSetlUpgrade@@@@UAEHXZ 1004c5a0 f i BasicDiploRelation.obj
 0002:0000a600       ?GetElementID@?$ClassArray@VSetlUpgrade@@@@UAEPBDH@Z 1004c600 f i BasicDiploRelation.obj
 0002:0000a6c0       ?GetElementClass@?$ClassArray@VSetlUpgrade@@@@UAEPAVBaseClass@@H@Z 1004c6c0 f i BasicDiploRelation.obj
 0002:0000a720       ?GetElementPtr@?$ClassArray@VSetlUpgrade@@@@UAEPAXHPAX@Z 1004c720 f i BasicDiploRelation.obj
 0002:0000a780       ?ExpandWith@?$ClassArray@VSetlUpgrade@@@@UAEHPBDPAX@Z 1004c780 f i BasicDiploRelation.obj
 0002:0000a880       ?GetExpansionRules@?$ClassArray@VSetlUpgrade@@@@UAEHXZ 1004c880 f i BasicDiploRelation.obj
 0002:0000a8c0       ?MoveElement@?$ClassArray@VSetlUpgrade@@@@UAE_NHD@Z 1004c8c0 f i BasicDiploRelation.obj
 0002:0000a940       ?GetExpansionBaseClass@?$ClassArray@VSetlUpgrade@@@@UAEPBDXZ 1004c940 f i BasicDiploRelation.obj
 0002:0000aa10       ?DelElement@?$ClassArray@VSetlUpgrade@@@@UAE_NH@Z 1004ca10 f i BasicDiploRelation.obj
 0002:0000ab30       ?CheckDirectCasting@?$ClassArray@VSetlUpgrade@@@@UAE_NXZ 1004cb30 f i BasicDiploRelation.obj
 0002:0000ab70       ?new_element@?$ClassArray@VSetlUpgrade@@@@UAEPAVBaseClass@@XZ 1004cb70 f i BasicDiploRelation.obj
 0002:0000ac50       ?GetClassStorage@?$ClassArray@VSetlUpgrade@@@@UAEPAVOneClassStorage@@XZ 1004cc50 f i BasicDiploRelation.obj
 0002:0000acf0       ??0?$DynArray@PAVSetlUpgrade@@$0CA@@@QAE@XZ 1004ccf0 f i BasicDiploRelation.obj
 0002:0000ad50       ??1?$DynArray@PAVSetlUpgrade@@$0CA@@@QAE@XZ 1004cd50 f i BasicDiploRelation.obj
 0002:0000ada0       ??A?$DynArray@PAVSetlUpgrade@@$0CA@@@QAEAAPAVSetlUpgrade@@H@Z 1004cda0 f i BasicDiploRelation.obj
 0002:0000ae50       ?GetAmount@?$DynArray@PAVSetlUpgrade@@$0CA@@@QBEHXZ 1004ce50 f i BasicDiploRelation.obj
 0002:0000ae90       ??_EEntry@?$Hash@VStr_for_hash@@$0EAD@$0EAA@@@QAEPAXI@Z 1004ce90 f i BasicDiploRelation.obj
 0002:0000af50       ??1Entry@?$Hash@VStr_for_hash@@$0EAD@$0EAA@@@QAE@XZ 1004cf50 f i BasicDiploRelation.obj
 0002:0000afa0       ??1Str_for_hash@@QAE@XZ    1004cfa0 f i BasicDiploRelation.obj
 0002:0000afe0       ?Add@?$ClassArray@VSetlUpgrade@@@@QAEHPAVSetlUpgrade@@@Z 1004cfe0 f i BasicDiploRelation.obj
 0002:0000b070       ?Del@?$DynArray@PAVSetlUpgrade@@$0CA@@@QAEXHH@Z 1004d070 f i BasicDiploRelation.obj
 0002:0000b180       ?Move@?$DynArray@PAVSetlUpgrade@@$0CA@@@QAE_NHH@Z 1004d180 f i BasicDiploRelation.obj
 0002:0000b2e0       ?GetValues@?$DynArray@PAVSetlUpgrade@@$0CA@@@QBEPAPAVSetlUpgrade@@XZ 1004d2e0 f i BasicDiploRelation.obj
 0002:0000b320       ?Clear@?$DynArray@PAVSetlUpgrade@@$0CA@@@QAEXXZ 1004d320 f i BasicDiploRelation.obj
 0002:0000b3c0       ?Add@?$DynArray@PAVSetlUpgrade@@$0CA@@@QAEHABQAVSetlUpgrade@@@Z 1004d3c0 f i BasicDiploRelation.obj
 0002:0000b460       ?Check@?$DynArray@PAVSetlUpgrade@@$0CA@@@QAEXH@Z 1004d460 f i BasicDiploRelation.obj
 0002:0000b570       ??$reg_auto@VBaseResources@@@@YAXPAVBaseClass@@AAVBaseResources@@PBDPAXK@Z 1004d570 f i BasicDiploRelation.obj
 0002:0000b750       ?ConvTypeName@@YAPADAAVDString@@@Z 1004d750 f i BasicDiploRelation.obj
 0002:0000b840       ??$reg_class@VBaseResources@@@@YAXPAVBaseResources@@PAD@Z 1004d840 f i BasicDiploRelation.obj
 0002:0000bb00       ?StartBattle@@YAXXZ        1004db00 f   BattleDialogs.obj
 0002:0000bb50       ?HandleBattleCml@@YAXPADPAPADHPAVParsedRQ@@@Z 1004db50 f   BattleDialogs.obj
 0002:0000bf00       ?RunStartTimer@@YAXXZ      1004df00 f   BattleDialogs.obj
 0002:0000bfc0       ?ShowTimer@CBattle@@QAEHXZ 1004dfc0 f   BattleDialogs.obj
 0002:0000c0e0       ?SetStartTimer@CBattle@@QAEXH@Z 1004e0e0 f   BattleDialogs.obj
 0002:0000c150       ?PerformBattleCommads@@YAXPADH@Z 1004e150 f   BattleDialogs.obj
 0002:0000c790       ?CloseBattle@@YAXXZ        1004e790 f   BattleDialogs.obj
 0002:0000c7e0       ?Free@CBattle@@QAEXXZ      1004e7e0 f   BattleDialogs.obj
 0002:0000c960       ??0CBattle@@QAE@XZ         1004e960 f   BattleDialogs.obj
 0002:0000c9c0       ??1CBattle@@QAE@XZ         1004e9c0 f   BattleDialogs.obj
 0002:0000ca10       ?Init@CBattle@@QAEXXZ      1004ea10 f   BattleDialogs.obj
 0002:0000cec0       ?RunUpgrades@CBattle@@QAEXXZ 1004eec0 f   BattleDialogs.obj
 0002:0000d070       ?Process@CBattle@@QAEXXZ   1004f070 f   BattleDialogs.obj
 0002:0000d3b0       ?MakeDialog@CBattle@@QAEX_N@Z 1004f3b0 f   BattleDialogs.obj
 0002:000102c0       ?AddUpgToCml@CBattle@@QAEXAAVDString@@PADGGHH@Z 100522c0 f   BattleDialogs.obj
 0002:000106d0       ?AddNewMon@CPlayerInfo@@QAEXEG@Z 100526d0 f   BattleDialogs.obj
 0002:00010a30       ?CheckUpg@CPlayerInfo@@QAEXG_N@Z 10052a30 f   BattleDialogs.obj
 0002:00010fa0       ?DoDamage@@YAXPAUUnitType@@FEEH@Z 10052fa0 f   BattleDialogs.obj
 0002:000110f0       ?DoProtect@@YAXPAUUnitType@@FEEH@Z 100530f0 f   BattleDialogs.obj
 0002:000111c0       ?DoShield@@YAXPAUUnitType@@FEEH@Z 100531c0 f   BattleDialogs.obj
 0002:00011240       ?DoAttPause@@YAXPAUUnitType@@FEEH@Z 10053240 f   BattleDialogs.obj
 0002:000113a0       ?GetCharacter@UnitType@@QAEXE@Z 100533a0 f   BattleDialogs.obj
 0002:00011630       ?AddUpgCategory@UnitType@@QAEXGPADPAGH@Z 10053630 f   BattleDialogs.obj
 0002:00011710       ?RunProtectUpg@UnitType@@QAEXEH@Z 10053710 f   BattleDialogs.obj
 0002:00011930       ?RunProtectUpg@@YAXEH@Z    10053930 f   BattleDialogs.obj
 0002:00011c10       ??0CUpgCategory@@QAE@GPADPAGH@Z 10053c10 f   BattleDialogs.obj
 0002:00012130       ??1CUpgCategory@@QAE@XZ    10054130 f   BattleDialogs.obj
 0002:000121d0       ??0CWeapInfo@@QAE@XZ       100541d0 f   BattleDialogs.obj
 0002:00012240       ??0?$vector@V?$vector@GV?$allocator@G@std@@@std@@V?$allocator@V?$vector@GV?$allocator@G@std@@@std@@@2@@std@@QAE@XZ 10054240 f i BattleDialogs.obj
 0002:000122b0       ??1?$vector@V?$vector@GV?$allocator@G@std@@@std@@V?$allocator@V?$vector@GV?$allocator@G@std@@@std@@@2@@std@@QAE@XZ 100542b0 f i BattleDialogs.obj
 0002:00012300       ?begin@?$vector@V?$vector@GV?$allocator@G@std@@@std@@V?$allocator@V?$vector@GV?$allocator@G@std@@@std@@@2@@std@@QAE?AViterator@12@XZ 10054300 f i BattleDialogs.obj
 0002:00012360       ?end@?$vector@V?$vector@GV?$allocator@G@std@@@std@@V?$allocator@V?$vector@GV?$allocator@G@std@@@std@@@2@@std@@QAE?AViterator@12@XZ 10054360 f i BattleDialogs.obj
 0002:000123c0       ?size@?$vector@V?$vector@GV?$allocator@G@std@@@std@@V?$allocator@V?$vector@GV?$allocator@G@std@@@std@@@2@@std@@QBEIXZ 100543c0 f i BattleDialogs.obj
 0002:00012430       ??A?$vector@V?$vector@GV?$allocator@G@std@@@std@@V?$allocator@V?$vector@GV?$allocator@G@std@@@std@@@2@@std@@QAEAAV?$vector@GV?$allocator@G@std@@@1@I@Z 10054430 f i BattleDialogs.obj
 0002:000124b0       ?push_back@?$vector@V?$vector@GV?$allocator@G@std@@@std@@V?$allocator@V?$vector@GV?$allocator@G@std@@@std@@@2@@std@@QAEXABV?$vector@GV?$allocator@G@std@@@2@@Z 100544b0 f i BattleDialogs.obj
 0002:00012570       ?erase@?$vector@V?$vector@GV?$allocator@G@std@@@std@@V?$allocator@V?$vector@GV?$allocator@G@std@@@std@@@2@@std@@QAE?AViterator@12@V312@@Z 10054570 f i BattleDialogs.obj
 0002:00012620       ??0?$vector@GV?$allocator@G@std@@@std@@QAE@XZ 10054620 f i BattleDialogs.obj
 0002:00012690       ??1?$vector@GV?$allocator@G@std@@@std@@QAE@XZ 10054690 f i BattleDialogs.obj
 0002:000126e0       ?reserve@?$vector@GV?$allocator@G@std@@@std@@QAEXI@Z 100546e0 f i BattleDialogs.obj
 0002:000128c0       ?begin@?$vector@GV?$allocator@G@std@@@std@@QAE?AViterator@12@XZ 100548c0 f i BattleDialogs.obj
 0002:00012920       ?end@?$vector@GV?$allocator@G@std@@@std@@QAE?AViterator@12@XZ 10054920 f i BattleDialogs.obj
 0002:00012980       ?size@?$vector@GV?$allocator@G@std@@@std@@QBEIXZ 10054980 f i BattleDialogs.obj
 0002:000129f0       ?empty@?$vector@GV?$allocator@G@std@@@std@@QBE_NXZ 100549f0 f i BattleDialogs.obj
 0002:00012a50       ??A?$vector@GV?$allocator@G@std@@@std@@QAEAAGI@Z 10054a50 f i BattleDialogs.obj
 0002:00012ad0       ?front@?$vector@GV?$allocator@G@std@@@std@@QAEAAGXZ 10054ad0 f i BattleDialogs.obj
 0002:00012b30       ?back@?$vector@GV?$allocator@G@std@@@std@@QAEAAGXZ 10054b30 f i BattleDialogs.obj
 0002:00012bb0       ?push_back@?$vector@GV?$allocator@G@std@@@std@@QAEXABG@Z 10054bb0 f i BattleDialogs.obj
 0002:00012c70       ?pop_back@?$vector@GV?$allocator@G@std@@@std@@QAEXXZ 10054c70 f i BattleDialogs.obj
 0002:00012d00       ?clear@?$vector@GV?$allocator@G@std@@@std@@QAEXXZ 10054d00 f i BattleDialogs.obj
 0002:00012d50       ?reserve@?$vector@FV?$allocator@F@std@@@std@@QAEXI@Z 10054d50 f i BattleDialogs.obj
 0002:00012f30       ??A?$vector@FV?$allocator@F@std@@@std@@QAEAAFI@Z 10054f30 f i BattleDialogs.obj
 0002:00012fb0       ?reserve@?$vector@EV?$allocator@E@std@@@std@@QAEXI@Z 10054fb0 f i BattleDialogs.obj
 0002:00013180       ??A?$vector@EV?$allocator@E@std@@@std@@QAEAAEI@Z 10055180 f i BattleDialogs.obj
 0002:00013200       ?begin@?$vector@VCUpgCategory@@V?$allocator@VCUpgCategory@@@std@@@std@@QAE?AViterator@12@XZ 10055200 f i BattleDialogs.obj
 0002:00013260       ?end@?$vector@VCUpgCategory@@V?$allocator@VCUpgCategory@@@std@@@std@@QAE?AViterator@12@XZ 10055260 f i BattleDialogs.obj
 0002:000132c0       ?push_back@?$vector@VCUpgCategory@@V?$allocator@VCUpgCategory@@@std@@@std@@QAEXABVCUpgCategory@@@Z 100552c0 f i BattleDialogs.obj
 0002:00013380       ??Citerator@?$vector@VCUpgCategory@@V?$allocator@VCUpgCategory@@@std@@@std@@QBEPAVCUpgCategory@@XZ 10055380 f i BattleDialogs.obj
 0002:000133d0       ??Eiterator@?$vector@VCUpgCategory@@V?$allocator@VCUpgCategory@@@std@@@std@@QAE?AV012@H@Z 100553d0 f i BattleDialogs.obj
 0002:00013470       ??9const_iterator@?$vector@VCUpgCategory@@V?$allocator@VCUpgCategory@@@std@@@std@@QBE_NABV012@@Z 10055470 f i BattleDialogs.obj
 0002:000134d0       ??Citerator@?$vector@V?$vector@GV?$allocator@G@std@@@std@@V?$allocator@V?$vector@GV?$allocator@G@std@@@std@@@2@@std@@QBEPAV?$vector@GV?$allocator@G@std@@@2@XZ 100554d0 f i BattleDialogs.obj
 0002:00013520       ??Eiterator@?$vector@V?$vector@GV?$allocator@G@std@@@std@@V?$allocator@V?$vector@GV?$allocator@G@std@@@std@@@2@@std@@QAE?AV012@H@Z 10055520 f i BattleDialogs.obj
 0002:000135c0       ??Giterator@?$vector@V?$vector@GV?$allocator@G@std@@@std@@V?$allocator@V?$vector@GV?$allocator@G@std@@@std@@@2@@std@@QBE?AV012@H@Z 100555c0 f i BattleDialogs.obj
 0002:00013670       ??9const_iterator@?$vector@V?$vector@GV?$allocator@G@std@@@std@@V?$allocator@V?$vector@GV?$allocator@G@std@@@std@@@2@@std@@QBE_NABV012@@Z 10055670 f i BattleDialogs.obj
 0002:000136d0       ??Diterator@?$vector@GV?$allocator@G@std@@@std@@QBEAAGXZ 100556d0 f i BattleDialogs.obj
 0002:00013720       ??Eiterator@?$vector@GV?$allocator@G@std@@@std@@QAE?AV012@H@Z 10055720 f i BattleDialogs.obj
 0002:000137c0       ??Hiterator@?$vector@GV?$allocator@G@std@@@std@@QBE?AV012@H@Z 100557c0 f i BattleDialogs.obj
 0002:00013870       ??8const_iterator@?$vector@GV?$allocator@G@std@@@std@@QBE_NABV012@@Z 10055870 f i BattleDialogs.obj
 0002:000138c0       ??9const_iterator@?$vector@GV?$allocator@G@std@@@std@@QBE_NABV012@@Z 100558c0 f i BattleDialogs.obj
 0002:00013920       ?capacity@?$vector@V?$vector@GV?$allocator@G@std@@@std@@V?$allocator@V?$vector@GV?$allocator@G@std@@@std@@@2@@std@@QBEIXZ 10055920 f i BattleDialogs.obj
 0002:00013990       ?insert@?$vector@V?$vector@GV?$allocator@G@std@@@std@@V?$allocator@V?$vector@GV?$allocator@G@std@@@std@@@2@@std@@QAE?AViterator@12@V312@ABV?$vector@GV?$allocator@G@std@@@2@@Z 10055990 f i BattleDialogs.obj
 0002:00013a70       ?_Buy@?$vector@V?$vector@GV?$allocator@G@std@@@std@@V?$allocator@V?$vector@GV?$allocator@G@std@@@std@@@2@@std@@IAE_NI@Z 10055a70 f i BattleDialogs.obj
 0002:00013b50       ?_Destroy@?$vector@V?$vector@GV?$allocator@G@std@@@std@@V?$allocator@V?$vector@GV?$allocator@G@std@@@std@@@2@@std@@IAEXPAV?$vector@GV?$allocator@G@std@@@2@0@Z 10055b50 f i BattleDialogs.obj
 0002:00013bb0       ?_Tidy@?$vector@V?$vector@GV?$allocator@G@std@@@std@@V?$allocator@V?$vector@GV?$allocator@G@std@@@std@@@2@@std@@IAEXXZ 10055bb0 f i BattleDialogs.obj
 0002:00013c70       ?_Ufill@?$vector@V?$vector@GV?$allocator@G@std@@@std@@V?$allocator@V?$vector@GV?$allocator@G@std@@@std@@@2@@std@@IAEPAV?$vector@GV?$allocator@G@std@@@2@PAV32@IABV32@@Z 10055c70 f i BattleDialogs.obj
 0002:00013ce0       ??0?$_Vector_val@V?$vector@GV?$allocator@G@std@@@std@@V?$allocator@V?$vector@GV?$allocator@G@std@@@std@@@2@@std@@IAE@V?$allocator@V?$vector@GV?$allocator@G@std@@@std@@@1@@Z 10055ce0 f i BattleDialogs.obj
 0002:00013d40       ??0?$allocator@V?$vector@GV?$allocator@G@std@@@std@@@std@@QAE@XZ 10055d40 f i BattleDialogs.obj
 0002:00013d80       ?capacity@?$vector@GV?$allocator@G@std@@@std@@QBEIXZ 10055d80 f i BattleDialogs.obj
 0002:00013df0       ?max_size@?$vector@GV?$allocator@G@std@@@std@@QBEIXZ 10055df0 f i BattleDialogs.obj
 0002:00013e40       ?insert@?$vector@GV?$allocator@G@std@@@std@@QAE?AViterator@12@V312@ABG@Z 10055e40 f i BattleDialogs.obj
 0002:00013f20       ?_Buy@?$vector@GV?$allocator@G@std@@@std@@IAE_NI@Z 10055f20 f i BattleDialogs.obj
 0002:00014000       ?_Destroy@?$vector@GV?$allocator@G@std@@@std@@IAEXPAG0@Z 10056000 f i BattleDialogs.obj
 0002:00014060       ?_Tidy@?$vector@GV?$allocator@G@std@@@std@@IAEXXZ 10056060 f i BattleDialogs.obj
 0002:00014120       ?_Ufill@?$vector@GV?$allocator@G@std@@@std@@IAEPAGPAGIABG@Z 10056120 f i BattleDialogs.obj
 0002:00014190       ?_Xlen@?$vector@GV?$allocator@G@std@@@std@@IBEXXZ 10056190 f i BattleDialogs.obj
 0002:00014250       ??0length_error@std@@QAE@ABV?$basic_string@DU?$char_traits@D@std@@V?$allocator@D@2@@1@@Z 10056250 f i BattleDialogs.obj
 0002:000142c0       ??0logic_error@std@@QAE@ABV?$basic_string@DU?$char_traits@D@std@@V?$allocator@D@2@@1@@Z 100562c0 f i BattleDialogs.obj
 0002:00014370       ?what@logic_error@std@@UBEPBDXZ 10056370 f i BattleDialogs.obj
 0002:000143d0       ??_Elogic_error@std@@UAEPAXI@Z 100563d0 f i BattleDialogs.obj
 0002:000143d0       ??_Glogic_error@std@@UAEPAXI@Z 100563d0 f i BattleDialogs.obj
 0002:00014440       ??1logic_error@std@@UAE@XZ 10056440 f i BattleDialogs.obj
 0002:000144e0       ??1length_error@std@@UAE@XZ 100564e0 f i BattleDialogs.obj
 0002:00014540       ??_Elength_error@std@@UAEPAXI@Z 10056540 f i BattleDialogs.obj
 0002:00014540       ??_Glength_error@std@@UAEPAXI@Z 10056540 f i BattleDialogs.obj
 0002:000145b0       ??0?$basic_string@DU?$char_traits@D@std@@V?$allocator@D@2@@std@@QAE@ABV01@@Z 100565b0 f i BattleDialogs.obj
 0002:00014640       ??1?$basic_string@DU?$char_traits@D@std@@V?$allocator@D@2@@std@@QAE@XZ 10056640 f i BattleDialogs.obj
 0002:000146a0       ?c_str@?$basic_string@DU?$char_traits@D@std@@V?$allocator@D@2@@std@@QBEPBDXZ 100566a0 f i BattleDialogs.obj
 0002:000146f0       ?assign@?$basic_string@DU?$char_traits@D@std@@V?$allocator@D@2@@std@@QAEAAV12@ABV12@II@Z 100566f0 f i BattleDialogs.obj
 0002:00014810       ?copy@?$char_traits@D@std@@SAPADPADPBDI@Z 10056810 f i BattleDialogs.obj
 0002:00014870       ?_Tidy@?$basic_string@DU?$char_traits@D@std@@V?$allocator@D@2@@std@@IAEX_NI@Z 10056870 f i BattleDialogs.obj
 0002:00014940       ?_Myptr@?$basic_string@DU?$char_traits@D@std@@V?$allocator@D@2@@std@@QBEPBDXZ 10056940 f i BattleDialogs.obj
 0002:000149b0       ??0?$_String_val@DV?$allocator@D@std@@@std@@IAE@V?$allocator@D@1@@Z 100569b0 f i BattleDialogs.obj
 0002:00014a10       ??0?$allocator@D@std@@QAE@ABV01@@Z 10056a10 f i BattleDialogs.obj
 0002:00014a50       ??0?$_Vector_val@GV?$allocator@G@std@@@std@@IAE@V?$allocator@G@1@@Z 10056a50 f i BattleDialogs.obj
 0002:00014ab0       ??0?$allocator@G@std@@QAE@XZ 10056ab0 f i BattleDialogs.obj
 0002:00014af0       ?deallocate@?$allocator@G@std@@QAEXPAGI@Z 10056af0 f i BattleDialogs.obj
 0002:00014b50       ?allocate@?$allocator@G@std@@QAEPAGI@Z 10056b50 f i BattleDialogs.obj
 0002:00014bb0       ?capacity@?$vector@FV?$allocator@F@std@@@std@@QBEIXZ 10056bb0 f i BattleDialogs.obj
 0002:00014c20       ?begin@?$vector@FV?$allocator@F@std@@@std@@QAE?AViterator@12@XZ 10056c20 f i BattleDialogs.obj
 0002:00014c80       ?end@?$vector@FV?$allocator@F@std@@@std@@QAE?AViterator@12@XZ 10056c80 f i BattleDialogs.obj
 0002:00014ce0       ?size@?$vector@FV?$allocator@F@std@@@std@@QBEIXZ 10056ce0 f i BattleDialogs.obj
 0002:00014d50       ?max_size@?$vector@FV?$allocator@F@std@@@std@@QBEIXZ 10056d50 f i BattleDialogs.obj
 0002:00014da0       ?_Destroy@?$vector@FV?$allocator@F@std@@@std@@IAEXPAF0@Z 10056da0 f i BattleDialogs.obj
 0002:00014e00       ?_Xlen@?$vector@FV?$allocator@F@std@@@std@@IBEXXZ 10056e00 f i BattleDialogs.obj
 0002:00014ec0       ?deallocate@?$allocator@F@std@@QAEXPAFI@Z 10056ec0 f i BattleDialogs.obj
 0002:00014f20       ?allocate@?$allocator@F@std@@QAEPAFI@Z 10056f20 f i BattleDialogs.obj
 0002:00014f80       ?capacity@?$vector@EV?$allocator@E@std@@@std@@QBEIXZ 10056f80 f i BattleDialogs.obj
 0002:00014ff0       ?begin@?$vector@EV?$allocator@E@std@@@std@@QAE?AViterator@12@XZ 10056ff0 f i BattleDialogs.obj
 0002:00015050       ?end@?$vector@EV?$allocator@E@std@@@std@@QAE?AViterator@12@XZ 10057050 f i BattleDialogs.obj
 0002:000150b0       ?size@?$vector@EV?$allocator@E@std@@@std@@QBEIXZ 100570b0 f i BattleDialogs.obj
 0002:00015120       ?max_size@?$vector@EV?$allocator@E@std@@@std@@QBEIXZ 10057120 f i BattleDialogs.obj
 0002:00015170       ?_Destroy@?$vector@EV?$allocator@E@std@@@std@@IAEXPAE0@Z 10057170 f i BattleDialogs.obj
 0002:000151d0       ?_Xlen@?$vector@EV?$allocator@E@std@@@std@@IBEXXZ 100571d0 f i BattleDialogs.obj
 0002:00015290       ?deallocate@?$allocator@E@std@@QAEXPAEI@Z 10057290 f i BattleDialogs.obj
 0002:000152f0       ?allocate@?$allocator@E@std@@QAEPAEI@Z 100572f0 f i BattleDialogs.obj
 0002:00015350       ?capacity@?$vector@VCUpgCategory@@V?$allocator@VCUpgCategory@@@std@@@std@@QBEIXZ 10057350 f i BattleDialogs.obj
 0002:000153d0       ?size@?$vector@VCUpgCategory@@V?$allocator@VCUpgCategory@@@std@@@std@@QBEIXZ 100573d0 f i BattleDialogs.obj
 0002:00015450       ?insert@?$vector@VCUpgCategory@@V?$allocator@VCUpgCategory@@@std@@@std@@QAE?AViterator@12@V312@ABVCUpgCategory@@@Z 10057450 f i BattleDialogs.obj
 0002:00015530       ?_Ufill@?$vector@VCUpgCategory@@V?$allocator@VCUpgCategory@@@std@@@std@@IAEPAVCUpgCategory@@PAV3@IABV3@@Z 10057530 f i BattleDialogs.obj
 0002:000155a0       ??0iterator@?$vector@VCUpgCategory@@V?$allocator@VCUpgCategory@@@std@@@std@@QAE@PAVCUpgCategory@@@Z 100575a0 f i BattleDialogs.obj
 0002:00015600       ??Diterator@?$vector@VCUpgCategory@@V?$allocator@VCUpgCategory@@@std@@@std@@QBEAAVCUpgCategory@@XZ 10057600 f i BattleDialogs.obj
 0002:00015650       ??Eiterator@?$vector@VCUpgCategory@@V?$allocator@VCUpgCategory@@@std@@@std@@QAEAAV012@XZ 10057650 f i BattleDialogs.obj
 0002:000156a0       ??8const_iterator@?$vector@VCUpgCategory@@V?$allocator@VCUpgCategory@@@std@@@std@@QBE_NABV012@@Z 100576a0 f i BattleDialogs.obj
 0002:000156f0       ??0iterator@?$vector@V?$vector@GV?$allocator@G@std@@@std@@V?$allocator@V?$vector@GV?$allocator@G@std@@@std@@@2@@std@@QAE@PAV?$vector@GV?$allocator@G@std@@@2@@Z 100576f0 f i BattleDialogs.obj
 0002:00015750       ??Diterator@?$vector@V?$vector@GV?$allocator@G@std@@@std@@V?$allocator@V?$vector@GV?$allocator@G@std@@@std@@@2@@std@@QBEAAV?$vector@GV?$allocator@G@std@@@2@XZ 10057750 f i BattleDialogs.obj
 0002:000157a0       ??Eiterator@?$vector@V?$vector@GV?$allocator@G@std@@@std@@V?$allocator@V?$vector@GV?$allocator@G@std@@@std@@@2@@std@@QAEAAV012@XZ 100577a0 f i BattleDialogs.obj
 0002:000157f0       ??Hiterator@?$vector@V?$vector@GV?$allocator@G@std@@@std@@V?$allocator@V?$vector@GV?$allocator@G@std@@@std@@@2@@std@@QBE?AV012@H@Z 100577f0 f i BattleDialogs.obj
 0002:000158a0       ??Ziterator@?$vector@V?$vector@GV?$allocator@G@std@@@std@@V?$allocator@V?$vector@GV?$allocator@G@std@@@std@@@2@@std@@QAEAAV012@H@Z 100578a0 f i BattleDialogs.obj
 0002:00015900       ??8const_iterator@?$vector@V?$vector@GV?$allocator@G@std@@@std@@V?$allocator@V?$vector@GV?$allocator@G@std@@@std@@@2@@std@@QBE_NABV012@@Z 10057900 f i BattleDialogs.obj
 0002:00015950       ??0iterator@?$vector@GV?$allocator@G@std@@@std@@QAE@PAG@Z 10057950 f i BattleDialogs.obj
 0002:000159b0       ??Eiterator@?$vector@GV?$allocator@G@std@@@std@@QAEAAV012@XZ 100579b0 f i BattleDialogs.obj
 0002:00015a00       ??Yiterator@?$vector@GV?$allocator@G@std@@@std@@QAEAAV012@H@Z 10057a00 f i BattleDialogs.obj
 0002:00015a50       ??Giterator@?$vector@GV?$allocator@G@std@@@std@@QBE?AV012@H@Z 10057a50 f i BattleDialogs.obj
 0002:00015b00       ??Dconst_iterator@?$vector@GV?$allocator@G@std@@@std@@QBEABGXZ 10057b00 f i BattleDialogs.obj
 0002:00015b40       ??Diterator@?$vector@FV?$allocator@F@std@@@std@@QBEAAFXZ 10057b40 f i BattleDialogs.obj
 0002:00015b90       ??Hiterator@?$vector@FV?$allocator@F@std@@@std@@QBE?AV012@H@Z 10057b90 f i BattleDialogs.obj
 0002:00015c40       ??Diterator@?$vector@EV?$allocator@E@std@@@std@@QBEAAEXZ 10057c40 f i BattleDialogs.obj
 0002:00015c90       ??Hiterator@?$vector@EV?$allocator@E@std@@@std@@QBE?AV012@H@Z 10057c90 f i BattleDialogs.obj
 0002:00015d40       ??0length_error@std@@QAE@ABV01@@Z 10057d40 f i BattleDialogs.obj
 0002:00015db0       ??0logic_error@std@@QAE@ABV01@@Z 10057db0 f i BattleDialogs.obj
 0002:00015e70       ??0?$basic_string@DU?$char_traits@D@std@@V?$allocator@D@2@@std@@QAE@PBD@Z 10057e70 f i BattleDialogs.obj
 0002:00015ef0       ?erase@?$basic_string@DU?$char_traits@D@std@@V?$allocator@D@2@@std@@QAEAAV12@II@Z 10057ef0 f i BattleDialogs.obj
 0002:00015fe0       ?move@?$char_traits@D@std@@SAPADPADPBDI@Z 10057fe0 f i BattleDialogs.obj
 0002:00016040       ?size@?$basic_string@DU?$char_traits@D@std@@V?$allocator@D@2@@std@@QBEIXZ 10058040 f i BattleDialogs.obj
 0002:00016080       ?_Eos@?$basic_string@DU?$char_traits@D@std@@V?$allocator@D@2@@std@@IAEXI@Z 10058080 f i BattleDialogs.obj
 0002:00016100       ?assign@?$char_traits@D@std@@SAXAADABD@Z 10058100 f i BattleDialogs.obj
 0002:00016140       ?_Grow@?$basic_string@DU?$char_traits@D@std@@V?$allocator@D@2@@std@@IAE_NI_N@Z 10058140 f i BattleDialogs.obj
 0002:00016240       ?_Myptr@?$basic_string@DU?$char_traits@D@std@@V?$allocator@D@2@@std@@QAEPADXZ 10058240 f i BattleDialogs.obj
 0002:000162b0       ?deallocate@?$allocator@D@std@@QAEXPADI@Z 100582b0 f i BattleDialogs.obj
 0002:00016310       ?max_size@?$vector@V?$vector@GV?$allocator@G@std@@@std@@V?$allocator@V?$vector@GV?$allocator@G@std@@@std@@@2@@std@@QBEIXZ 10058310 f i BattleDialogs.obj
 0002:00016360       ?_Insert_n@?$vector@V?$vector@GV?$allocator@G@std@@@std@@V?$allocator@V?$vector@GV?$allocator@G@std@@@std@@@2@@std@@IAEXViterator@12@IABV?$vector@GV?$allocator@G@std@@@2@@Z 10058360 f i BattleDialogs.obj
 0002:000167e0       ?_Xlen@?$vector@V?$vector@GV?$allocator@G@std@@@std@@V?$allocator@V?$vector@GV?$allocator@G@std@@@std@@@2@@std@@IBEXXZ 100587e0 f i BattleDialogs.obj
 0002:000168a0       ??0?$allocator@V?$vector@GV?$allocator@G@std@@@std@@@std@@QAE@ABV01@@Z 100588a0 f i BattleDialogs.obj
 0002:000168e0       ?deallocate@?$allocator@V?$vector@GV?$allocator@G@std@@@std@@@std@@QAEXPAV?$vector@GV?$allocator@G@std@@@2@I@Z 100588e0 f i BattleDialogs.obj
 0002:00016940       ?allocate@?$allocator@V?$vector@GV?$allocator@G@std@@@std@@@std@@QAEPAV?$vector@GV?$allocator@G@std@@@2@I@Z 10058940 f i BattleDialogs.obj
 0002:000169a0       ?_Insert_n@?$vector@GV?$allocator@G@std@@@std@@IAEXViterator@12@IABG@Z 100589a0 f i BattleDialogs.obj
 0002:00016e00       ??0?$allocator@G@std@@QAE@ABV01@@Z 10058e00 f i BattleDialogs.obj
 0002:00016e40       ?max_size@?$allocator@G@std@@QBEIXZ 10058e40 f i BattleDialogs.obj
 0002:00016eb0       ?max_size@?$allocator@F@std@@QBEIXZ 10058eb0 f i BattleDialogs.obj
 0002:00016f20       ?max_size@?$allocator@E@std@@QBEIXZ 10058f20 f i BattleDialogs.obj
 0002:00016f90       ?_Insert_n@?$vector@VCUpgCategory@@V?$allocator@VCUpgCategory@@@std@@@std@@IAEXViterator@12@IABVCUpgCategory@@@Z 10058f90 f i BattleDialogs.obj
 0002:00017420       ??Hiterator@?$vector@VCUpgCategory@@V?$allocator@VCUpgCategory@@@std@@@std@@QBE?AV012@H@Z 10059420 f i BattleDialogs.obj
 0002:000174d0       ??Giterator@?$vector@VCUpgCategory@@V?$allocator@VCUpgCategory@@@std@@@std@@QBEHABVconst_iterator@12@@Z 100594d0 f i BattleDialogs.obj
 0002:00017540       ??0const_iterator@?$vector@VCUpgCategory@@V?$allocator@VCUpgCategory@@@std@@@std@@QAE@PAVCUpgCategory@@@Z 10059540 f i BattleDialogs.obj
 0002:00017590       ??Dconst_iterator@?$vector@VCUpgCategory@@V?$allocator@VCUpgCategory@@@std@@@std@@QBEABVCUpgCategory@@XZ 10059590 f i BattleDialogs.obj
 0002:000175d0       ??Yiterator@?$vector@V?$vector@GV?$allocator@G@std@@@std@@V?$allocator@V?$vector@GV?$allocator@G@std@@@std@@@2@@std@@QAEAAV012@H@Z 100595d0 f i BattleDialogs.obj
 0002:00017620       ??Giterator@?$vector@V?$vector@GV?$allocator@G@std@@@std@@V?$allocator@V?$vector@GV?$allocator@G@std@@@std@@@2@@std@@QBEHABVconst_iterator@12@@Z 10059620 f i BattleDialogs.obj
 0002:00017690       ??0const_iterator@?$vector@V?$vector@GV?$allocator@G@std@@@std@@V?$allocator@V?$vector@GV?$allocator@G@std@@@std@@@2@@std@@QAE@PAV?$vector@GV?$allocator@G@std@@@2@@Z 10059690 f i BattleDialogs.obj
 0002:000176e0       ??Dconst_iterator@?$vector@V?$vector@GV?$allocator@G@std@@@std@@V?$allocator@V?$vector@GV?$allocator@G@std@@@std@@@2@@std@@QBEABV?$vector@GV?$allocator@G@std@@@2@XZ 100596e0 f i BattleDialogs.obj
 0002:00017720       ??Ziterator@?$vector@GV?$allocator@G@std@@@std@@QAEAAV012@H@Z 10059720 f i BattleDialogs.obj
 0002:00017780       ??Giterator@?$vector@GV?$allocator@G@std@@@std@@QBEHABVconst_iterator@12@@Z 10059780 f i BattleDialogs.obj
 0002:000177f0       ??0const_iterator@?$vector@GV?$allocator@G@std@@@std@@QAE@PAG@Z 100597f0 f i BattleDialogs.obj
 0002:00017840       ??0iterator@?$vector@FV?$allocator@F@std@@@std@@QAE@PAF@Z 10059840 f i BattleDialogs.obj
 0002:000178a0       ??Yiterator@?$vector@FV?$allocator@F@std@@@std@@QAEAAV012@H@Z 100598a0 f i BattleDialogs.obj
 0002:000178f0       ??Dconst_iterator@?$vector@FV?$allocator@F@std@@@std@@QBEABFXZ 100598f0 f i BattleDialogs.obj
 0002:00017930       ??0iterator@?$vector@EV?$allocator@E@std@@@std@@QAE@PAE@Z 10059930 f i BattleDialogs.obj
 0002:00017990       ??Yiterator@?$vector@EV?$allocator@E@std@@@std@@QAEAAV012@H@Z 10059990 f i BattleDialogs.obj
 0002:000179e0       ??Dconst_iterator@?$vector@EV?$allocator@E@std@@@std@@QBEABEXZ 100599e0 f i BattleDialogs.obj
 0002:00017a20       ??0CUpgCategory@@QAE@ABV0@@Z 10059a20 f i BattleDialogs.obj
 0002:00017af0       ?assign@?$basic_string@DU?$char_traits@D@std@@V?$allocator@D@2@@std@@QAEAAV12@PBD@Z 10059af0 f i BattleDialogs.obj
 0002:00017b60       ?length@?$char_traits@D@std@@SAIPBD@Z 10059b60 f i BattleDialogs.obj
 0002:00017bb0       ?max_size@?$basic_string@DU?$char_traits@D@std@@V?$allocator@D@2@@std@@QBEIXZ 10059bb0 f i BattleDialogs.obj
 0002:00017c30       ?_Copy@?$basic_string@DU?$char_traits@D@std@@V?$allocator@D@2@@std@@IAEXII@Z 10059c30 f i BattleDialogs.obj
 0002:00017e20       ??0?$allocator@D@std@@QAE@XZ 10059e20 f i BattleDialogs.obj
 0002:00017e60       ??0?$vector@V?$vector@GV?$allocator@G@std@@@std@@V?$allocator@V?$vector@GV?$allocator@G@std@@@std@@@2@@std@@QAE@ABV01@@Z 10059e60 f i BattleDialogs.obj
 0002:00017fc0       ?max_size@?$allocator@V?$vector@GV?$allocator@G@std@@@std@@@std@@QBEIXZ 10059fc0 f i BattleDialogs.obj
 0002:00018030       ??0?$vector@GV?$allocator@G@std@@@std@@QAE@ABV01@@Z 1005a030 f i BattleDialogs.obj
 0002:00018190       ?max_size@?$vector@VCUpgCategory@@V?$allocator@VCUpgCategory@@@std@@@std@@QBEIXZ 1005a190 f i BattleDialogs.obj
 0002:000181e0       ?_Destroy@?$vector@VCUpgCategory@@V?$allocator@VCUpgCategory@@@std@@@std@@IAEXPAVCUpgCategory@@0@Z 1005a1e0 f i BattleDialogs.obj
 0002:00018240       ?_Xlen@?$vector@VCUpgCategory@@V?$allocator@VCUpgCategory@@@std@@@std@@IBEXXZ 1005a240 f i BattleDialogs.obj
 0002:00018300       ?deallocate@?$allocator@VCUpgCategory@@@std@@QAEXPAVCUpgCategory@@I@Z 1005a300 f i BattleDialogs.obj
 0002:00018360       ?allocate@?$allocator@VCUpgCategory@@@std@@QAEPAVCUpgCategory@@I@Z 1005a360 f i BattleDialogs.obj
 0002:000183c0       ??Yiterator@?$vector@VCUpgCategory@@V?$allocator@VCUpgCategory@@@std@@@std@@QAEAAV012@H@Z 1005a3c0 f i BattleDialogs.obj
 0002:00018410       ??Gconst_iterator@?$vector@VCUpgCategory@@V?$allocator@VCUpgCategory@@@std@@@std@@QBEHABV012@@Z 1005a410 f i BattleDialogs.obj
 0002:00018460       ??Gconst_iterator@?$vector@V?$vector@GV?$allocator@G@std@@@std@@V?$allocator@V?$vector@GV?$allocator@G@std@@@std@@@2@@std@@QBEHABV012@@Z 1005a460 f i BattleDialogs.obj
 0002:000184b0       ??Gconst_iterator@?$vector@GV?$allocator@G@std@@@std@@QBEHABV012@@Z 1005a4b0 f i BattleDialogs.obj
 0002:00018500       ??0const_iterator@?$vector@FV?$allocator@F@std@@@std@@QAE@PAF@Z 1005a500 f i BattleDialogs.obj
 0002:00018550       ??0const_iterator@?$vector@EV?$allocator@E@std@@@std@@QAE@PAE@Z 1005a550 f i BattleDialogs.obj
 0002:000185a0       ?assign@?$basic_string@DU?$char_traits@D@std@@V?$allocator@D@2@@std@@QAEAAV12@PBDI@Z 1005a5a0 f i BattleDialogs.obj
 0002:00018680       ?allocate@?$allocator@D@std@@QAEPADI@Z 1005a680 f i BattleDialogs.obj
 0002:000186e0       ?max_size@?$allocator@D@std@@QBEIXZ 1005a6e0 f i BattleDialogs.obj
 0002:00018750       ?begin@?$vector@V?$vector@GV?$allocator@G@std@@@std@@V?$allocator@V?$vector@GV?$allocator@G@std@@@std@@@2@@std@@QBE?AVconst_iterator@12@XZ 1005a750 f i BattleDialogs.obj
 0002:000187b0       ?end@?$vector@V?$vector@GV?$allocator@G@std@@@std@@V?$allocator@V?$vector@GV?$allocator@G@std@@@std@@@2@@std@@QBE?AVconst_iterator@12@XZ 1005a7b0 f i BattleDialogs.obj
 0002:00018810       ?begin@?$vector@GV?$allocator@G@std@@@std@@QBE?AVconst_iterator@12@XZ 1005a810 f i BattleDialogs.obj
 0002:00018870       ?end@?$vector@GV?$allocator@G@std@@@std@@QBE?AVconst_iterator@12@XZ 1005a870 f i BattleDialogs.obj
 0002:000188d0       ?max_size@?$allocator@VCUpgCategory@@@std@@QBEIXZ 1005a8d0 f i BattleDialogs.obj
 0002:00018940       ?_Inside@?$basic_string@DU?$char_traits@D@std@@V?$allocator@D@2@@std@@IAE_NPBD@Z 1005a940 f i BattleDialogs.obj
 0002:000189c0       ??$copy@PAV?$vector@GV?$allocator@G@std@@@std@@PAV12@@std@@YAPAV?$vector@GV?$allocator@G@std@@@0@PAV10@00@Z 1005a9c0 f i BattleDialogs.obj
 0002:00018a40       ??$_Ucopy@Viterator@?$vector@GV?$allocator@G@std@@@std@@@?$vector@GV?$allocator@G@std@@@std@@IAEPAGViterator@01@0PAG@Z 1005aa40 f i BattleDialogs.obj
 0002:00018ab0       ??$_Ucopy@Viterator@?$vector@FV?$allocator@F@std@@@std@@@?$vector@FV?$allocator@F@std@@@std@@IAEPAFViterator@01@0PAF@Z 1005aab0 f i BattleDialogs.obj
 0002:00018b20       ??$_Ucopy@Viterator@?$vector@EV?$allocator@E@std@@@std@@@?$vector@EV?$allocator@E@std@@@std@@IAEPAEViterator@01@0PAE@Z 1005ab20 f i BattleDialogs.obj
 0002:00018b90       ??$_Destroy_range@V?$vector@GV?$allocator@G@std@@@std@@V?$allocator@V?$vector@GV?$allocator@G@std@@@std@@@2@@std@@YAXPAV?$vector@GV?$allocator@G@std@@@0@0AAV?$allocator@V?$vector@GV?$allocator@G@std@@@std@@@0@@Z 1005ab90 f i BattleDialogs.obj
 0002:00018c10       ??$_Uninitialized_fill_n@PAV?$vector@GV?$allocator@G@std@@@std@@IV12@V?$allocator@V?$vector@GV?$allocator@G@std@@@std@@@2@@std@@YAXPAV?$vector@GV?$allocator@G@std@@@0@IABV10@AAV?$allocator@V?$vector@GV?$allocator@G@std@@@std@@@0@@Z 1005ac10 f i BattleDialogs.obj
 0002:00018c90       ??$_Destroy_range@GV?$allocator@G@std@@@std@@YAXPAG0AAV?$allocator@G@0@@Z 1005ac90 f i BattleDialogs.obj
 0002:00018d10       ?_Ptr_cat@std@@YA?AU_Scalar_ptr_iterator_tag@1@PAG0@Z 1005ad10 f i BattleDialogs.obj
 0002:00018d80       ??$_Uninitialized_fill_n@PAGIGV?$allocator@G@std@@@std@@YAXPAGIABGAAV?$allocator@G@0@@Z 1005ad80 f i BattleDialogs.obj
 0002:00018e00       ??$_Allocate@G@std@@YAPAGIPAG@Z 1005ae00 f i BattleDialogs.obj
 0002:00018e50       ??$_Destroy_range@FV?$allocator@F@std@@@std@@YAXPAF0AAV?$allocator@F@0@@Z 1005ae50 f i BattleDialogs.obj
 0002:00018ed0       ?_Ptr_cat@std@@YA?AU_Scalar_ptr_iterator_tag@1@PAF0@Z 1005aed0 f i BattleDialogs.obj
 0002:00018f40       ??$_Allocate@F@std@@YAPAFIPAF@Z 1005af40 f i BattleDialogs.obj
 0002:00018f90       ??$_Destroy_range@EV?$allocator@E@std@@@std@@YAXPAE0AAV?$allocator@E@0@@Z 1005af90 f i BattleDialogs.obj
 0002:00019010       ?_Ptr_cat@std@@YA?AU_Scalar_ptr_iterator_tag@1@PAE0@Z 1005b010 f i BattleDialogs.obj
 0002:00019080       ??$_Allocate@E@std@@YAPAEIPAE@Z 1005b080 f i BattleDialogs.obj
 0002:000190d0       ??$_Uninitialized_fill_n@PAVCUpgCategory@@IV1@V?$allocator@VCUpgCategory@@@std@@@std@@YAXPAVCUpgCategory@@IABV1@AAV?$allocator@VCUpgCategory@@@0@@Z 1005b0d0 f i BattleDialogs.obj
 0002:00019150       ??$_Ucopy@PAV?$vector@GV?$allocator@G@std@@@std@@@?$vector@V?$vector@GV?$allocator@G@std@@@std@@V?$allocator@V?$vector@GV?$allocator@G@std@@@std@@@2@@std@@IAEPAV?$vector@GV?$allocator@G@std@@@1@PAV21@00@Z 1005b150 f i BattleDialogs.obj
 0002:000191c0       ??$fill@PAV?$vector@GV?$allocator@G@std@@@std@@V12@@std@@YAXPAV?$vector@GV?$allocator@G@std@@@0@0ABV10@@Z 1005b1c0 f i BattleDialogs.obj
 0002:00019230       ??$copy_backward@PAV?$vector@GV?$allocator@G@std@@@std@@PAV12@@std@@YAPAV?$vector@GV?$allocator@G@std@@@0@PAV10@00@Z 1005b230 f i BattleDialogs.obj
 0002:000192b0       ??$_Allocate@V?$vector@GV?$allocator@G@std@@@std@@@std@@YAPAV?$vector@GV?$allocator@G@std@@@0@IPAV10@@Z 1005b2b0 f i BattleDialogs.obj
 0002:00019310       ??$_Ucopy@PAG@?$vector@GV?$allocator@G@std@@@std@@IAEPAGPAG00@Z 1005b310 f i BattleDialogs.obj
 0002:00019380       ??$fill@PAGG@std@@YAXPAG0ABG@Z 1005b380 f i BattleDialogs.obj
 0002:000193e0       ??$copy_backward@PAGPAG@std@@YAPAGPAG00@Z 1005b3e0 f i BattleDialogs.obj
 0002:00019460       ??$_Ucopy@PAVCUpgCategory@@@?$vector@VCUpgCategory@@V?$allocator@VCUpgCategory@@@std@@@std@@IAEPAVCUpgCategory@@PAV2@00@Z 1005b460 f i BattleDialogs.obj
 0002:000194d0       ??$fill@PAVCUpgCategory@@V1@@std@@YAXPAVCUpgCategory@@0ABV1@@Z 1005b4d0 f i BattleDialogs.obj
 0002:00019540       ??$copy_backward@PAVCUpgCategory@@PAV1@@std@@YAPAVCUpgCategory@@PAV1@00@Z 1005b540 f i BattleDialogs.obj
 0002:000195c0       ??$_Ucopy@Vconst_iterator@?$vector@V?$vector@GV?$allocator@G@std@@@std@@V?$allocator@V?$vector@GV?$allocator@G@std@@@std@@@2@@std@@@?$vector@V?$vector@GV?$allocator@G@std@@@std@@V?$allocator@V?$vector@GV?$allocator@G@std@@@std@@@2@@std@@IAEPAV?$vector@GV?$allocator@G@std@@@1@Vconst_iterator@01@0PAV21@@Z 1005b5c0 f i BattleDialogs.obj
 0002:00019630       ??$_Ucopy@Vconst_iterator@?$vector@GV?$allocator@G@std@@@std@@@?$vector@GV?$allocator@G@std@@@std@@IAEPAGVconst_iterator@01@0PAG@Z 1005b630 f i BattleDialogs.obj
 0002:000196a0       ??$_Destroy_range@VCUpgCategory@@V?$allocator@VCUpgCategory@@@std@@@std@@YAXPAVCUpgCategory@@0AAV?$allocator@VCUpgCategory@@@0@@Z 1005b6a0 f i BattleDialogs.obj
 0002:00019720       ??$_Allocate@VCUpgCategory@@@std@@YAPAVCUpgCategory@@IPAV1@@Z 1005b720 f i BattleDialogs.obj
 0002:00019780       ??$_Allocate@D@std@@YAPADIPAD@Z 1005b780 f i BattleDialogs.obj
 0002:000197d0       ??4CUpgCategory@@QAEAAV0@ABV0@@Z 1005b7d0 f i BattleDialogs.obj
 0002:00019870       ??4?$vector@V?$vector@GV?$allocator@G@std@@@std@@V?$allocator@V?$vector@GV?$allocator@G@std@@@std@@@2@@std@@QAEAAV01@ABV01@@Z 1005b870 f i BattleDialogs.obj
 0002:00019a80       ??4?$vector@GV?$allocator@G@std@@@std@@QAEAAV01@ABV01@@Z 1005ba80 f i BattleDialogs.obj
 0002:00019c90       ?clear@?$vector@V?$vector@GV?$allocator@G@std@@@std@@V?$allocator@V?$vector@GV?$allocator@G@std@@@std@@@2@@std@@QAEXXZ 1005bc90 f i BattleDialogs.obj
 0002:00019ce0       ??$_Ptr_cat@PAV?$vector@GV?$allocator@G@std@@@std@@PAV12@@std@@YA?AU_Nonscalar_ptr_iterator_tag@0@AAPAV?$vector@GV?$allocator@G@std@@@0@0@Z 1005bce0 f i BattleDialogs.obj
 0002:00019d50       ??$_Copy_opt@PAV?$vector@GV?$allocator@G@std@@@std@@PAV12@@std@@YAPAV?$vector@GV?$allocator@G@std@@@0@PAV10@00U_Nonscalar_ptr_iterator_tag@0@@Z 1005bd50 f i BattleDialogs.obj
 0002:00019dd0       ??$_Uninitialized_copy@Viterator@?$vector@GV?$allocator@G@std@@@std@@PAGV?$allocator@G@3@@std@@YAPAGViterator@?$vector@GV?$allocator@G@std@@@0@0PAGAAV?$allocator@G@0@@Z 1005bdd0 f i BattleDialogs.obj
 0002:00019e50       ??$_Uninitialized_copy@Viterator@?$vector@FV?$allocator@F@std@@@std@@PAFV?$allocator@F@3@@std@@YAPAFViterator@?$vector@FV?$allocator@F@std@@@0@0PAFAAV?$allocator@F@0@@Z 1005be50 f i BattleDialogs.obj
 0002:00019ed0       ??$_Uninitialized_copy@Viterator@?$vector@EV?$allocator@E@std@@@std@@PAEV?$allocator@E@3@@std@@YAPAEViterator@?$vector@EV?$allocator@E@std@@@0@0PAEAAV?$allocator@E@0@@Z 1005bed0 f i BattleDialogs.obj
 0002:00019f50       ??$_Destroy_range@V?$vector@GV?$allocator@G@std@@@std@@V?$allocator@V?$vector@GV?$allocator@G@std@@@std@@@2@@std@@YAXPAV?$vector@GV?$allocator@G@std@@@0@0AAV?$allocator@V?$vector@GV?$allocator@G@std@@@std@@@0@U_Nonscalar_ptr_iterator_tag@0@@Z 1005bf50 f i BattleDialogs.obj
 0002:00019fc0       ??$_Uninit_fill_n@PAV?$vector@GV?$allocator@G@std@@@std@@IV12@V?$allocator@V?$vector@GV?$allocator@G@std@@@std@@@2@@std@@YAXPAV?$vector@GV?$allocator@G@std@@@0@IABV10@AAV?$allocator@V?$vector@GV?$allocator@G@std@@@std@@@0@U_Nonscalar_ptr_iterator_tag@0@@Z 1005bfc0 f i BattleDialogs.obj
 0002:0001a0c0       ??$_Destroy_range@GV?$allocator@G@std@@@std@@YAXPAG0AAV?$allocator@G@0@U_Scalar_ptr_iterator_tag@0@@Z 1005c0c0 f i BattleDialogs.obj
 0002:0001a0f0       ??$_Uninit_fill_n@GIG@std@@YAXPAGIABGAAV?$allocator@G@0@U_Scalar_ptr_iterator_tag@0@@Z 1005c0f0 f i BattleDialogs.obj
 0002:0001a150       ??$_Destroy_range@FV?$allocator@F@std@@@std@@YAXPAF0AAV?$allocator@F@0@U_Scalar_ptr_iterator_tag@0@@Z 1005c150 f i BattleDialogs.obj
 0002:0001a180       ??$_Destroy_range@EV?$allocator@E@std@@@std@@YAXPAE0AAV?$allocator@E@0@U_Scalar_ptr_iterator_tag@0@@Z 1005c180 f i BattleDialogs.obj
 0002:0001a1b0       ??$_Ptr_cat@PAVCUpgCategory@@PAV1@@std@@YA?AU_Nonscalar_ptr_iterator_tag@0@AAPAVCUpgCategory@@0@Z 1005c1b0 f i BattleDialogs.obj
 0002:0001a220       ??$_Uninit_fill_n@PAVCUpgCategory@@IV1@V?$allocator@VCUpgCategory@@@std@@@std@@YAXPAVCUpgCategory@@IABV1@AAV?$allocator@VCUpgCategory@@@0@U_Nonscalar_ptr_iterator_tag@0@@Z 1005c220 f i BattleDialogs.obj
 0002:0001a320       ??$_Uninitialized_copy@PAV?$vector@GV?$allocator@G@std@@@std@@PAV12@V?$allocator@V?$vector@GV?$allocator@G@std@@@std@@@2@@std@@YAPAV?$vector@GV?$allocator@G@std@@@0@PAV10@00AAV?$allocator@V?$vector@GV?$allocator@G@std@@@std@@@0@@Z 1005c320 f i BattleDialogs.obj
 0002:0001a3a0       ??$_Copy_backward_opt@PAV?$vector@GV?$allocator@G@std@@@std@@PAV12@@std@@YAPAV?$vector@GV?$allocator@G@std@@@0@PAV10@00U_Nonscalar_ptr_iterator_tag@0@@Z 1005c3a0 f i BattleDialogs.obj
 0002:0001a420       ??$_Uninitialized_copy@PAGPAGV?$allocator@G@std@@@std@@YAPAGPAG00AAV?$allocator@G@0@@Z 1005c420 f i BattleDialogs.obj
 0002:0001a4a0       ??$_Copy_backward_opt@PAGPAG@std@@YAPAGPAG00U_Scalar_ptr_iterator_tag@0@@Z 1005c4a0 f i BattleDialogs.obj
 0002:0001a510       ??$_Uninitialized_copy@PAVCUpgCategory@@PAV1@V?$allocator@VCUpgCategory@@@std@@@std@@YAPAVCUpgCategory@@PAV1@00AAV?$allocator@VCUpgCategory@@@0@@Z 1005c510 f i BattleDialogs.obj
 0002:0001a590       ??$_Copy_backward_opt@PAVCUpgCategory@@PAV1@@std@@YAPAVCUpgCategory@@PAV1@00U_Nonscalar_ptr_iterator_tag@0@@Z 1005c590 f i BattleDialogs.obj
 0002:0001a610       ??$_Uninitialized_copy@Vconst_iterator@?$vector@V?$vector@GV?$allocator@G@std@@@std@@V?$allocator@V?$vector@GV?$allocator@G@std@@@std@@@2@@std@@PAV?$vector@GV?$allocator@G@std@@@3@V?$allocator@V?$vector@GV?$allocator@G@std@@@std@@@3@@std@@YAPAV?$vector@GV?$allocator@G@std@@@0@Vconst_iterator@?$vector@V?$vector@GV?$allocator@G@std@@@std@@V?$allocator@V?$vector@GV?$allocator@G@std@@@std@@@2@@0@0PAV10@AAV?$allocator@V?$vector@GV?$allocator@G@std@@@std@@@0@@Z 1005c610 f i BattleDialogs.obj
 0002:0001a690       ??$_Uninitialized_copy@Vconst_iterator@?$vector@GV?$allocator@G@std@@@std@@PAGV?$allocator@G@3@@std@@YAPAGVconst_iterator@?$vector@GV?$allocator@G@std@@@0@0PAGAAV?$allocator@G@0@@Z 1005c690 f i BattleDialogs.obj
 0002:0001a710       ??$_Destroy_range@VCUpgCategory@@V?$allocator@VCUpgCategory@@@std@@@std@@YAXPAVCUpgCategory@@0AAV?$allocator@VCUpgCategory@@@0@U_Nonscalar_ptr_iterator_tag@0@@Z 1005c710 f i BattleDialogs.obj
 0002:0001a780       ??$copy@PAGPAG@std@@YAPAGPAG00@Z 1005c780 f i BattleDialogs.obj
 0002:0001a800       ?construct@?$allocator@V?$vector@GV?$allocator@G@std@@@std@@@std@@QAEXPAV?$vector@GV?$allocator@G@std@@@2@ABV32@@Z 1005c800 f i BattleDialogs.obj
 0002:0001a860       ?destroy@?$allocator@V?$vector@GV?$allocator@G@std@@@std@@@std@@QAEXPAV?$vector@GV?$allocator@G@std@@@2@@Z 1005c860 f i BattleDialogs.obj
 0002:0001a8c0       ?construct@?$allocator@VCUpgCategory@@@std@@QAEXPAVCUpgCategory@@ABV3@@Z 1005c8c0 f i BattleDialogs.obj
 0002:0001a920       ?destroy@?$allocator@VCUpgCategory@@@std@@QAEXPAVCUpgCategory@@@Z 1005c920 f i BattleDialogs.obj
 0002:0001a980       ??$_Ptr_cat@Viterator@?$vector@GV?$allocator@G@std@@@std@@PAG@std@@YA?AU_Nonscalar_ptr_iterator_tag@0@AAViterator@?$vector@GV?$allocator@G@std@@@0@AAPAG@Z 1005c980 f i BattleDialogs.obj
 0002:0001a9f0       ??$_Uninit_copy@Viterator@?$vector@GV?$allocator@G@std@@@std@@PAGV?$allocator@G@3@@std@@YAPAGViterator@?$vector@GV?$allocator@G@std@@@0@0PAGAAV?$allocator@G@0@U_Nonscalar_ptr_iterator_tag@0@@Z 1005c9f0 f i BattleDialogs.obj
 0002:0001ab20       ??$_Ptr_cat@Viterator@?$vector@FV?$allocator@F@std@@@std@@PAF@std@@YA?AU_Nonscalar_ptr_iterator_tag@0@AAViterator@?$vector@FV?$allocator@F@std@@@0@AAPAF@Z 1005cb20 f i BattleDialogs.obj
 0002:0001ab90       ??$_Uninit_copy@Viterator@?$vector@FV?$allocator@F@std@@@std@@PAFV?$allocator@F@3@@std@@YAPAFViterator@?$vector@FV?$allocator@F@std@@@0@0PAFAAV?$allocator@F@0@U_Nonscalar_ptr_iterator_tag@0@@Z 1005cb90 f i BattleDialogs.obj
 0002:0001acc0       ??$_Ptr_cat@Viterator@?$vector@EV?$allocator@E@std@@@std@@PAE@std@@YA?AU_Nonscalar_ptr_iterator_tag@0@AAViterator@?$vector@EV?$allocator@E@std@@@0@AAPAE@Z 1005ccc0 f i BattleDialogs.obj
 0002:0001ad30       ??$_Uninit_copy@Viterator@?$vector@EV?$allocator@E@std@@@std@@PAEV?$allocator@E@3@@std@@YAPAEViterator@?$vector@EV?$allocator@E@std@@@0@0PAEAAV?$allocator@E@0@U_Nonscalar_ptr_iterator_tag@0@@Z 1005cd30 f i BattleDialogs.obj
 0002:0001ae60       ??$fill_n@PAGIG@std@@YAXPAGIABG@Z 1005ce60 f i BattleDialogs.obj
 0002:0001aec0       ??$_Uninit_copy@PAV?$vector@GV?$allocator@G@std@@@std@@PAV12@V?$allocator@V?$vector@GV?$allocator@G@std@@@std@@@2@@std@@YAPAV?$vector@GV?$allocator@G@std@@@0@PAV10@00AAV?$allocator@V?$vector@GV?$allocator@G@std@@@std@@@0@U_Nonscalar_ptr_iterator_tag@0@@Z 1005cec0 f i BattleDialogs.obj
 0002:0001afc0       ??$_Uninit_copy@GG@std@@YAPAGPAG00AAV?$allocator@G@0@U_Scalar_ptr_iterator_tag@0@@Z 1005cfc0 f i BattleDialogs.obj
 0002:0001b030       ??$_Uninit_copy@PAVCUpgCategory@@PAV1@V?$allocator@VCUpgCategory@@@std@@@std@@YAPAVCUpgCategory@@PAV1@00AAV?$allocator@VCUpgCategory@@@0@U_Nonscalar_ptr_iterator_tag@0@@Z 1005d030 f i BattleDialogs.obj
 0002:0001b130       ??$_Ptr_cat@Vconst_iterator@?$vector@V?$vector@GV?$allocator@G@std@@@std@@V?$allocator@V?$vector@GV?$allocator@G@std@@@std@@@2@@std@@PAV?$vector@GV?$allocator@G@std@@@3@@std@@YA?AU_Nonscalar_ptr_iterator_tag@0@AAVconst_iterator@?$vector@V?$vector@GV?$allocator@G@std@@@std@@V?$allocator@V?$vector@GV?$allocator@G@std@@@std@@@2@@0@AAPAV?$vector@GV?$allocator@G@std@@@0@@Z 1005d130 f i BattleDialogs.obj
 0002:0001b1a0       ??$_Uninit_copy@Vconst_iterator@?$vector@V?$vector@GV?$allocator@G@std@@@std@@V?$allocator@V?$vector@GV?$allocator@G@std@@@std@@@2@@std@@PAV?$vector@GV?$allocator@G@std@@@3@V?$allocator@V?$vector@GV?$allocator@G@std@@@std@@@3@@std@@YAPAV?$vector@GV?$allocator@G@std@@@0@Vconst_iterator@?$vector@V?$vector@GV?$allocator@G@std@@@std@@V?$allocator@V?$vector@GV?$allocator@G@std@@@std@@@2@@0@0PAV10@AAV?$allocator@V?$vector@GV?$allocator@G@std@@@std@@@0@U_Nonscalar_ptr_iterator_tag@0@@Z 1005d1a0 f i BattleDialogs.obj
 0002:0001b2d0       ??$_Ptr_cat@Vconst_iterator@?$vector@GV?$allocator@G@std@@@std@@PAG@std@@YA?AU_Nonscalar_ptr_iterator_tag@0@AAVconst_iterator@?$vector@GV?$allocator@G@std@@@0@AAPAG@Z 1005d2d0 f i BattleDialogs.obj
 0002:0001b340       ??$_Uninit_copy@Vconst_iterator@?$vector@GV?$allocator@G@std@@@std@@PAGV?$allocator@G@3@@std@@YAPAGVconst_iterator@?$vector@GV?$allocator@G@std@@@0@0PAGAAV?$allocator@G@0@U_Nonscalar_ptr_iterator_tag@0@@Z 1005d340 f i BattleDialogs.obj
 0002:0001b470       ??$_Copy_opt@PAGPAG@std@@YAPAGPAG00U_Scalar_ptr_iterator_tag@0@@Z 1005d470 f i BattleDialogs.obj
 0002:0001b4e0       ??$_Construct@V?$vector@GV?$allocator@G@std@@@std@@V12@@std@@YAXPAV?$vector@GV?$allocator@G@std@@@0@ABV10@@Z 1005d4e0 f i BattleDialogs.obj
 0002:0001b5c0       ??2@YAPAXIPAX@Z            1005d5c0 f i BattleDialogs.obj
 0002:0001b600       ??3@YAXPAX0@Z              1005d600 f i BattleDialogs.obj
 0002:0001b630       ??$_Destroy@V?$vector@GV?$allocator@G@std@@@std@@@std@@YAXPAV?$vector@GV?$allocator@G@std@@@0@@Z 1005d630 f i BattleDialogs.obj
 0002:0001b680       ??$_Construct@VCUpgCategory@@V1@@std@@YAXPAVCUpgCategory@@ABV1@@Z 1005d680 f i BattleDialogs.obj
 0002:0001b760       ??$_Destroy@VCUpgCategory@@@std@@YAXPAVCUpgCategory@@@Z 1005d760 f i BattleDialogs.obj
 0002:0001b7b0       ??_G?$vector@GV?$allocator@G@std@@@std@@QAEPAXI@Z 1005d7b0 f i BattleDialogs.obj
 0002:0001b820       ??_GCUpgCategory@@QAEPAXI@Z 1005d820 f i BattleDialogs.obj
 0002:0001b890       ?construct@?$allocator@G@std@@QAEXPAGABG@Z 1005d890 f i BattleDialogs.obj
 0002:0001b8f0       ?destroy@?$allocator@G@std@@QAEXPAG@Z 1005d8f0 f i BattleDialogs.obj
 0002:0001b950       ?construct@?$allocator@F@std@@QAEXPAFABF@Z 1005d950 f i BattleDialogs.obj
 0002:0001b9b0       ?destroy@?$allocator@F@std@@QAEXPAF@Z 1005d9b0 f i BattleDialogs.obj
 0002:0001ba10       ?construct@?$allocator@E@std@@QAEXPAEABE@Z 1005da10 f i BattleDialogs.obj
 0002:0001ba70       ?destroy@?$allocator@E@std@@QAEXPAE@Z 1005da70 f i BattleDialogs.obj
 0002:0001bad0       ??Econst_iterator@?$vector@V?$vector@GV?$allocator@G@std@@@std@@V?$allocator@V?$vector@GV?$allocator@G@std@@@std@@@2@@std@@QAEAAV012@XZ 1005dad0 f i BattleDialogs.obj
 0002:0001bb20       ??Econst_iterator@?$vector@GV?$allocator@G@std@@@std@@QAEAAV012@XZ 1005db20 f i BattleDialogs.obj
 0002:0001bb70       ??Eiterator@?$vector@FV?$allocator@F@std@@@std@@QAEAAV012@XZ 1005db70 f i BattleDialogs.obj
 0002:0001bbc0       ??9const_iterator@?$vector@FV?$allocator@F@std@@@std@@QBE_NABV012@@Z 1005dbc0 f i BattleDialogs.obj
 0002:0001bc20       ??Eiterator@?$vector@EV?$allocator@E@std@@@std@@QAEAAV012@XZ 1005dc20 f i BattleDialogs.obj
 0002:0001bc70       ??9const_iterator@?$vector@EV?$allocator@E@std@@@std@@QBE_NABV012@@Z 1005dc70 f i BattleDialogs.obj
 0002:0001bcd0       ??8const_iterator@?$vector@FV?$allocator@F@std@@@std@@QBE_NABV012@@Z 1005dcd0 f i BattleDialogs.obj
 0002:0001bd20       ??8const_iterator@?$vector@EV?$allocator@E@std@@@std@@QBE_NABV012@@Z 1005dd20 f i BattleDialogs.obj
 0002:0001bd70       ??$_Construct@GG@std@@YAXPAGABG@Z 1005dd70 f i BattleDialogs.obj
 0002:0001be10       ??$_Destroy@G@std@@YAXPAG@Z 1005de10 f i BattleDialogs.obj
 0002:0001be40       ??$_Construct@FF@std@@YAXPAFABF@Z 1005de40 f i BattleDialogs.obj
 0002:0001bee0       ??$_Destroy@F@std@@YAXPAF@Z 1005dee0 f i BattleDialogs.obj
 0002:0001bf10       ??$_Construct@EE@std@@YAXPAEABE@Z 1005df10 f i BattleDialogs.obj
 0002:0001bfb0       ??$_Destroy@E@std@@YAXPAE@Z 1005dfb0 f i BattleDialogs.obj
 0002:0001bfe0       ??0CityzenType@@QAE@XZ     1005dfe0 f   CityPopulation.obj
 0002:0001c180       ??1CityzenType@@QAE@XZ     1005e180 f   CityPopulation.obj
 0002:0001c240       ?Load@CityzenType@@QAEXPAVxmlQuote@@@Z 1005e240 f   CityPopulation.obj
 0002:0001c7f0       ??0BildType@@QAE@XZ        1005e7f0 f   CityPopulation.obj
 0002:0001c8b0       ??1BildType@@QAE@XZ        1005e8b0 f   CityPopulation.obj
 0002:0001c960       ?Load@BildType@@QAEXPAVxmlQuote@@@Z 1005e960 f   CityPopulation.obj
 0002:0001cbf0       ??0Cityzen@@QAE@XZ         1005ebf0 f   CityPopulation.obj
 0002:0001ccf0       ??1Cityzen@@QAE@XZ         1005ecf0 f   CityPopulation.obj
 0002:0001cd60       ?Process@Cityzen@@QAEXXZ   1005ed60 f   CityPopulation.obj
 0002:0001d130       ?ExecuteActions@Cityzen@@QAEXH@Z 1005f130 f   CityPopulation.obj
 0002:0001d4d0       ?GetSweetHomeIndex@Cityzen@@QAEHXZ 1005f4d0 f   CityPopulation.obj
 0002:0001d770       ?GetRandActions@Cityzen@@QAEHXZ 1005f770 f   CityPopulation.obj
 0002:0001d8b0       ?SetMeeting@Cityzen@@QAEXXZ 1005f8b0 f   CityPopulation.obj
 0002:0001dc60       ??0CityBild@@QAE@XZ        1005fc60 f   CityPopulation.obj
 0002:0001dd20       ??1CityBild@@QAE@XZ        1005fd20 f   CityPopulation.obj
 0002:0001dd90       ?Process@CityBild@@QAEXXZ  1005fd90 f   CityPopulation.obj
 0002:0001e020       ??0CityPopulation@@QAE@XZ  10060020 f   CityPopulation.obj
 0002:0001e070       ??1CityPopulation@@QAE@XZ  10060070 f   CityPopulation.obj
 0002:0001e0c0       ?Process@CityPopulation@@QAEXXZ 100600c0 f   CityPopulation.obj
 0002:0001e310       ??_GCityzen@@QAEPAXI@Z     10060310 f i CityPopulation.obj
 0002:0001e380       ?LoadFromFile@CityPopulation@@QAEXPAD@Z 10060380 f   CityPopulation.obj
 0002:0001eaa0       ?GetCityzenTypeIndexByName@CityPopulation@@QAEHPBD@Z 10060aa0 f   CityPopulation.obj
 0002:0001eb70       ?GetBildTypeIndexByName@CityPopulation@@QAEHPBD@Z 10060b70 f   CityPopulation.obj
 0002:0001ec40       ?GetUnitTypeIndex@CityPopulation@@QAEHPBDPAUGAMEOBJ@@@Z 10060c40 f   CityPopulation.obj
 0002:0001ed80       ?Init@CityPopulation@@QAEXXZ 10060d80 f   CityPopulation.obj
 0002:0001ede0       ?ResearchMap@CityPopulation@@QAEXXZ 10060de0 f   CityPopulation.obj
 0002:0001f110       ?Clear@CityPopulation@@QAEXXZ 10061110 f   CityPopulation.obj
 0002:0001f4a0       ??_GCityzenType@@QAEPAXI@Z 100614a0 f i CityPopulation.obj
 0002:0001f510       ??_GBildType@@QAEPAXI@Z    10061510 f i CityPopulation.obj
 0002:0001f580       ??_GCityBild@@QAEPAXI@Z    10061580 f i CityPopulation.obj
 0002:0001f5f0       ?BirthCallback@CityPopulation@@SAHH@Z 100615f0 f   CityPopulation.obj
 0002:0001f830       ??0?$DynArray@H$0CA@@@QAE@XZ 10061830 f i CityPopulation.obj
 0002:0001f890       ??1?$DynArray@H$0CA@@@QAE@XZ 10061890 f i CityPopulation.obj
 0002:0001f8e0       ?Add@?$DynArray@H$0CA@@@QAEHABH@Z 100618e0 f i CityPopulation.obj
 0002:0001f980       ??A?$DynArray@H$0CA@@@QAEAAHH@Z 10061980 f i CityPopulation.obj
 0002:0001fa30       ?GetAmount@?$DynArray@H$0CA@@@QBEHXZ 10061a30 f i CityPopulation.obj
 0002:0001fa70       ?Clear@?$DynArray@H$0CA@@@QAEXXZ 10061a70 f i CityPopulation.obj
 0002:0001fb10       ??0?$DynArray@USComeIn@@$0CA@@@QAE@XZ 10061b10 f i CityPopulation.obj
 0002:0001fb70       ??1?$DynArray@USComeIn@@$0CA@@@QAE@XZ 10061b70 f i CityPopulation.obj
 0002:0001fbc0       ?Add@?$DynArray@USComeIn@@$0CA@@@QAEHABUSComeIn@@@Z 10061bc0 f i CityPopulation.obj
 0002:0001fc70       ??A?$DynArray@USComeIn@@$0CA@@@QAEAAUSComeIn@@H@Z 10061c70 f i CityPopulation.obj
 0002:0001fd20       ?GetAmount@?$DynArray@USComeIn@@$0CA@@@QBEHXZ 10061d20 f i CityPopulation.obj
 0002:0001fd60       ??0?$DynArray@USBorn@@$0CA@@@QAE@XZ 10061d60 f i CityPopulation.obj
 0002:0001fdc0       ??1?$DynArray@USBorn@@$0CA@@@QAE@XZ 10061dc0 f i CityPopulation.obj
 0002:0001fe10       ?Add@?$DynArray@USBorn@@$0CA@@@QAEHABUSBorn@@@Z 10061e10 f i CityPopulation.obj
 0002:0001fec0       ??A?$DynArray@USBorn@@$0CA@@@QAEAAUSBorn@@H@Z 10061ec0 f i CityPopulation.obj
 0002:0001ff70       ?GetAmount@?$DynArray@USBorn@@$0CA@@@QBEHXZ 10061f70 f i CityPopulation.obj
 0002:0001ffb0       ?Add@?$DynArray@PAVCityzenType@@$0CA@@@QAEHABQAVCityzenType@@@Z 10061fb0 f i CityPopulation.obj
 0002:00020050       ??A?$DynArray@PAVCityzenType@@$0CA@@@QAEAAPAVCityzenType@@H@Z 10062050 f i CityPopulation.obj
 0002:00020100       ?GetAmount@?$DynArray@PAVCityzenType@@$0CA@@@QBEHXZ 10062100 f i CityPopulation.obj
 0002:00020140       ?Clear@?$DynArray@PAVCityzenType@@$0CA@@@QAEXXZ 10062140 f i CityPopulation.obj
 0002:000201e0       ?Add@?$DynArray@PAVBildType@@$0CA@@@QAEHABQAVBildType@@@Z 100621e0 f i CityPopulation.obj
 0002:00020280       ??A?$DynArray@PAVBildType@@$0CA@@@QAEAAPAVBildType@@H@Z 10062280 f i CityPopulation.obj
 0002:00020330       ?GetAmount@?$DynArray@PAVBildType@@$0CA@@@QBEHXZ 10062330 f i CityPopulation.obj
 0002:00020370       ?Clear@?$DynArray@PAVBildType@@$0CA@@@QAEXXZ 10062370 f i CityPopulation.obj
 0002:00020410       ?Add@?$DynArray@PAVCityBild@@$0CA@@@QAEHABQAVCityBild@@@Z 10062410 f i CityPopulation.obj
 0002:000204b0       ??A?$DynArray@PAVCityBild@@$0CA@@@QAEAAPAVCityBild@@H@Z 100624b0 f i CityPopulation.obj
 0002:00020560       ?GetAmount@?$DynArray@PAVCityBild@@$0CA@@@QBEHXZ 10062560 f i CityPopulation.obj
 0002:000205a0       ?Clear@?$DynArray@PAVCityBild@@$0CA@@@QAEXXZ 100625a0 f i CityPopulation.obj
 0002:00020640       ?Add@?$DynArray@PAVCityzen@@$0CA@@@QAEHABQAVCityzen@@@Z 10062640 f i CityPopulation.obj
 0002:000206e0       ?Del@?$DynArray@PAVCityzen@@$0CA@@@QAEXHH@Z 100626e0 f i CityPopulation.obj
 0002:000207f0       ??A?$DynArray@PAVCityzen@@$0CA@@@QAEAAPAVCityzen@@H@Z 100627f0 f i CityPopulation.obj
 0002:000208a0       ?GetAmount@?$DynArray@PAVCityzen@@$0CA@@@QBEHXZ 100628a0 f i CityPopulation.obj
 0002:000208e0       ?Clear@?$DynArray@PAVCityzen@@$0CA@@@QAEXXZ 100628e0 f i CityPopulation.obj
 0002:00020980       ??0?$DynArray@G$0CA@@@QAE@XZ 10062980 f i CityPopulation.obj
 0002:000209e0       ??1?$DynArray@G$0CA@@@QAE@XZ 100629e0 f i CityPopulation.obj
 0002:00020a30       ?Add@?$DynArray@G$0CA@@@QAEHABG@Z 10062a30 f i CityPopulation.obj
 0002:00020ad0       ??A?$DynArray@G$0CA@@@QAEAAGH@Z 10062ad0 f i CityPopulation.obj
 0002:00020b80       ?GetAmount@?$DynArray@G$0CA@@@QBEHXZ 10062b80 f i CityPopulation.obj
 0002:00020bc0       ?Check@?$DynArray@H$0CA@@@QAEXH@Z 10062bc0 f i CityPopulation.obj
 0002:00020cd0       ?Check@?$DynArray@USComeIn@@$0CA@@@QAEXH@Z 10062cd0 f i CityPopulation.obj
 0002:00020de0       ?Clear@?$DynArray@USComeIn@@$0CA@@@QAEXXZ 10062de0 f i CityPopulation.obj
 0002:00020e80       ?Check@?$DynArray@USBorn@@$0CA@@@QAEXH@Z 10062e80 f i CityPopulation.obj
 0002:00020f90       ?Clear@?$DynArray@USBorn@@$0CA@@@QAEXXZ 10062f90 f i CityPopulation.obj
 0002:00021030       ?Check@?$DynArray@PAVCityzenType@@$0CA@@@QAEXH@Z 10063030 f i CityPopulation.obj
 0002:00021140       ?Check@?$DynArray@PAVBildType@@$0CA@@@QAEXH@Z 10063140 f i CityPopulation.obj
 0002:00021250       ?Check@?$DynArray@PAVCityBild@@$0CA@@@QAEXH@Z 10063250 f i CityPopulation.obj
 0002:00021360       ?Check@?$DynArray@PAVCityzen@@$0CA@@@QAEXH@Z 10063360 f i CityPopulation.obj
 0002:00021470       ?Check@?$DynArray@G$0CA@@@QAEXH@Z 10063470 f i CityPopulation.obj
 0002:00021580       ?Clear@?$DynArray@G$0CA@@@QAEXXZ 10063580 f i CityPopulation.obj
 0002:00021620       ??0?$DynArray@PAVCityzenType@@$0CA@@@QAE@XZ 10063620 f i CityPopulation.obj
 0002:00021680       ??0?$DynArray@PAVBildType@@$0CA@@@QAE@XZ 10063680 f i CityPopulation.obj
 0002:000216e0       ??0?$DynArray@PAVCityBild@@$0CA@@@QAE@XZ 100636e0 f i CityPopulation.obj
 0002:00021740       ??0?$DynArray@PAVCityzen@@$0CA@@@QAE@XZ 10063740 f i CityPopulation.obj
 0002:000217a0       ??1?$DynArray@PAVCityzenType@@$0CA@@@QAE@XZ 100637a0 f i CityPopulation.obj
 0002:000217f0       ??1?$DynArray@PAVBildType@@$0CA@@@QAE@XZ 100637f0 f i CityPopulation.obj
 0002:00021840       ??1?$DynArray@PAVCityBild@@$0CA@@@QAE@XZ 10063840 f i CityPopulation.obj
 0002:00021890       ??1?$DynArray@PAVCityzen@@$0CA@@@QAE@XZ 10063890 f i CityPopulation.obj
 0002:000218e0       ?InitThisTribe2@DIP_SimpleBuilding@@UAEXPAD000@Z 100638e0 f   DIP_SimpleBuilding.obj
 0002:00021a70       ?InitThisTribe@DIP_SimpleBuilding@@UAEXPAD00@Z 10063a70 f   DIP_SimpleBuilding.obj
 0002:00023aa0       ??0SettlementInfo@@QAE@XZ  10065aa0 f i DIP_SimpleBuilding.obj
 0002:00023c50       ??0GroupExInfo@@QAE@XZ     10065c50 f i DIP_SimpleBuilding.obj
 0002:00023cd0       ?GetClassNameA@GroupExInfo@@UAEPBDXZ 10065cd0 f i DIP_SimpleBuilding.obj
 0002:00023d10       ?CheckDirectCasting@GroupExInfo@@UAE_NXZ 10065d10 f i DIP_SimpleBuilding.obj
 0002:00023d50       ?new_element@GroupExInfo@@UAEPAVBaseClass@@XZ 10065d50 f i DIP_SimpleBuilding.obj
 0002:00023f50       ?GetClassStorage@GroupExInfo@@UAEPAVOneClassStorage@@XZ 10065f50 f i DIP_SimpleBuilding.obj
 0002:00023ff0       ?RegisterMembers@GroupExInfo@@UAEXXZ 10065ff0 f i DIP_SimpleBuilding.obj
 0002:00024200       ??_GGroupExInfo@@UAEPAXI@Z 10066200 f i DIP_SimpleBuilding.obj
 0002:00024200       ??_EGroupExInfo@@UAEPAXI@Z 10066200 f i DIP_SimpleBuilding.obj
 0002:00024270       ??1GroupExInfo@@UAE@XZ     10066270 f i DIP_SimpleBuilding.obj
 0002:000242d0       ?GetClassNameA@SettlementInfo@@UAEPBDXZ 100662d0 f i DIP_SimpleBuilding.obj
 0002:00024310       ?CheckDirectCasting@SettlementInfo@@UAE_NXZ 10066310 f i DIP_SimpleBuilding.obj
 0002:00024350       ?new_element@SettlementInfo@@UAEPAVBaseClass@@XZ 10066350 f i DIP_SimpleBuilding.obj
 0002:00024550       ?GetClassStorage@SettlementInfo@@UAEPAVOneClassStorage@@XZ 10066550 f i DIP_SimpleBuilding.obj
 0002:000245f0       ?RegisterMembers@SettlementInfo@@UAEXXZ 100665f0 f i DIP_SimpleBuilding.obj
 0002:000256e0       ??_G_BYTE@@UAEPAXI@Z       100676e0 f i DIP_SimpleBuilding.obj
 0002:000256e0       ??_E_BYTE@@UAEPAXI@Z       100676e0 f i DIP_SimpleBuilding.obj
 0002:00025760       ??_ESettlementInfo@@UAEPAXI@Z 10067760 f i DIP_SimpleBuilding.obj
 0002:00025760       ??_GSettlementInfo@@UAEPAXI@Z 10067760 f i DIP_SimpleBuilding.obj
 0002:000257d0       ??0UpgArray@SettlementInfo@@QAE@XZ 100677d0 f i DIP_SimpleBuilding.obj
 0002:00025830       ?GetExpansionRules@UpgArray@SettlementInfo@@UAEHXZ 10067830 f i DIP_SimpleBuilding.obj
 0002:00025870       ??1UpgArray@SettlementInfo@@UAE@XZ 10067870 f i DIP_SimpleBuilding.obj
 0002:000258c0       ??1SettlementInfo@@UAE@XZ  100678c0 f i DIP_SimpleBuilding.obj
 0002:00025a50       ??_EUpgArray@SettlementInfo@@UAEPAXI@Z 10067a50 f i DIP_SimpleBuilding.obj
 0002:00025a50       ??_GUpgArray@SettlementInfo@@UAEPAXI@Z 10067a50 f i DIP_SimpleBuilding.obj
 0002:00025ac0       ?GetAmountOfPropositions@DIP_SimpleBuilding@@UAEHXZ 10067ac0 f   DIP_SimpleBuilding.obj
 0002:00025b00       ?GetPossibility@DIP_SimpleBuilding@@UAEKHPAD0@Z 10067b00 f   DIP_SimpleBuilding.obj
 0002:00025bd0       ?PerformPossibility@DIP_SimpleBuilding@@UAEXK@Z 10067bd0 f   DIP_SimpleBuilding.obj
 0002:00025ff0       ?PerformCommand@DIP_SimpleBuilding@@UAEXPADH@Z 10067ff0 f   DIP_SimpleBuilding.obj
 0002:00027b50       ?PerformProduceUnitsCommend@DIP_SimpleBuilding@@QAEXXZ 10069b50 f   DIP_SimpleBuilding.obj
 0002:00027e40       ?PerformStorms@DIP_SimpleBuilding@@QAEXXZ 10069e40 f   DIP_SimpleBuilding.obj
 0002:00028150       ?PerformKillers@DIP_SimpleBuilding@@QAEXXZ 1006a150 f   DIP_SimpleBuilding.obj
 0002:00028460       ?PerformTomahawks@DIP_SimpleBuilding@@QAEXXZ 1006a460 f   DIP_SimpleBuilding.obj
 0002:00028780       ?PerformFiring@DIP_SimpleBuilding@@QAEXXZ 1006a780 f   DIP_SimpleBuilding.obj
 0002:00028a90       ?PerformRazvedka@DIP_SimpleBuilding@@QAEXXZ 1006aa90 f   DIP_SimpleBuilding.obj
 0002:00028e20       ?ProcessTribe@DIP_SimpleBuilding@@UAEXXZ 1006ae20 f   DIP_SimpleBuilding.obj
 0002:0002cf80       ?InsertUnitToGroup@@YAHPAUGAMEOBJ@@H@Z 1006ef80 f i DIP_SimpleBuilding.obj
 0002:0002cff0       ?CreateAbilityPage@DIP_SimpleBuilding@@QAEXXZ 1006eff0 f   DIP_SimpleBuilding.obj
 0002:0002d8d0       ?CreateRadialPosition@@YAXPAH0HHHHH@Z 1006f8d0 f   DIP_SimpleBuilding.obj
 0002:0002d9f0       ?ProcessDance@DIP_SimpleBuilding@@QAEXXZ 1006f9f0 f   DIP_SimpleBuilding.obj
 0002:0002e030       ?ShowNoMoney@DIP_SimpleBuilding@@QAEXXZ 10070030 f   DIP_SimpleBuilding.obj
 0002:0002e2c0       ?GetSaveData@DIP_SimpleBuilding@@UAEHPAE_N@Z 100702c0 f   DIP_SimpleBuilding.obj
 0002:0002e660       ?SetSaveData@DIP_SimpleBuilding@@UAEXPAEH@Z 10070660 f   DIP_SimpleBuilding.obj
 0002:0002e9b0       ?Init@DIP_SimpleBuilding@@UAEXXZ 100709b0 f   DIP_SimpleBuilding.obj
 0002:0002ea70       ?Free@DIP_SimpleBuilding@@UAEXXZ 10070a70 f   DIP_SimpleBuilding.obj
 0002:0002eb00       ?CheckDipBuilding@@YAXEH@Z 10070b00 f   DIP_SimpleBuilding.obj
 0002:0002ec10       ?DrawSettlementInterface@DIP_SimpleBuilding@@QAEXHHHHHH@Z 10070c10 f   DIP_SimpleBuilding.obj
 0002:0002efe0       ?Init@DipCaravan@@QAEXG@Z  10070fe0 f   DIP_SimpleBuilding.obj
 0002:0002f040       ?isEmpty@DipCaravan@@QAE_NXZ 10071040 f   DIP_SimpleBuilding.obj
 0002:0002f0d0       ?isFree@DipCaravan@@QAE_NXZ 100710d0 f   DIP_SimpleBuilding.obj
 0002:0002f2f0       ?Run@DipCaravan@@QAE_NEH@Z 100712f0 f   DIP_SimpleBuilding.obj
 0002:0002f380       ?Process@DipCaravan@@QAEXXZ 10071380 f   DIP_SimpleBuilding.obj
 0002:0002ff10       ?Init@SetlUpgrade@@QAEXHHPAVDString@@@Z 10071f10 f   DIP_SimpleBuilding.obj
 0002:00030430       ?Process@SetlUpgrade@@QAEXXZ 10072430 f   DIP_SimpleBuilding.obj
 0002:00030590       ?Draw@SetlUpgrade@@QAEXXZ  10072590 f   DIP_SimpleBuilding.obj
 0002:00030820       ?GetSUBorderFileID@@YAHXZ  10072820 f   DIP_SimpleBuilding.obj
 0002:000308a0       ?RunSetlUpgrade@@YA_NPAVSimpleDialog@@@Z 100728a0 f   DIP_SimpleBuilding.obj
 0002:00030920       ?NullClick@@YA_NPAVSimpleDialog@@@Z 10072920 f   DIP_SimpleBuilding.obj
 0002:00030980       ?Draw@SetlUpgrade@@QAEXPAVDialogsSystem@@HH@Z 10072980 f   DIP_SimpleBuilding.obj
 0002:00030e30       ?Run@SetlUpgrade@@QAE_NXZ  10072e30 f   DIP_SimpleBuilding.obj
 0002:00031050       ?DrawSetlUpgrade@@YAXGPAVDialogsSystem@@HH@Z 10073050 f   DIP_SimpleBuilding.obj
 0002:000310c0       ?DrawSetlUpg@DIP_SimpleBuilding@@QAEXPAVDialogsSystem@@HH@Z 100730c0 f   DIP_SimpleBuilding.obj
 0002:00031170       ?Init@SetlOneBrigAbilka@@QAEXH@Z 10073170 f   DIP_SimpleBuilding.obj
 0002:000311c0       ?Draw@SetlOneBrigAbilka@@QAEXXZ 100731c0 f   DIP_SimpleBuilding.obj
 0002:00031350       ?RegisterTribe@@YA_NPAUGAMEOBJ@@PAD@Z 10073350 f   DIP_SimpleBuilding.obj
 0002:00031420       ?GetTribeOwner@@YAEPAUGAMEOBJ@@@Z 10073420 f   DIP_SimpleBuilding.obj
 0002:00031490       ?GetNTribes@@YAGXZ         10073490 f   DIP_SimpleBuilding.obj
 0002:000314d0       ?GetNTribes@@YAGE@Z        100734d0 f   DIP_SimpleBuilding.obj
 0002:00031560       ?GetTribeOwner@@YAEG@Z     10073560 f   DIP_SimpleBuilding.obj
 0002:000315c0       ?GetTribeBigZoneRadius@@YAHG@Z 100735c0 f   DIP_SimpleBuilding.obj
 0002:00031690       ?GetTribeOwner@@YAEPAD@Z   10073690 f   DIP_SimpleBuilding.obj
 0002:00031740       ?GetTribeCenter@@YA_NGAAH0@Z 10073740 f   DIP_SimpleBuilding.obj
 0002:000317c0       ?GetTribeID@@YAGPAVOneObject@@@Z 100737c0 f   DIP_SimpleBuilding.obj
 0002:000318d0       ?SetTribeOwner@@YA_NGE@Z   100738d0 f   DIP_SimpleBuilding.obj
 0002:00031930       ?GetTribeGoods@@YAXGAAE00@Z 10073930 f   DIP_SimpleBuilding.obj
 0002:00031a50       ?GetTotalAmount@@YAHPAUGAMEOBJ@@@Z 10073a50 f i DIP_SimpleBuilding.obj
 0002:00031ab0       ?GetTribeDebugInfo@@YAXGAAH0@Z 10073ab0 f   DIP_SimpleBuilding.obj
 0002:00031b40       ?GetSetlFlagFileID@@YAHXZ  10073b40 f   DIP_SimpleBuilding.obj
 0002:00031b80       ?GetStorage@DIP_SimpleBuilding@@QAEPAVOneObject@@E@Z 10073b80 f   DIP_SimpleBuilding.obj
 0002:00031c50       ?GetMainObj@DIP_SimpleBuilding@@QAEPAVOneObject@@XZ 10073c50 f   DIP_SimpleBuilding.obj
 0002:00031d20       ?setlGetWorkers@DIP_SimpleBuilding@@QAEHE@Z 10073d20 f   DIP_SimpleBuilding.obj
 0002:00031de0       ?setlGetWorkersIntrf@DIP_SimpleBuilding@@QAEHE@Z 10073de0 f   DIP_SimpleBuilding.obj
 0002:00031ef0       ?setlGetWorkersFreePlacesIntrf@DIP_SimpleBuilding@@QAEHE@Z 10073ef0 f   DIP_SimpleBuilding.obj
 0002:00031f80       ?setlAddWorker@DIP_SimpleBuilding@@QAE_NEPAVOneObject@@@Z 10073f80 f   DIP_SimpleBuilding.obj
 0002:00032020       ?setlAddWorkerIntrf@DIP_SimpleBuilding@@QAE_NEPAVOneObject@@@Z 10074020 f   DIP_SimpleBuilding.obj
 0002:00032180       ?setlProcessCops@DIP_SimpleBuilding@@QAEXXZ 10074180 f   DIP_SimpleBuilding.obj
 0002:000321c0       ?setlFindNearStorages@DIP_SimpleBuilding@@QAEXXZ 100741c0 f   DIP_SimpleBuilding.obj
 0002:00032380       ?Save@DIP_SimpleBuilding@@QAEXPAVSettlementInfo@@@Z 10074380 f   DIP_SimpleBuilding.obj
 0002:00032700       ??4SetlUpgrade@@QAEAAV0@AAV0@@Z 10074700 f i DIP_SimpleBuilding.obj
 0002:000328b0       ??4BaseResources@@QAEAAV0@AAV0@@Z 100748b0 f i DIP_SimpleBuilding.obj
 0002:00032970       ?Load@DIP_SimpleBuilding@@QAEXPADPAVSettlementInfo@@@Z 10074970 f   DIP_SimpleBuilding.obj
 0002:000334a0       ?Load@SettlementInfo@@QAEXXZ 100754a0 f   DIP_SimpleBuilding.obj
 0002:000334e0       ?Save@SettlementInfo@@QAEXPAD@Z 100754e0 f   DIP_SimpleBuilding.obj
 0002:00033680       ?setlGetNDeffenders@DIP_SimpleBuilding@@QAEH_N@Z 10075680 f   DIP_SimpleBuilding.obj
 0002:00033760       ?SetUp@DIP_SimpleBuilding@@QAEXXZ 10075760 f   DIP_SimpleBuilding.obj
 0002:00033c30       ?GetCenter@DIP_SimpleBuilding@@QAEXAAH0@Z 10075c30 f   DIP_SimpleBuilding.obj
 0002:00033d00       ?vdf_GetAmountOfEnemySettlements@@YAHEH_NH@Z 10075d00 f   DIP_SimpleBuilding.obj
 0002:00033e60       ?vdf_GetAmountOfSettlements@@YAHEH_NH@Z 10075e60 f   DIP_SimpleBuilding.obj
 0002:00033f90       ?vdf_GetAmountOfPeasant@@YAHEH@Z 10075f90 f   DIP_SimpleBuilding.obj
 0002:00034080       ?vdf_RunUpgInSettlement@@YAHEHHHH@Z 10076080 f   DIP_SimpleBuilding.obj
 0002:000342a0       ?Clear@?$ClassArray@VSetlUpgrade@@@@QAEXXZ 100762a0 f i DIP_SimpleBuilding.obj
 0002:00034310       ??$reg_auto@V_str@@@@YAXPAVBaseClass@@AAV_str@@PBDPAXK@Z 10076310 f i DIP_SimpleBuilding.obj
 0002:00034510       ??_E_str@@UAEPAXI@Z        10076510 f i DIP_SimpleBuilding.obj
 0002:00034510       ??_G_str@@UAEPAXI@Z        10076510 f i DIP_SimpleBuilding.obj
 0002:00034590       ??$reg_class@V_str@@@@YAXPAV_str@@PAD@Z 10076590 f i DIP_SimpleBuilding.obj
 0002:00034850       ??$reg_class@VGroupExInfo@@@@YAXPAVGroupExInfo@@PAD@Z 10076850 f i DIP_SimpleBuilding.obj
 0002:00034b10       ??$reg_parent@VGroupExInfo@@@@YAXPAVBaseClass@@PAVGroupExInfo@@@Z 10076b10 f i DIP_SimpleBuilding.obj
 0002:00034f50       ??$reg_auto@VUpgArray@SettlementInfo@@@@YAXPAVBaseClass@@AAVUpgArray@SettlementInfo@@PBDPAXK@Z 10076f50 f i DIP_SimpleBuilding.obj
 0002:00035130       ??$reg_class@VUpgArray@SettlementInfo@@@@YAXPAVUpgArray@SettlementInfo@@PAD@Z 10077130 f i DIP_SimpleBuilding.obj
 0002:000353f0       ??$swap@G@std@@YAXAAG0@Z   100773f0 f i DIP_SimpleBuilding.obj
 0002:00035450       ?Add@?$DynArray@PAD$0CA@@@QAEHABQAD@Z 10077450 f i DIP_SimpleBuilding.obj
 0002:000354f0       ??A?$DynArray@PAD$0CA@@@QAEAAPADH@Z 100774f0 f i DIP_SimpleBuilding.obj
 0002:000355a0       ?GetAmount@?$DynArray@PAD$0CA@@@QBEHXZ 100775a0 f i DIP_SimpleBuilding.obj
 0002:000355e0       ?Check@?$DynArray@PAD$0CA@@@QAEXH@Z 100775e0 f i DIP_SimpleBuilding.obj
 0002:000356f0       ?ReadWinString@@YA_NPAVGFILE@@PADH@Z 100776f0 f   DipInit.obj
 0002:00035800       ??0DiplomacySystem@@QAE@XZ 10077800 f   DiplomacySystem.obj
 0002:000358e0       ?AddDipCenter@DiplomacySystem@@QAEGPAD000@Z 100778e0 f   DiplomacySystem.obj
 0002:00035ab0       ?SetCallBacks@DiplomacySystem@@QAEXXZ 10077ab0 f   DiplomacySystem.obj
 0002:00035b70       ?ResearchMap@DiplomacySystem@@QAEXXZ 10077b70 f   DiplomacySystem.obj
 0002:00036b40       ?PerformCommand@DiplomacySystem@@QAEXPADH@Z 10078b40 f   DiplomacySystem.obj
 0002:00036bf0       ?Norma@@YAHHH@Z            10078bf0 f   DiplomacySystem.obj
 0002:00036c60       ?SetZone@@YAXPAUGAMEOBJ@@HHH@Z 10078c60 f   DiplomacySystem.obj
 0002:00036cc0       ?SetAIForDiplo@@YA_NEHH@Z  10078cc0 f   DiplomacySystem.obj
 0002:00036d20       ?SetAI@DiplomacySystem@@QAE_NEHH@Z 10078d20 f   DiplomacySystem.obj
 0002:00036db0       ?GetFreezeDipSysProcess@@YA_NXZ 10078db0 f   DiplomacySystem.obj
 0002:00036df0       ?SetFreezeDipSysProcess@@YAX_N@Z 10078df0 f   DiplomacySystem.obj
 0002:00036e30       ?Process@DiplomacySystem@@QAEXXZ 10078e30 f   DiplomacySystem.obj
 0002:0003ca60       ?CreateContactsList@DiplomacySystem@@QAE_N_N@Z 1007ea60 f   DiplomacySystem.obj
 0002:0003ce30       ?AddWalker@DiplomacySystem@@QAEXG@Z 1007ee30 f   DiplomacySystem.obj
 0002:0003cfa0       ?AddCannon@DiplomacySystem@@QAEXPAUGAMEOBJ@@E@Z 1007efa0 f   DiplomacySystem.obj
 0002:0003d200       ?Cannon2Alex@DiplomacySystem@@QAEXPAUGAMEOBJ@@E@Z 1007f200 f   DiplomacySystem.obj
 0002:0003d3d0       ?AddStorm@DiplomacySystem@@QAEXPAUGAMEOBJ@@EH@Z 1007f3d0 f   DiplomacySystem.obj
 0002:0003d9c0       ?AddFirers@DiplomacySystem@@QAEXPAUGAMEOBJ@@E@Z 1007f9c0 f   DiplomacySystem.obj
 0002:0003dbd0       ?AddHealers@DiplomacySystem@@QAEXPAUGAMEOBJ@@E@Z 1007fbd0 f   DiplomacySystem.obj
 0002:0003dd40       ?AddKillers@DiplomacySystem@@QAEXPAUGAMEOBJ@@E_N@Z 1007fd40 f   DiplomacySystem.obj
 0002:0003df50       ?AddTomahawks@DiplomacySystem@@QAEXPAUGAMEOBJ@@EGHH@Z 1007ff50 f   DiplomacySystem.obj
 0002:0003dfe0       ?Cannon2Alex@@YAXPAUGAMEOBJ@@E@Z 1007ffe0 f   DiplomacySystem.obj
 0002:0003e040       ?AddStorm@@YAXPAUGAMEOBJ@@EH@Z 10080040 f   DiplomacySystem.obj
 0002:0003e0a0       ?AddCannon@@YAXPAUGAMEOBJ@@E@Z 100800a0 f   DiplomacySystem.obj
 0002:0003e100       ?AddTomahawks@@YAXPAUGAMEOBJ@@EGHH@Z 10080100 f   DiplomacySystem.obj
 0002:0003e170       ?AddFirers@@YAXPAUGAMEOBJ@@E@Z 10080170 f   DiplomacySystem.obj
 0002:0003e1d0       ?AddHealers@@YAXPAUGAMEOBJ@@E@Z 100801d0 f   DiplomacySystem.obj
 0002:0003e230       ?AddPsKillers@@YAXPAUGAMEOBJ@@E_N@Z 10080230 f   DiplomacySystem.obj
 0002:0003e290       ?AddNewZooGroup@DiplomacySystem@@QAEXPAUZooGroup@@@Z 10080290 f   DiplomacySystem.obj
 0002:0003e360       ?AddZooBirthZone@DiplomacySystem@@QAEXPAUZooBirthZone@@@Z 10080360 f   DiplomacySystem.obj
 0002:0003e430       ?AddAnimals@@YA_NPAUGAMEOBJ@@0@Z 10080430 f   DiplomacySystem.obj
 0002:0003e7e0       ?ProcessZoology@DiplomacySystem@@QAEXXZ 100807e0 f   DiplomacySystem.obj
 0002:0003fe00       ?GetDipSimpleBuildings@@YAXAAHAAPAPAVDIP_SimpleBuilding@@@Z 10081e00 f   DiplomacySystem.obj
 0002:0003fe50       ??0?$DynArray@UHealGroup@@$0CA@@@QAE@XZ 10081e50 f i DiplomacySystem.obj
 0002:0003feb0       ?Add@?$DynArray@UHealGroup@@$0CA@@@QAEHABUHealGroup@@@Z 10081eb0 f i DiplomacySystem.obj
 0002:0003ff50       ?GetAmount@?$DynArray@UHealGroup@@$0CA@@@QBEHXZ 10081f50 f i DiplomacySystem.obj
 0002:0003ff90       ?Check@?$DynArray@UHealGroup@@$0CA@@@QAEXH@Z 10081f90 f i DiplomacySystem.obj
 0002:000400a0       ?PerformDipCommand@@YAXPADH@Z 100820a0 f   DipMain.obj
 0002:00040120       ?SaveAllDipData@@YAXPAPAEPAH@Z 10082120 f   DipMain.obj
 0002:00040b10       ?FreeSaveDipData@@YAXPAE@Z 10082b10 f   DipMain.obj
 0002:00040b90       ?ClearAllDipData@@YAXXZ    10082b90 f   DipMain.obj
 0002:00040ea0       ?LoadAllDipData@@YAXPAEH@Z 10082ea0 f   DipMain.obj
 0002:00041680       ?InitDipForThisMap@@YAXXZ  10083680 f   DipMain.obj
 0002:000416e0       ?ProcessDipRelations@@YAXXZ 100836e0 f   DipMain.obj
 0002:00041850       ?HandleDipRequest@@YAXPADPAVParsedRQ@@1@Z 10083850 f   DipMain.obj
 0002:00041880       ?Handle_dipcomm@@YAXPADPAPADHPAVParsedRQ@@@Z 10083880 f   DipMain.obj
 0002:00042490       ??1DiplomacySystem@@QAE@XZ 10084490 f i DipMain.obj
 0002:000424f0       ??1?$DynArray@UHealGroup@@$0CA@@@QAE@XZ 100844f0 f i DipMain.obj
[...]
 0005:00001380       __imp_?GetElementPtr@BaseClass@@UAEPAXHPAX@Z 10276380     engine:engine.exe
 0005:00001384       __imp_?DelElement@BaseClass@@UAE_NH@Z 10276384     engine:engine.exe
 0005:00001388       __imp_?ExpandWith@BaseClass@@UAEHPBDPAX@Z 10276388     engine:engine.exe
 0005:0000138c       __imp_?GetExpansionRules@BaseClass@@UAEHXZ 1027638c     engine:engine.exe
 0005:00001390       __imp_?GetExpansionBaseClass@BaseClass@@UAEPBDXZ 10276390     engine:engine.exe
 0005:00001394       __imp_?MoveElement@BaseClass@@UAE_NHD@Z 10276394     engine:engine.exe
 0005:00001398       __imp_??4BaseClass@@QAEAAV0@AAV0@@Z 10276398     engine:engine.exe
 0005:0000139c       __imp_??0BaseClass@@QAE@ABV0@@Z 1027639c     engine:engine.exe
 0005:000013a0       __imp_??0BaseClass@@QAE@XZ 102763a0     engine:engine.exe
 0005:000013a4       __imp_??1BaseClass@@UAE@XZ 102763a4     engine:engine.exe
 0005:000013a8       __imp_?Save@BaseClass@@UAEXAAVxmlQuote@@PAX1@Z 102763a8     engine:engine.exe
 0005:000013ac       __imp_?Load@BaseClass@@UAE_NAAVxmlQuote@@PAXPAVErrorPager@@1@Z 102763ac     engine:engine.exe
 0005:000013b0       __imp_?RegisterMembers@BaseClass@@UAEXXZ 102763b0     engine:engine.exe
 0005:000013b4       __imp_?GetElementView@BaseClass@@UAEPBDHPBD@Z 102763b4     engine:engine.exe
 0005:000013b8       __imp_?GetThisElementView@BaseClass@@UAEPBDPBD@Z 102763b8     engine:engine.exe
 0005:000013bc       __imp_?GetElementExtraPtr@BaseClass@@UAEPAXH@Z 102763bc     engine:engine.exe
 0005:000013c0       __imp_?LoadPostProcess@BaseClass@@UAEXPAX0@Z 102763c0     engine:engine.exe
 0005:000013c4       __imp_?ForceProperty@BaseClass@@UAE_NXZ 102763c4     engine:engine.exe
 0005:000013c8       __imp_?ForceSimplification@BaseClass@@UAE_NXZ 102763c8     engine:engine.exe
 0005:000013cc       __imp_?AskParentForUsingExpansionClass@BaseClass@@UAE_NPAD0@Z 102763cc     engine:engine.exe
 0005:000013d0       __imp_?Copy@BaseClass@@UAE_NPAV1@_N@Z 102763d0     engine:engine.exe
 0005:000013d4       __imp_?Copy@BaseClass@@UAE_NPAX0PAV1@00@Z 102763d4     engine:engine.exe
 0005:000013d8       __imp_?ReadFromFile@BaseClass@@UAE_NPBD@Z 102763d8     engine:engine.exe
 0005:000013dc       __imp_?SafeReadFromFile@BaseClass@@UAE_NPBD@Z 102763dc     engine:engine.exe
 0005:000013e0       __imp_?WriteToFile@BaseClass@@UAE_NPBD@Z 102763e0     engine:engine.exe
 0005:000013e4       __imp_?GetSource@BaseClass@@UAEPBDXZ 102763e4     engine:engine.exe
 0005:000013e8       __imp_?GetAmountOfEditableElements@BaseClass@@UAEHPAXK@Z 102763e8     engine:engine.exe
 0005:000013ec       __imp_?GetIndexOfEditableElement@BaseClass@@UAEHHPAXK@Z 102763ec     engine:engine.exe
 0005:000013f0       __imp_?GetEditableElementClass@BaseClass@@UAEPAV1@HPAXK@Z 102763f0     engine:engine.exe
 0005:000013f4       __imp_?GetEditableElementData@BaseClass@@UAEPAXHPAXK@Z 102763f4     engine:engine.exe
 0005:000013f8       __imp_?GetEditableElementExtra@BaseClass@@UAEPAXHPAXK@Z 102763f8     engine:engine.exe
 0005:000013fc       __imp_?GetEditableElementExpansionList@BaseClass@@UAE_NAAUClassExpParams@@HPAXKPAV1@PBD@Z 102763fc     engine:engine.exe
 0005:00001400       __imp_?CheckIfElementIsNode@BaseClass@@UAE_NHPAX@Z 10276400     engine:engine.exe
 0005:00001404       __imp_?CheckIfEditableElementIsNode@BaseClass@@UAE_NHPAXK@Z 10276404     engine:engine.exe
 0005:00001408       __imp_?GetEditableElementName@BaseClass@@UAEPBDHPAXK@Z 10276408     engine:engine.exe
 0005:0000140c       __imp_?GetEditableElementView@BaseClass@@UAEPBDHPAXPBDK@Z 1027640c     engine:engine.exe
 0005:00001410       __imp_?GetElementMessageAndHintInEditor@BaseClass@@UAEXAAVDString@@0PAV1@PAD@Z 10276410     engine:engine.exe
 0005:00001414       __imp_?EvaluateFunction@BaseClass@@UAEXXZ 10276414     engine:engine.exe
 0005:00001418       __imp_?CheckIfFunction@BaseClass@@UAE_NXZ 10276418     engine:engine.exe
 0005:0000141c       __imp_?GetSectionStatus@BaseClass@@UAEHXZ 1027641c     engine:engine.exe
 0005:00001420       __imp_?SetSectionStatus@BaseClass@@UAEXH@Z 10276420     engine:engine.exe
 0005:00001424       __imp_?CheckIfElementReadOnly@BaseClass@@UAE_NHPAXK@Z 10276424     engine:engine.exe
 0005:00001428       __imp_?CheckIfElementInvisible@BaseClass@@UAE_NHPAXK@Z 10276428     engine:engine.exe
 0005:0000142c       __imp_?GetClassMask@BaseClass@@UAEKXZ 1027642c     engine:engine.exe
 0005:00001430       __imp_?GetRealMaskedPosition@BaseClass@@UAEHH@Z 10276430     engine:engine.exe
 0005:00001434       __imp_?GetObjectNamePointer@BaseClass@@UAEPAV_str@@XZ 10276434     engine:engine.exe
 0005:00001438       __imp_?CheckIfObjectIsGlobal@BaseClass@@UAE_NXZ 10276438     engine:engine.exe
 0005:0000143c       __imp_?GetObjectGlobalID@BaseClass@@UAEKXZ 1027643c     engine:engine.exe
 0005:00001440       __imp_?SetObjectGlobalID@BaseClass@@UAEXK@Z 10276440     engine:engine.exe
 0005:00001444       __imp_?GetParent@BaseClass@@UAEPAV1@XZ 10276444     engine:engine.exe
 0005:00001448       __imp_?SetParent@BaseClass@@UAEXPAV1@@Z 10276448     engine:engine.exe
 0005:0000144c       __imp_?CheckCompartabilityWith@BaseClass@@UAE_NPBDH@Z 1027644c     engine:engine.exe
 0005:00001450       __imp_?ShouldSaveInShortForm@BaseClass@@UAE_NXZ 10276450     engine:engine.exe
 0005:00001454       __imp_?VitalError@@YAXPAD@Z 10276454     engine:engine.exe
 0005:00001458       __imp_?_ExFree@@YAXPAX@Z   10276458     engine:engine.exe
 0005:0000145c       __imp__ClearLightSpot      1027645c     engine:engine.exe
 0005:00001460       __imp_?_ExMalloc@@YAPAXH@Z 10276460     engine:engine.exe
 0005:00001464       \177engine_NULL_THUNK_DATA 10276464     engine:engine.exe
 0005:000015f8       __imp__SXP_SetVar          102765f8     intexplorer:intExplorer.dll
 0005:000015fc       __imp__SXP_GetVar          102765fc     intexplorer:intExplorer.dll
 0005:00001600       \177intExplorer_NULL_THUNK_DATA 10276600     intexplorer:intExplorer.dll

 entry point at        0002:0000113f


 Exports

  ordinal    name

        1    ??0BasicDiploRelation@@QAE@ABV0@@Z (public: __thiscall BasicDiploRelation::BasicDiploRelation(class BasicDiploRelation const &))
        2    ??0BasicDiploRelation@@QAE@XZ (public: __thiscall BasicDiploRelation::BasicDiploRelation(void))
        3    ??0DIP_SimpleBuilding@@QAE@ABV0@@Z (public: __thiscall DIP_SimpleBuilding::DIP_SimpleBuilding(class DIP_SimpleBuilding const &))
        4    ??0DIP_SimpleBuilding@@QAE@XZ (public: __thiscall DIP_SimpleBuilding::DIP_SimpleBuilding(void))
        5    ??1DIP_SimpleBuilding@@QAE@XZ (public: __thiscall DIP_SimpleBuilding::~DIP_SimpleBuilding(void))
        6    ??4BasicDiploRelation@@QAEAAV0@ABV0@@Z (public: class BasicDiploRelation & __thiscall BasicDiploRelation::operator=(class BasicDiploRelation const &))
        7    ??4DIP_SimpleBuilding@@QAEAAV0@AAV0@@Z (public: class DIP_SimpleBuilding & __thiscall DIP_SimpleBuilding::operator=(class DIP_SimpleBuilding &))
        8    ??_7BasicDiploRelation@@6B@ (const BasicDiploRelation::`vftable')
        9    ??_7DIP_SimpleBuilding@@6B@ (const DIP_SimpleBuilding::`vftable')
       10    ?ActivateMind@@YAXEH@Z (void __cdecl ActivateMind(unsigned char,int))
       11    ?AddAnimals@@YA_NPAUGAMEOBJ@@0@Z (bool __cdecl AddAnimals(struct GAMEOBJ *,struct GAMEOBJ *))
       12    ?AddCannon@@YAXPAUGAMEOBJ@@E@Z (void __cdecl AddCannon(struct GAMEOBJ *,unsigned char))
       13    ?AddFirers@@YAXPAUGAMEOBJ@@E@Z (void __cdecl AddFirers(struct GAMEOBJ *,unsigned char))
       14    ?AddHealers@@YAXPAUGAMEOBJ@@E@Z (void __cdecl AddHealers(struct GAMEOBJ *,unsigned char))
       15    ?AddPsKillers@@YAXPAUGAMEOBJ@@E_N@Z (void __cdecl AddPsKillers(struct GAMEOBJ *,unsigned char,bool))
       16    ?AddPulseBox@@YAXHH@Z (void __cdecl AddPulseBox(int,int))
       17    ?AddStorm@@YAXPAUGAMEOBJ@@EH@Z (void __cdecl AddStorm(struct GAMEOBJ *,unsigned char,int))
       18    ?AddTomahawks@@YAXPAUGAMEOBJ@@EGHH@Z (void __cdecl AddTomahawks(struct GAMEOBJ *,unsigned char,unsigned short,int,int))
       19    ?ArrowFileID@DIP_SimpleBuilding@@2HA (public: static int DIP_SimpleBuilding::ArrowFileID)
       20    ?Cannon2Alex@@YAXPAUGAMEOBJ@@E@Z (void __cdecl Cannon2Alex(struct GAMEOBJ *,unsigned char))
       21    ?CheckDipBuilding@@YAXEH@Z (void __cdecl CheckDipBuilding(unsigned char,int))
       22    ?ClearAllDipData@@YAXXZ (void __cdecl ClearAllDipData(void))
       23    ?CloseBattle@@YAXXZ (void __cdecl CloseBattle(void))
       24    ?CloseMind@@YAXXZ (void __cdecl CloseMind(void))
       25    ?CreateAbilityPage@DIP_SimpleBuilding@@QAEXXZ (public: void __thiscall DIP_SimpleBuilding::CreateAbilityPage(void))
       26    ?CurIndex@DIP_SimpleBuilding@@2HA (public: static int DIP_SimpleBuilding::CurIndex)
       27    ?CurSetlSelected@DIP_SimpleBuilding@@2GA (public: static unsigned short DIP_SimpleBuilding::CurSetlSelected)
       28    ?DS_CloseAll@@YAXXZ (void __cdecl DS_CloseAll(void))
       29    ?DS_CloseRequest@@YAXK@Z (void __cdecl DS_CloseRequest(unsigned long))
       30    ?DS_GetRequestResult@@YAKKPAPADPAH@Z (unsigned long __cdecl DS_GetRequestResult(unsigned long,char * *,int *))
       31    ?DS_Process@@YAXXZ (void __cdecl DS_Process(void))
       32    ?DS_SendRequest@@YAKPADH@Z (unsigned long __cdecl DS_SendRequest(char *,int))
       33    ?DeactivateMind@@YAXE@Z (void __cdecl DeactivateMind(unsigned char))
       34    ?DrawSetlUpg@DIP_SimpleBuilding@@QAEXPAVDialogsSystem@@HH@Z (public: void __thiscall DIP_SimpleBuilding::DrawSetlUpg(class DialogsSystem *,int,int))
       35    ?DrawSetlUpgrade@@YAXGPAVDialogsSystem@@HH@Z (void __cdecl DrawSetlUpgrade(unsigned short,class DialogsSystem *,int,int))
       36    ?DrawSettlementInterface@DIP_SimpleBuilding@@QAEXHHHHHH@Z (public: void __thiscall DIP_SimpleBuilding::DrawSettlementInterface(int,int,int,int,int,int))
       37    ?FlagFileID@DIP_SimpleBuilding@@2HA (public: static int DIP_SimpleBuilding::FlagFileID)
       38    ?Free@BasicDiploRelation@@UAEXXZ (public: virtual void __thiscall BasicDiploRelation::Free(void))
       39    ?Free@DIP_SimpleBuilding@@UAEXXZ (public: virtual void __thiscall DIP_SimpleBuilding::Free(void))
       40    ?FreeSaveDipData@@YAXPAE@Z (void __cdecl FreeSaveDipData(unsigned char *))
       41    ?GetAmountOfPropositions@BasicDiploRelation@@UAEHXZ (public: virtual int __thiscall BasicDiploRelation::GetAmountOfPropositions(void))
       42    ?GetAmountOfPropositions@DIP_SimpleBuilding@@UAEHXZ (public: virtual int __thiscall DIP_SimpleBuilding::GetAmountOfPropositions(void))
       43    ?GetCenter@DIP_SimpleBuilding@@QAEXAAH0@Z (public: void __thiscall DIP_SimpleBuilding::GetCenter(int &,int &))
       44    ?GetDipSimpleBuildings@@YAXAAHAAPAPAVDIP_SimpleBuilding@@@Z (void __cdecl GetDipSimpleBuildings(int &,class DIP_SimpleBuilding * * &))
       45    ?GetFreezeDipSysProcess@@YA_NXZ (bool __cdecl GetFreezeDipSysProcess(void))
       46    ?GetMainObj@DIP_SimpleBuilding@@QAEPAVOneObject@@XZ (public: class OneObject * __thiscall DIP_SimpleBuilding::GetMainObj(void))
       47    ?GetNTribes@@YAGE@Z (unsigned short __cdecl GetNTribes(unsigned char))
       48    ?GetNTribes@@YAGXZ (unsigned short __cdecl GetNTribes(void))
       49    ?GetPossibility@BasicDiploRelation@@UAEKHPAD0@Z (public: virtual unsigned long __thiscall BasicDiploRelation::GetPossibility(int,char *,char *))
       50    ?GetPossibility@DIP_SimpleBuilding@@UAEKHPAD0@Z (public: virtual unsigned long __thiscall DIP_SimpleBuilding::GetPossibility(int,char *,char *))
       51    ?GetSUBorderFileID@@YAHXZ (int __cdecl GetSUBorderFileID(void))
       52    ?GetSaveData@BasicDiploRelation@@UAEHPAE_N@Z (public: virtual int __thiscall BasicDiploRelation::GetSaveData(unsigned char *,bool))
       53    ?GetSaveData@DIP_SimpleBuilding@@UAEHPAE_N@Z (public: virtual int __thiscall DIP_SimpleBuilding::GetSaveData(unsigned char *,bool))
       54    ?GetSetlFlagFileID@@YAHXZ (int __cdecl GetSetlFlagFileID(void))
       55    ?GetStorage@DIP_SimpleBuilding@@QAEPAVOneObject@@E@Z (public: class OneObject * __thiscall DIP_SimpleBuilding::GetStorage(unsigned char))
       56    ?GetTopSelBrigID@@YAGXZ (unsigned short __cdecl GetTopSelBrigID(void))
       57    ?GetTribeBigZoneRadius@@YAHG@Z (int __cdecl GetTribeBigZoneRadius(unsigned short))
       58    ?GetTribeCenter@@YA_NGAAH0@Z (bool __cdecl GetTribeCenter(unsigned short,int &,int &))
       59    ?GetTribeDebugInfo@@YAXGAAH0@Z (void __cdecl GetTribeDebugInfo(unsigned short,int &,int &))
       60    ?GetTribeGoods@@YAXGAAE00@Z (void __cdecl GetTribeGoods(unsigned short,unsigned char &,unsigned char &,unsigned char &))
       61    ?GetTribeID@@YAGPAVOneObject@@@Z (unsigned short __cdecl GetTribeID(class OneObject *))
       62    ?GetTribeOwner@@YAEG@Z (unsigned char __cdecl GetTribeOwner(unsigned short))
       63    ?GetTribeOwner@@YAEPAD@Z (unsigned char __cdecl GetTribeOwner(char *))
       64    ?GetTribeOwner@@YAEPAUGAMEOBJ@@@Z (unsigned char __cdecl GetTribeOwner(struct GAMEOBJ *))
       65    ?Init@BasicDiploRelation@@UAEXXZ (public: virtual void __thiscall BasicDiploRelation::Init(void))
       66    ?Init@DIP_SimpleBuilding@@UAEXXZ (public: virtual void __thiscall DIP_SimpleBuilding::Init(void))
       67    ?InitDipForThisMap@@YAXXZ (void __cdecl InitDipForThisMap(void))
       68    ?InitThisTribe2@BasicDiploRelation@@UAEXPAD000@Z (public: virtual void __thiscall BasicDiploRelation::InitThisTribe2(char *,char *,char *,char *))
       69    ?InitThisTribe2@DIP_SimpleBuilding@@UAEXPAD000@Z (public: virtual void __thiscall DIP_SimpleBuilding::InitThisTribe2(char *,char *,char *,char *))
       70    ?InitThisTribe@BasicDiploRelation@@UAEXPAD00@Z (public: virtual void __thiscall BasicDiploRelation::InitThisTribe(char *,char *,char *))
       71    ?InitThisTribe@DIP_SimpleBuilding@@UAEXPAD00@Z (public: virtual void __thiscall DIP_SimpleBuilding::InitThisTribe(char *,char *,char *))
       72    ?Load@DIP_SimpleBuilding@@QAEXPADPAVSettlementInfo@@@Z (public: void __thiscall DIP_SimpleBuilding::Load(char *,class SettlementInfo *))
       73    ?LoadAllDipData@@YAXPAEH@Z (void __cdecl LoadAllDipData(unsigned char *,int))
       74    ?LoadScript@@YAXXZ (void __cdecl LoadScript(void))
       75    ?MindCheats@@YAXEPAD@Z (void __cdecl MindCheats(unsigned char,char *))
       76    ?PerformCommand@BasicDiploRelation@@UAEXPADH@Z (public: virtual void __thiscall BasicDiploRelation::PerformCommand(char *,int))
       77    ?PerformCommand@DIP_SimpleBuilding@@UAEXPADH@Z (public: virtual void __thiscall DIP_SimpleBuilding::PerformCommand(char *,int))
       78    ?PerformDipCommand@@YAXPADH@Z (void __cdecl PerformDipCommand(char *,int))
       79    ?PerformFiring@DIP_SimpleBuilding@@QAEXXZ (public: void __thiscall DIP_SimpleBuilding::PerformFiring(void))
       80    ?PerformKillers@DIP_SimpleBuilding@@QAEXXZ (public: void __thiscall DIP_SimpleBuilding::PerformKillers(void))
       81    ?PerformPossibility@BasicDiploRelation@@UAEXK@Z (public: virtual void __thiscall BasicDiploRelation::PerformPossibility(unsigned long))
       82    ?PerformPossibility@DIP_SimpleBuilding@@UAEXK@Z (public: virtual void __thiscall DIP_SimpleBuilding::PerformPossibility(unsigned long))
       83    ?PerformProduceUnitsCommend@DIP_SimpleBuilding@@QAEXXZ (public: void __thiscall DIP_SimpleBuilding::PerformProduceUnitsCommend(void))
       84    ?PerformRazvedka@DIP_SimpleBuilding@@QAEXXZ (public: void __thiscall DIP_SimpleBuilding::PerformRazvedka(void))
       85    ?PerformStorms@DIP_SimpleBuilding@@QAEXXZ (public: void __thiscall DIP_SimpleBuilding::PerformStorms(void))
       86    ?PerformTomahawks@DIP_SimpleBuilding@@QAEXXZ (public: void __thiscall DIP_SimpleBuilding::PerformTomahawks(void))
       87    ?ProcessDance@DIP_SimpleBuilding@@QAEXXZ (public: void __thiscall DIP_SimpleBuilding::ProcessDance(void))
       88    ?ProcessDipRelations@@YAXXZ (void __cdecl ProcessDipRelations(void))
       89    ?ProcessTribe@BasicDiploRelation@@UAEXXZ (public: virtual void __thiscall BasicDiploRelation::ProcessTribe(void))
       90    ?ProcessTribe@DIP_SimpleBuilding@@UAEXXZ (public: virtual void __thiscall DIP_SimpleBuilding::ProcessTribe(void))
       91    ?RegisterDipClasses@@YAXXZ (void __cdecl RegisterDipClasses(void))
       92    ?RegisterTribe@@YA_NPAUGAMEOBJ@@PAD@Z (bool __cdecl RegisterTribe(struct GAMEOBJ *,char *))
       93    ?RunProtectUpg@@YAXEH@Z (void __cdecl RunProtectUpg(unsigned char,int))
       94    ?Save@DIP_SimpleBuilding@@QAEXPAVSettlementInfo@@@Z (public: void __thiscall DIP_SimpleBuilding::Save(class SettlementInfo *))
       95    ?SaveAllDipData@@YAXPAPAEPAH@Z (void __cdecl SaveAllDipData(unsigned char * *,int *))
       96    ?SetAIForDiplo@@YA_NEHH@Z (bool __cdecl SetAIForDiplo(unsigned char,int,int))
       97    ?SetFreezeDipSysProcess@@YAX_N@Z (void __cdecl SetFreezeDipSysProcess(bool))
       98    ?SetSaveData@BasicDiploRelation@@UAEXPAEH@Z (public: virtual void __thiscall BasicDiploRelation::SetSaveData(unsigned char *,int))
       99    ?SetSaveData@DIP_SimpleBuilding@@UAEXPAEH@Z (public: virtual void __thiscall DIP_SimpleBuilding::SetSaveData(unsigned char *,int))
      100    ?SetTopSelBrigID@@YAXG@Z (void __cdecl SetTopSelBrigID(unsigned short))
      101    ?SetTribeOwner@@YA_NGE@Z (bool __cdecl SetTribeOwner(unsigned short,unsigned char))
      102    ?SetUp@DIP_SimpleBuilding@@QAEXXZ (public: void __thiscall DIP_SimpleBuilding::SetUp(void))
      103    ?ShowNoMoney@DIP_SimpleBuilding@@QAEXXZ (public: void __thiscall DIP_SimpleBuilding::ShowNoMoney(void))
      104    ?StartBattle@@YAXXZ (void __cdecl StartBattle(void))
      105    ?dipf_SetSelOboz@@YAXPAVOneObject@@AAEAAH1@Z (void __cdecl dipf_SetSelOboz(class OneObject *,unsigned char &,int &,unsigned char &))
      106    ?fDrawOnMap@DIP_SimpleBuilding@@2P6AHXZA (public: static int (__cdecl* DIP_SimpleBuilding::fDrawOnMap)(void))
      107    ?fDrawOnMiniMap@DIP_SimpleBuilding@@2P6AHHHHHHH@ZA (public: static int (__cdecl* DIP_SimpleBuilding::fDrawOnMiniMap)(int,int,int,int,int,int))
      108    ?setlAddWorker@DIP_SimpleBuilding@@QAE_NEPAVOneObject@@@Z (public: bool __thiscall DIP_SimpleBuilding::setlAddWorker(unsigned char,class OneObject *))
      109    ?setlAddWorkerIntrf@DIP_SimpleBuilding@@QAE_NEPAVOneObject@@@Z (public: bool __thiscall DIP_SimpleBuilding::setlAddWorkerIntrf(unsigned char,class OneObject *))
      110    ?setlFindNearStorages@DIP_SimpleBuilding@@QAEXXZ (public: void __thiscall DIP_SimpleBuilding::setlFindNearStorages(void))
      111    ?setlGetNDeffenders@DIP_SimpleBuilding@@QAEH_N@Z (public: int __thiscall DIP_SimpleBuilding::setlGetNDeffenders(bool))
      112    ?setlGetWorkers@DIP_SimpleBuilding@@QAEHE@Z (public: int __thiscall DIP_SimpleBuilding::setlGetWorkers(unsigned char))
      113    ?setlGetWorkersFreePlacesIntrf@DIP_SimpleBuilding@@QAEHE@Z (public: int __thiscall DIP_SimpleBuilding::setlGetWorkersFreePlacesIntrf(unsigned char))
      114    ?setlGetWorkersIntrf@DIP_SimpleBuilding@@QAEHE@Z (public: int __thiscall DIP_SimpleBuilding::setlGetWorkersIntrf(unsigned char))
      115    ?setlIsReinforce@@YA_NG_N@Z (bool __cdecl setlIsReinforce(unsigned short,bool))
      116    ?setlProcessCops@DIP_SimpleBuilding@@QAEXXZ (public: void __thiscall DIP_SimpleBuilding::setlProcessCops(void))
      117    ?setlUpgIsRun@DIP_SimpleBuilding@@QAE_NEH@Z (public: bool __thiscall DIP_SimpleBuilding::setlUpgIsRun(unsigned char,int))
      118    ?vdf_GetAmountOfEnemySettlements@@YAHEH_NH@Z (int __cdecl vdf_GetAmountOfEnemySettlements(unsigned char,int,bool,int))
      119    ?vdf_GetAmountOfPeasant@@YAHEH@Z (int __cdecl vdf_GetAmountOfPeasant(unsigned char,int))
      120    ?vdf_GetAmountOfSettlements@@YAHEH_NH@Z (int __cdecl vdf_GetAmountOfSettlements(unsigned char,int,bool,int))
      121    ?vdf_RunUpgInSettlement@@YAHEHHHH@Z (int __cdecl vdf_RunUpgInSettlement(unsigned char,int,int,int,int))
