 iChat

 Timestamp is 40adf96a (Fri May 21 15:43:22 2004)

 Preferred load address is 10000000

 Start         Length     Name                   Class
 0001:00000000 0003504cH .text                   CODE
 0001:00035050 000001caH .text$x                 CODE
 0001:00035220 00000099H .text$yc                CODE
 0001:000352c0 0000007cH .text$yd                CODE
 0002:00000000 000002ecH .idata$5                DATA
 0002:000002f0 00003720H .rdata                  DATA
 0002:00003a10 0000004aH .rdata$debug            DATA
 0002:00003a5c 00000004H .rtc$IAA                DATA
 0002:00003a60 00000034H .rtc$IMZ                DATA
 0002:00003a94 00000004H .rtc$IZZ                DATA
 0002:00003a98 00000004H .rtc$TAA                DATA
 0002:00003a9c 00000034H .rtc$TMZ                DATA
 0002:00003ad0 00000004H .rtc$TZZ                DATA
 0002:00003ad4 000001c0H .xdata$x                DATA
 0002:00003c94 00000050H .idata$2                DATA
 0002:00003ce4 00000014H .idata$3                DATA
 0002:00003cf8 000002ecH .idata$4                DATA
 0002:00003fe4 00001152H .idata$6                DATA
 0002:00005140 000019daH .edata                  DATA
 0003:00000000 00000004H .CRT$XCA                DATA
 0003:00000004 00000004H .CRT$XCAA               DATA
 0003:00000008 00000008H .CRT$XCU                DATA
 0003:00000010 00000004H .CRT$XCZ                DATA
 0003:00000014 00000004H .CRT$XIA                DATA
 0003:00000018 00000010H .CRT$XIC                DATA
 0003:00000028 00000004H .CRT$XIY                DATA
 0003:0000002c 00000004H .CRT$XIZ                DATA
 0003:00000030 00000004H .CRT$XPA                DATA
 0003:00000034 00000004H .CRT$XPX                DATA
 0003:00000038 00000004H .CRT$XPZ                DATA
 0003:0000003c 00000004H .CRT$XTA                DATA
 0003:00000040 00000004H .CRT$XTB                DATA
 0003:00000044 00000004H .CRT$XTZ                DATA
 0003:00000050 00000cf8H .data                   DATA
 0003:00000d60 00002d8cH .bss                    DATA

  Address         Publics by Value              Rva+Base     Lib:Object

 0000:00000000       ___safe_se_handler_table   00000000     <absolute>
 0000:00000000       __except_list              00000000     <absolute>
 0000:00000000       ___safe_se_handler_count   00000000     <absolute>
 0001:00000000       ?AddPlayer@ChatSystem@@QAEXPADH@Z 10001000 f   cs_chat.obj
 0001:00000260       ?DelPlayer@ChatSystem@@QAEXPADH@Z 10001260 f   cs_chat.obj
 0001:000003a0       ?AddAbsentPlayer@ChatSystem@@QAEXPAD@Z 100013a0 f   cs_chat.obj
 0001:00000570       ?DelAbsentPlayer@ChatSystem@@QAEXPAD@Z 10001570 f   cs_chat.obj
 0001:00000670       ?Disconnect@ChatSystem@@QAEXXZ 10001670 f   cs_chat.obj
 0001:00000740       ?Raw@@YAXPAXPBD0@Z         10001740 f   cs_chat.obj
 0001:000007a0       ?Disconnected@@YAXPAXPBD0@Z 100017a0 f   cs_chat.obj
 0001:000007e0       ?ChangedNickCallback@@YAXPAXW4CHATBool@@PBD20@Z 100017e0 f   cs_chat.obj
 0001:00000840       ?PrivateMessage@@YAXPAXPBD1H0@Z 10001840 f   cs_chat.obj
 0001:00000a90       ?Invited@@YAXPAXPBD10@Z    10001a90 f   cs_chat.obj
 0001:00000af0       ?ChannelMessage@@YAXPAXPBD11H0@Z 10001af0 f   cs_chat.obj
 0001:00000cf0       ??2@YAPAXI@Z               10001cf0 f i cs_chat.obj
 0001:00000d40       ??3@YAXPAX@Z               10001d40 f i cs_chat.obj
 0001:00000d90       ?Kicked@@YAXPAXPBD110@Z    10001d90 f   cs_chat.obj
 0001:00000df0       ?UserJoined@@YAXPAXPBD1H0@Z 10001df0 f   cs_chat.obj
 0001:00000ea0       ?UserParted@@YAXPAXPBD1H110@Z 10001ea0 f   cs_chat.obj
 0001:00000f50       ?UserChangedNick@@YAXPAXPBD110@Z 10001f50 f   cs_chat.obj
 0001:00000fb0       ?UserModeChanged@@YAXPAXPBD1H0@Z 10001fb0 f   cs_chat.obj
 0001:00001010       ?TopicChanged@@YAXPAXPBD10@Z 10002010 f   cs_chat.obj
 0001:00001070       ?ChannelModeChanged@@YAXPAXPBDPAUCHATChannelMode@@0@Z 10002070 f   cs_chat.obj
 0001:000010d0       ?UserListUpdated@@YAXPAXPBD0@Z 100020d0 f   cs_chat.obj
 0001:00001130       ?ConnectCallback@@YAXPAXW4CHATBool@@0@Z 10002130 f   cs_chat.obj
 0001:000011a0       ?NickErrorCallback@@YAXPAXHPBD0@Z 100021a0 f   cs_chat.obj
 0001:00001390       ?EnterChannelCallback@@YAXPAXW4CHATBool@@W4CHATEnterResult@@PBD0@Z 10002390 f   cs_chat.obj
 0001:00001460       ?GetUserInfoCallback@@YAXPAXW4CHATBool@@PBD222HPAPBD0@Z 10002460 f   cs_chat.obj
 0001:00001640       ?EnumUsersCallback@@YAXPAXW4CHATBool@@PBDHPAPBDPAH0@Z 10002640 f   cs_chat.obj
 0001:00001700       ?CheckMessage@ChatSystem@@QAEXPAD@Z 10002700 f   cs_chat.obj
 0001:000018e0       ?ChatBroadcastKeyChanged@@YAXPAXPBD1110@Z 100028e0 f   cs_chat.obj
 0001:00001910       ?Setup@ChatSystem@@QAEXXZ  10002910 f   cs_chat.obj
 0001:00001a60       ?Process@ChatSystem@@QAEXXZ 10002a60 f   cs_chat.obj
 0001:00001cb0       ?ChatProcess@@YAXXZ        10002cb0 f   cs_chat.obj
 0001:00001d00       ?ConnectToChat@ChatSystem@@QAE_NPAD00000@Z 10002d00 f   cs_chat.obj
 0001:00001fd0       ??0ChatSystem@@QAE@XZ      10002fd0 f   cs_chat.obj
 0001:00002080       ??1ChatSystem@@QAE@XZ      10003080 f   cs_chat.obj
 0001:000021a0       ??0ChatMsg@@QAE@XZ         100031a0 f   cs_chat.obj
 0001:000021f0       ??1ChatMsg@@QAE@XZ         100031f0 f   cs_chat.obj
 0001:000022e0       ?Add@ChatMsg@@QAEXPAD0@Z   100032e0 f   cs_chat.obj
 0001:00002430       ?RemoveOne@ChatMsg@@QAE_NPAD0H@Z 10003430 f   cs_chat.obj
 0001:00002550       ?SortPlayers@ChatSystem@@QAEXPAUOneChatPlayer@@H@Z 10003550 f   cs_chat.obj
 0001:000026a0       ?NPlayers@ChatSystem@@QAEHXZ 100036a0 f   cs_chat.obj
 0001:000026e0       ?Players@ChatSystem@@QAEPAUOneChatPlayer@@XZ 100036e0 f   cs_chat.obj
 0001:00002720       ??0?$DynArray@PAVOneClassMemberStorage@@$0CA@@@QAE@XZ 10003720 f i cs_chat.obj
 0001:00002770       ??1?$DynArray@PAVOneClassMemberStorage@@$0CA@@@QAE@XZ 10003770 f i cs_chat.obj
 0001:000027b0       ?Add@?$DynArray@PAVOneClassMemberStorage@@$0CA@@@QAEHPAVOneClassMemberStorage@@@Z 100037b0 f i cs_chat.obj
 0001:00002830       ??A?$DynArray@PAVOneClassMemberStorage@@$0CA@@@QAEAAPAVOneClassMemberStorage@@H@Z 10003830 f i cs_chat.obj
 0001:000028c0       ?GetAmount@?$DynArray@PAVOneClassMemberStorage@@$0CA@@@QBEHXZ 100038c0 f i cs_chat.obj
 0001:000028f0       ?Clear@?$DynArray@PAVOneClassMemberStorage@@$0CA@@@QAEXXZ 100038f0 f i cs_chat.obj
 0001:00002970       ??0?$DynArray@PAD$0CA@@@QAE@XZ 10003970 f i cs_chat.obj
 0001:000029c0       ??1?$DynArray@PAD$0CA@@@QAE@XZ 100039c0 f i cs_chat.obj
 0001:00002a00       ??0?$DynArray@K$0CA@@@QAE@XZ 10003a00 f i cs_chat.obj
 0001:00002a50       ??1?$DynArray@K$0CA@@@QAE@XZ 10003a50 f i cs_chat.obj
 0001:00002a90       ?Add@?$DynArray@K$0CA@@@QAEHK@Z 10003a90 f i cs_chat.obj
 0001:00002b10       ?find@?$DynArray@K$0CA@@@QAEHK@Z 10003b10 f i cs_chat.obj
 0001:00002b80       ??A?$DynArray@K$0CA@@@QAEAAKH@Z 10003b80 f i cs_chat.obj
 0001:00002c10       ?GetAmount@?$DynArray@K$0CA@@@QBEHXZ 10003c10 f i cs_chat.obj
 0001:00002c40       ?Clear@?$DynArray@K$0CA@@@QAEXXZ 10003c40 f i cs_chat.obj
 0001:00002cc0       ?Add@?$DynArray@PAVEnumerator@@$0CA@@@QAEHPAVEnumerator@@@Z 10003cc0 f i cs_chat.obj
 0001:00002d40       ??A?$DynArray@PAVEnumerator@@$0CA@@@QAEAAPAVEnumerator@@H@Z 10003d40 f i cs_chat.obj
 0001:00002dd0       ?Clear@?$DynArray@PAVEnumerator@@$0CA@@@QAEXXZ 10003dd0 f i cs_chat.obj
 0001:00002e50       ?Add@?$DynArray@PAVOneClassStorage@@$0CA@@@QAEHPAVOneClassStorage@@@Z 10003e50 f i cs_chat.obj
 0001:00002ed0       ??A?$DynArray@PAVOneClassStorage@@$0CA@@@QAEAAPAVOneClassStorage@@H@Z 10003ed0 f i cs_chat.obj
 0001:00002f60       ??0?$DynArray@H$0CA@@@QAE@XZ 10003f60 f i cs_chat.obj
 0001:00002fb0       ??1?$DynArray@H$0CA@@@QAE@XZ 10003fb0 f i cs_chat.obj
 0001:00002ff0       ?Add@?$DynArray@H$0CA@@@QAEHH@Z 10003ff0 f i cs_chat.obj
 0001:00003070       ??A?$DynArray@H$0CA@@@QAEAAHH@Z 10004070 f i cs_chat.obj
 0001:00003100       ?GetAmount@?$DynArray@H$0CA@@@QBEHXZ 10004100 f i cs_chat.obj
 0001:00003130       ?GetValues@?$DynArray@PAVvui_Action@@$0CA@@@QBEPAPAVvui_Action@@XZ 10004130 f i cs_chat.obj
 0001:00003160       ?GetAmount@?$DynArray@PAVvui_Action@@$0CA@@@QBEHXZ 10004160 f i cs_chat.obj
 0001:00003190       ??0?$DynArray@PAVSimpleDialog@@$0CA@@@QAE@XZ 10004190 f i cs_chat.obj
 0001:000031e0       ??1?$DynArray@PAVSimpleDialog@@$0CA@@@QAE@XZ 100041e0 f i cs_chat.obj
 0001:00003220       ??0?$DynArray@PAVStdBorder@@$0CA@@@QAE@XZ 10004220 f i cs_chat.obj
 0001:00003270       ??1?$DynArray@PAVStdBorder@@$0CA@@@QAE@XZ 10004270 f i cs_chat.obj
 0001:000032b0       ??A?$DynArray@PAVStdBorder@@$0CA@@@QAEAAPAVStdBorder@@H@Z 100042b0 f i cs_chat.obj
 0001:00003340       ?GetAmount@?$DynArray@PAVStdBorder@@$0CA@@@QBEHXZ 10004340 f i cs_chat.obj
 0001:00003370       ??0?$DynArray@PAVOneTextIcon@@$0CA@@@QAE@XZ 10004370 f i cs_chat.obj
 0001:000033c0       ??1?$DynArray@PAVOneTextIcon@@$0CA@@@QAE@XZ 100043c0 f i cs_chat.obj
 0001:00003400       ??A?$DynArray@PAVOneTextIcon@@$0CA@@@QAEAAPAVOneTextIcon@@H@Z 10004400 f i cs_chat.obj
 0001:00003490       ?GetAmount@?$DynArray@PAVOneTextIcon@@$0CA@@@QBEHXZ 10004490 f i cs_chat.obj
 0001:000034c0       ??0?$DynArray@PAVOneFontParam@@$0CA@@@QAE@XZ 100044c0 f i cs_chat.obj
 0001:00003510       ??1?$DynArray@PAVOneFontParam@@$0CA@@@QAE@XZ 10004510 f i cs_chat.obj
 0001:00003550       ??A?$DynArray@PAVOneFontParam@@$0CA@@@QAEAAPAVOneFontParam@@H@Z 10004550 f i cs_chat.obj
 0001:000035e0       ?GetAmount@?$DynArray@PAVOneFontParam@@$0CA@@@QBEHXZ 100045e0 f i cs_chat.obj
 0001:00003610       ??_EEntry@?$Hash@VStr_for_hash@@$0EAD@$0EAA@@@QAEPAXI@Z 10004610 f i cs_chat.obj
 0001:000036b0       ??_V@YAXPAX@Z              100046b0 f i cs_chat.obj
 0001:00003700       ??1Entry@?$Hash@VStr_for_hash@@$0EAD@$0EAA@@@QAE@XZ 10004700 f i cs_chat.obj
 0001:00003740       ?Check@?$DynArray@PAVOneClassMemberStorage@@$0CA@@@QAEXH@Z 10004740 f i cs_chat.obj
 0001:00003800       ?Clear@?$DynArray@PAD$0CA@@@QAEXXZ 10004800 f i cs_chat.obj
 0001:00003880       ?Check@?$DynArray@K$0CA@@@QAEXH@Z 10004880 f i cs_chat.obj
 0001:00003940       ?Check@?$DynArray@PAVEnumerator@@$0CA@@@QAEXH@Z 10004940 f i cs_chat.obj
 0001:00003a00       ?Check@?$DynArray@PAVOneClassStorage@@$0CA@@@QAEXH@Z 10004a00 f i cs_chat.obj
 0001:00003ac0       ?Check@?$DynArray@H$0CA@@@QAEXH@Z 10004ac0 f i cs_chat.obj
 0001:00003b80       ?Clear@?$DynArray@H$0CA@@@QAEXXZ 10004b80 f i cs_chat.obj
 0001:00003c00       ??0?$DynArray@PAVvui_Action@@$0CA@@@QAE@XZ 10004c00 f i cs_chat.obj
 0001:00003c50       ??1?$DynArray@PAVvui_Action@@$0CA@@@QAE@XZ 10004c50 f i cs_chat.obj
 0001:00003c90       ?Add@?$DynArray@PAVvui_Action@@$0CA@@@QAEHPAVvui_Action@@@Z 10004c90 f i cs_chat.obj
 0001:00003d10       ?Del@?$DynArray@PAVvui_Action@@$0CA@@@QAEXHH@Z 10004d10 f i cs_chat.obj
 0001:00003de0       ?Move@?$DynArray@PAVvui_Action@@$0CA@@@QAE_NHH@Z 10004de0 f i cs_chat.obj
 0001:00003ef0       ??A?$DynArray@PAVvui_Action@@$0CA@@@QAEAAPAVvui_Action@@H@Z 10004ef0 f i cs_chat.obj
 0001:00003f80       ?Del@?$DynArray@PAVSimpleDialog@@$0CA@@@QAEXHH@Z 10004f80 f i cs_chat.obj
 0001:00004050       ?Move@?$DynArray@PAVSimpleDialog@@$0CA@@@QAE_NHH@Z 10005050 f i cs_chat.obj
 0001:00004160       ??A?$DynArray@PAVSimpleDialog@@$0CA@@@QAEAAPAVSimpleDialog@@H@Z 10005160 f i cs_chat.obj
 0001:000041f0       ?GetValues@?$DynArray@PAVSimpleDialog@@$0CA@@@QBEPAPAVSimpleDialog@@XZ 100051f0 f i cs_chat.obj
 0001:00004220       ?GetAmount@?$DynArray@PAVSimpleDialog@@$0CA@@@QBEHXZ 10005220 f i cs_chat.obj
 0001:00004250       ?Clear@?$DynArray@PAVSimpleDialog@@$0CA@@@QAEXXZ 10005250 f i cs_chat.obj
 0001:000042d0       ?Del@?$DynArray@PAVStdBorder@@$0CA@@@QAEXHH@Z 100052d0 f i cs_chat.obj
 0001:000043a0       ?Move@?$DynArray@PAVStdBorder@@$0CA@@@QAE_NHH@Z 100053a0 f i cs_chat.obj
 0001:000044b0       ?GetValues@?$DynArray@PAVStdBorder@@$0CA@@@QBEPAPAVStdBorder@@XZ 100054b0 f i cs_chat.obj
 0001:000044e0       ?Clear@?$DynArray@PAVStdBorder@@$0CA@@@QAEXXZ 100054e0 f i cs_chat.obj
 0001:00004560       ?Del@?$DynArray@PAVOneTextIcon@@$0CA@@@QAEXHH@Z 10005560 f i cs_chat.obj
 0001:00004630       ?Move@?$DynArray@PAVOneTextIcon@@$0CA@@@QAE_NHH@Z 10005630 f i cs_chat.obj
 0001:00004740       ?GetValues@?$DynArray@PAVOneTextIcon@@$0CA@@@QBEPAPAVOneTextIcon@@XZ 10005740 f i cs_chat.obj
 0001:00004770       ?Clear@?$DynArray@PAVOneTextIcon@@$0CA@@@QAEXXZ 10005770 f i cs_chat.obj
 0001:000047f0       ?Add@?$DynArray@PAVOneFontParam@@$0CA@@@QAEHPAVOneFontParam@@@Z 100057f0 f i cs_chat.obj
 0001:00004870       ?Del@?$DynArray@PAVOneFontParam@@$0CA@@@QAEXHH@Z 10005870 f i cs_chat.obj
 0001:00004940       ?Move@?$DynArray@PAVOneFontParam@@$0CA@@@QAE_NHH@Z 10005940 f i cs_chat.obj
 0001:00004a50       ?GetValues@?$DynArray@PAVOneFontParam@@$0CA@@@QBEPAPAVOneFontParam@@XZ 10005a50 f i cs_chat.obj
 0001:00004a80       ?Clear@?$DynArray@PAVOneFontParam@@$0CA@@@QAEXXZ 10005a80 f i cs_chat.obj
 0001:00004b00       ??4?$DynArray@PAVxmlQuote@@$0CA@@@QAEAAV0@ABV0@@Z 10005b00 f i cs_chat.obj
 0001:00004b50       ?Check@?$DynArray@PAVvui_Action@@$0CA@@@QAEXH@Z 10005b50 f i cs_chat.obj
 0001:00004c10       ??1Str_for_hash@@QAE@XZ    10005c10 f i cs_chat.obj
 0001:00004c40       ?Clear@?$DynArray@PAVvui_Action@@$0CA@@@QAEXXZ 10005c40 f i cs_chat.obj
 0001:00004cc0       ?Add@?$DynArray@PAVSimpleDialog@@$0CA@@@QAEHPAVSimpleDialog@@@Z 10005cc0 f i cs_chat.obj
 0001:00004d40       ?Add@?$DynArray@PAVStdBorder@@$0CA@@@QAEHPAVStdBorder@@@Z 10005d40 f i cs_chat.obj
 0001:00004dc0       ?Add@?$DynArray@PAVOneTextIcon@@$0CA@@@QAEHPAVOneTextIcon@@@Z 10005dc0 f i cs_chat.obj
 0001:00004e40       ?Check@?$DynArray@PAVOneFontParam@@$0CA@@@QAEXH@Z 10005e40 f i cs_chat.obj
 0001:00004f00       ??4?$DynArray@PAVOneClassMemberStorage@@$0CA@@@QAEAAV0@ABV0@@Z 10005f00 f i cs_chat.obj
 0001:00004f50       ??4?$DynArray@PAD$0CA@@@QAEAAV0@ABV0@@Z 10005f50 f i cs_chat.obj
 0001:00004fa0       ?Check@?$DynArray@PAVSimpleDialog@@$0CA@@@QAEXH@Z 10005fa0 f i cs_chat.obj
 0001:00005060       ?Check@?$DynArray@PAVStdBorder@@$0CA@@@QAEXH@Z 10006060 f i cs_chat.obj
 0001:00005120       ?Check@?$DynArray@PAVOneTextIcon@@$0CA@@@QAEXH@Z 10006120 f i cs_chat.obj
 0001:000051e0       ??4?$DynArray@K$0CA@@@QAEAAV0@ABV0@@Z 100061e0 f i cs_chat.obj
 0001:00005230       ??4?$DynArray@PAVEnumerator@@$0CA@@@QAEAAV0@ABV0@@Z 10006230 f i cs_chat.obj
 0001:00005280       ??4?$DynArray@PAVOneClassStorage@@$0CA@@@QAEAAV0@ABV0@@Z 10006280 f i cs_chat.obj
 0001:000052d0       ??4?$DynArray@H$0CA@@@QAEAAV0@ABV0@@Z 100062d0 f i cs_chat.obj
 0001:00005320       ??4?$DynArray@PAUOneClassPointer@@$0CA@@@QAEAAV0@ABV0@@Z 10006320 f i cs_chat.obj
 0001:00005370       ?Add@?$DynArray@PAD$0CA@@@QAEHPAD@Z 10006370 f i cs_chat.obj
 0001:000053f0       ??A?$DynArray@PAD$0CA@@@QAEAAPADH@Z 100063f0 f i cs_chat.obj
 0001:00005480       ?GetAmount@?$DynArray@PAD$0CA@@@QBEHXZ 10006480 f i cs_chat.obj
 0001:000054b0       ?Check@?$DynArray@PAD$0CA@@@QAEXH@Z 100064b0 f i cs_chat.obj
 0001:00005570       ??4?$DynArray@PAVvui_Action@@$0CA@@@QAEAAV0@ABV0@@Z 10006570 f i cs_chat.obj
 0001:000055c0       ??4?$DynArray@PAVSimpleDialog@@$0CA@@@QAEAAV0@ABV0@@Z 100065c0 f i cs_chat.obj
 0001:00005610       ??4?$DynArray@W4PropType@@$0CA@@@QAEAAV0@ABV0@@Z 10006610 f i cs_chat.obj
 0001:00005660       ??4?$DynArray@PAX$0CA@@@QAEAAV0@ABV0@@Z 10006660 f i cs_chat.obj
 0001:000056b0       ??4?$DynArray@PAVStdBorder@@$0CA@@@QAEAAV0@ABV0@@Z 100066b0 f i cs_chat.obj
 0001:00005700       ??4?$DynArray@UFunctionsList@@$0CA@@@QAEAAV0@ABV0@@Z 10006700 f i cs_chat.obj
 0001:00005750       ??4?$DynArray@PAVOneTextIcon@@$0CA@@@QAEAAV0@ABV0@@Z 10006750 f i cs_chat.obj
 0001:000057a0       ??4?$DynArray@PAVOneFontParam@@$0CA@@@QAEAAV0@ABV0@@Z 100067a0 f i cs_chat.obj
 0001:000057f0       ?ReportIt@@YAXPADZZ        100067f0 f   GSC_ChatWindow.obj
 0001:00005860       ?PlayStart@@YAXXZ          10006860 f   GSC_ChatWindow.obj
 0001:000058c0       ?ReadWinString@@YA_NPAVGFILE@@PADH@Z 100068c0 f   GSC_ChatWindow.obj
 0001:000059a0       ?AddPrimitiveChat@@YAXPAD0AAPAPAD1AAH2@Z 100069a0 f   GSC_ChatWindow.obj
 0001:00005b70       ?AddChatString@@YAXPAD0HPAVRLCFont@@AAPAPAD2AAH3@Z 10006b70 f   GSC_ChatWindow.obj
 0001:00005dd0       ?PushWindow@@YAXPAUTempWindow@@@Z 10006dd0 f   GSC_ChatWindow.obj
 0001:00005e60       ?PopWindow@@YAXPAUTempWindow@@@Z 10006e60 f   GSC_ChatWindow.obj
 0001:00005ed0       ?IntersectWindows@@YAXHHHH@Z 10006ed0 f   GSC_ChatWindow.obj
 0001:00006030       ?Draw_PLIST@@YAXHHHHHEH@Z  10007030 f   GSC_ChatWindow.obj
 0001:00006500       ?DRAWBOX@@YAXHHHHHEH@Z     10007500 f   GSC_ChatWindow.obj
 0001:00006560       ?CheckForPersonalChat@@YA_NPAD@Z 10007560 f   GSC_ChatWindow.obj
 0001:000066d0       ?CheckPersonality@@YA_NPAD@Z 100076d0 f   GSC_ChatWindow.obj
 0001:00006800       ?MemScreenPart@@YAXHHHHPAE@Z 10007800 f   GSC_ChatWindow.obj
 0001:00006890       ?EnterPersonalMessage@@YAXPAD_N@Z 10007890 f   GSC_ChatWindow.obj
 0001:00006fb0       ?SendPrivateMessage@@YAXPAD0@Z 10007fb0 f   GSC_ChatWindow.obj
 0001:00007080       ?ShowCentralMessage2C@@YAXPADH@Z 10008080 f   GSC_ChatWindow.obj
 0001:00007250       ?SetGameID@@YAXPAD@Z       10008250 f   GSC_ChatWindow.obj
 0001:000072c0       ?GetGameID@@YAXPAD@Z       100082c0 f   GSC_ChatWindow.obj
 0001:00007330       ?SetChatWState@@YAXHH@Z    10008330 f   GSC_ChatWindow.obj
 0001:000073b0       ?RunHTTPC@@YAXXZ           100083b0 f   GSC_ChatWindow.obj
 0001:00007480       ?GoHomeAnyway@@YAXXZ       10008480 f   GSC_ChatWindow.obj
 0001:000074b0       ?Process_GSC_ChatWindow@@YAH_NPAURoomInfo@@@Z 100084b0 f   GSC_ChatWindow.obj
 0001:0000bae0       ?Load@IniFile@@QAE_NPAD@Z  1000cae0 f i GSC_ChatWindow.obj
 0001:0000bd40       ?GetStr@IniFile@@QAEPADPAD@Z 1000cd40 f i GSC_ChatWindow.obj
 0001:0000bdd0       ?GetInt@IniFile@@QAEHPAD@Z 1000cdd0 f i GSC_ChatWindow.obj
 0001:0000be30       ??0IniFile@@QAE@XZ         1000ce30 f i GSC_ChatWindow.obj
 0001:0000be80       ??1IniFile@@QAE@XZ         1000ce80 f i GSC_ChatWindow.obj
 0001:0000bec0       ?Clear@IniFile@@QAEXXZ     1000cec0 f i GSC_ChatWindow.obj
 0001:0000bfb0       ?LeaveGSCRoom@@YAXXZ       1000cfb0 f   GSC_ChatWindow.obj
 0001:0000c010       ?StartGSCGame@@YAXPAD0HPAHPAPAD11@Z 1000d010 f   GSC_ChatWindow.obj
 0001:0000c420       ?ReportGSCGame@@YAXHHPAUOnePlayerReport@@@Z 1000d420 f   GSC_ChatWindow.obj
 0001:0000c610       ?ReportAliveState@@YAXHPAH@Z 1000d610 f   GSC_ChatWindow.obj
 0001:0000c770       ?SendVictoryState@@YAXHE@Z 1000d770 f   GSC_ChatWindow.obj
 0001:0000c980       ?DisableRatedGame@@YAXXZ   1000d980 f   GSC_ChatWindow.obj
 0001:0000ca40       ?CheckIfGameRated@@YA_NXZ  1000da40 f   GSC_ChatWindow.obj
 0001:0000caa0       ?AddCUserInfo@@YAXPAD0@Z   1000daa0 f   GSC_ChatWindow.obj
 0001:0000caf0       ?Add@CNamesCash@@QAEXPAD0_N@Z 1000daf0 f i GSC_ChatWindow.obj
 0001:0000cc70       ?Save@CNamesCash@@QAEXXZ   1000dc70 f i GSC_ChatWindow.obj
 0001:0000cd20       ?GetLocalInfo@CNamesCash@@QAEPADPAD@Z 1000dd20 f i GSC_ChatWindow.obj
 0001:0000cdc0       ?Load@CNamesCash@@QAEXXZ   1000ddc0 f i GSC_ChatWindow.obj
 0001:0000cf20       ?GetCUserInfo@@YAPADPAD@Z  1000df20 f   GSC_ChatWindow.obj
 0001:0000cf60       ??0CNamesCash@@QAE@XZ      1000df60 f i GSC_ChatWindow.obj
 0001:0000cfb0       ??1CNamesCash@@QAE@XZ      1000dfb0 f i GSC_ChatWindow.obj
 0001:0000d000       ?Clear@CNamesCash@@QAEXXZ  1000e000 f i GSC_ChatWindow.obj
 0001:0000d110       _DllMain@12                1000e110 f   IChat.obj
 0001:0000d140       ?SetupChat@@YAXXZ          1000e140 f   IChat.obj
 0001:0000d170       ??0ParsedRQ@@QAE@XZ        1000e170 f   ParseRQ.obj
 0001:0000d1c0       ??1ParsedRQ@@QAE@XZ        1000e1c0 f   ParseRQ.obj
 0001:0000d200       ?AddComm@ParsedRQ@@QAEXPAD@Z 1000e200 f   ParseRQ.obj
 0001:0000d320       ?AddParam@ParsedRQ@@QAEXPADH@Z 1000e320 f   ParseRQ.obj
 0001:0000d460       ?Clear@ParsedRQ@@QAEXXZ    1000e460 f   ParseRQ.obj
 0001:0000d5b0       ?GetHVal@@YAHD@Z           1000e5b0 f   ParseRQ.obj
 0001:0000d610       ?Parse@ParsedRQ@@QAEXPAD@Z 1000e610 f   ParseRQ.obj
 0001:0000d930       ?Compact@ParsedRQ@@QAEHPADH@Z 1000e930 f   ParseRQ.obj
 0001:0000db70       ?Extract@ParsedRQ@@QAEXPADH@Z 1000eb70 f   ParseRQ.obj
 0001:0000dd30       ?UnParse@ParsedRQ@@QAEHPADH@Z 1000ed30 f   ParseRQ.obj
 0001:0000e190       ?DelComm@ParsedRQ@@QAEXH@Z 1000f190 f   ParseRQ.obj
 0001:0000e2f0       ?AddParamToCom@ParsedRQ@@QAEXHPADH@Z 1000f2f0 f   ParseRQ.obj
 0001:0000e420       ?AddIntParam@ParsedRQ@@QAEXH@Z 1000f420 f   ParseRQ.obj
 0001:0000e4b0       _ciInitCallbacks           1000f4b0 f   chatCallbacks.obj
 0001:0000e590       _ciCleanupCallbacks        1000f590 f   chatCallbacks.obj
 0001:0000f280       _ciAddCallback_            10010280 f   chatCallbacks.obj
 0001:00011f30       _ciCallCallback            10012f30 f   chatCallbacks.obj
 0001:00012c20       _ciCallCallbacks           10013c20 f   chatCallbacks.obj
 0001:00012ea0       _ciCheckCallbacksForID     10013ea0 f   chatCallbacks.obj
 0001:00013090       _ciInitChannels            10014090 f   chatChannel.obj
 0001:000134a0       _ciCleanupChannels         100144a0 f   chatChannel.obj
 0001:00013540       _ciChannelEntering         10014540 f   chatChannel.obj
 0001:00013620       _ciEnteringChannelComparator 10014620 f   chatChannel.obj
 0001:00013670       _ciIsEnteringChannel       10014670 f   chatChannel.obj
 0001:00013760       _ciChannelEntered          10014760 f   chatChannel.obj
 0001:00013bd0       _ciChannelLeft             10014bd0 f   chatChannel.obj
 0001:00013d60       _ciGetChannelCallbacks     10014d60 f   chatChannel.obj
 0001:00013f00       _ciChannelListUsers        10014f00 f   chatChannel.obj
 0001:000143a0       _ciInChannel               100153a0 f   chatChannel.obj
 0001:00014420       _ciGetChannelMode          10015420 f   chatChannel.obj
 0001:00014540       _ciSetChannelMode          10015540 f   chatChannel.obj
 0001:00014650       _ciSetChannelPassword      10015650 f   chatChannel.obj
 0001:000147b0       _ciGetChannelPassword      100157b0 f   chatChannel.obj
 0001:000148b0       _ciJoinCallbackCalled      100158b0 f   chatChannel.obj
 0001:000149b0       _ciWasJoinCallbackCalled   100159b0 f   chatChannel.obj
 0001:00014ab0       _ciSetChannelTopic         10015ab0 f   chatChannel.obj
 0001:00014bc0       _ciGetChannelTopic         10015bc0 f   chatChannel.obj
 0001:00014cc0       _ciGetChannelNumUsers      10015cc0 f   chatChannel.obj
 0001:00014dc0       _ciUserEnteredChannel      10015dc0 f   chatChannel.obj
 0001:00015030       _ciUserLeftChannel         10016030 f   chatChannel.obj
 0001:000151d0       _ciUserEnumChannels        100161d0 f   chatChannel.obj
 0001:000154d0       _ciUserChangedNick         100164d0 f   chatChannel.obj
 0001:000159c0       _ciUserChangedMode         100169c0 f   chatChannel.obj
 0001:00015c90       _ciUserInChannel           10016c90 f   chatChannel.obj
 0001:00015d80       _ciGetUserMode             10016d80 f   chatChannel.obj
 0001:00015e80       _ciEnumJoinedChannels      10016e80 f   chatChannel.obj
 0001:00016040       _ciSetUserBasicInfo        10017040 f   chatChannel.obj
 0001:000162d0       _ciGetUserBasicInfo        100172d0 f   chatChannel.obj
 0001:00016580       _ciClearAllUsers           10017580 f   chatChannel.obj
 0001:000167f0       _ciFilterThink             100177f0 f   chatHandlers.obj
 0001:00017810       _ciGetNextID               10018810 f   chatHandlers.obj
 0001:000178b0       _ciCheckFiltersForID       100188b0 f   chatHandlers.obj
 0001:00017960       _ciCleanupFilters          10018960 f   chatHandlers.obj
 0001:000179e0       _ciAddLISTFilter           100189e0 f   chatHandlers.obj
 0001:00017bc0       _ciAddJOINFilter           10018bc0 f   chatHandlers.obj
 0001:00017cd0       _ciAddTOPICFilter          10018cd0 f   chatHandlers.obj
 0001:00017d30       _ciAddNAMESFilter          10018d30 f   chatHandlers.obj
 0001:00017db0       _ciAddWHOISFilter          10018db0 f   chatHandlers.obj
 0001:00017e50       _ciAddWHOFilter            10018e50 f   chatHandlers.obj
 0001:00017eb0       _ciAddCWHOFilter           10018eb0 f   chatHandlers.obj
 0001:00017f10       _ciAddCMODEFilter          10018f10 f   chatHandlers.obj
 0001:00017f70       _ciAddUMODEFilter          10018f70 f   chatHandlers.obj
 0001:00017fd0       _ciAddBANFilter            10018fd0 f   chatHandlers.obj
 0001:00018070       _ciAddGETBANFilter         10019070 f   chatHandlers.obj
 0001:000180f0       _ciAddNICKFilter           100190f0 f   chatHandlers.obj
 0001:00018150       _ciAddGETKEYFilter         10019150 f   chatHandlers.obj
 0001:000182b0       _ciAddGETCKEYFilter        100192b0 f   chatHandlers.obj
 0001:00018470       _ciAddGETCHANKEYFilter     10019470 f   chatHandlers.obj
 0001:00018630       _ciAddUNQUIETFilter        10019630 f   chatHandlers.obj
 0001:000186e0       _ciParseMode               100196e0 f   chatHandlers.obj
 0001:00018ae0       _ciApplyChangesToMode      10019ae0 f   chatHandlers.obj
 0001:00018c60       _ciNickError               10019c60 f   chatHandlers.obj
 0001:00018d70       _ciPrivmsgHandler          10019d70 f   chatHandlers.obj
 0001:00019030       _ciNoticeHandler           1001a030 f   chatHandlers.obj
 0001:00019210       _ciUTMHandler              1001a210 f   chatHandlers.obj
 0001:000193f0       _ciATMHandler              1001a3f0 f   chatHandlers.obj
 0001:000195d0       _ciPingHandler             1001a5d0 f   chatHandlers.obj
 0001:00019650       _ciNickHandler             1001a650 f   chatHandlers.obj
 0001:00019a00       _ciJoinHandler             1001aa00 f   chatHandlers.obj
 0001:00019d70       _ciPartHandler             1001ad70 f   chatHandlers.obj
 0001:00019f20       _ciKickHandler             1001af20 f   chatHandlers.obj
 0001:0001a190       _ciQuitEnumChannelsCallback 1001b190 f   chatHandlers.obj
 0001:0001a390       _ciQuitHandler             1001b390 f   chatHandlers.obj
 0001:0001a440       _ciKillEnumChannelsCallback 1001b440 f   chatHandlers.obj
 0001:0001a640       _ciKillHandler             1001b640 f   chatHandlers.obj
 0001:0001a6e0       _ciTopicHandler            1001b6e0 f   chatHandlers.obj
 0001:0001a820       _ciModeHandler             1001b820 f   chatHandlers.obj
 0001:0001aad0       _ciErrorHandler            1001bad0 f   chatHandlers.obj
 0001:0001abb0       _ciInviteHandler           1001bbb0 f   chatHandlers.obj
 0001:0001acc0       _ciNameReplyHandler        1001bcc0 f   chatHandlers.obj
 0001:0001b1f0       _ciEndOfNamesHandler       1001c1f0 f   chatHandlers.obj
 0001:0001b480       _ciRplTopicHandler         1001c480 f   chatHandlers.obj
 0001:0001b620       _ciRplNoTopicHandler       1001c620 f   chatHandlers.obj
 0001:0001b7a0       _ciErrNickInUseHandler     1001c7a0 f   chatHandlers.obj
 0001:0001b930       _ciRplWhoReplyHandler      1001c930 f   chatHandlers.obj
 0001:0001bbf0       _ciRplEndOfWhoHandler      1001cbf0 f   chatHandlers.obj
 0001:0001bd80       _ciRplGetKeyHandler        1001cd80 f   chatHandlers.obj
 0001:0001c0f0       _ciRplEndGetKeyHandler     1001d0f0 f   chatHandlers.obj
 0001:0001c220       _ciRplGetCKeyHandler       1001d220 f   chatHandlers.obj
 0001:0001c7b0       _ciRplEndGetCKeyHandler    1001d7b0 f   chatHandlers.obj
 0001:0001c8f0       _ciRplGetChanKeyHandler    1001d8f0 f   chatHandlers.obj
 0001:0001d060       _ciRplUserIPHandler        1001e060 f   chatHandlers.obj
 0001:0001d1a0       _ciRplListStartHandler     1001e1a0 f   chatHandlers.obj
 0001:0001d270       _ciRplListHandler          1001e270 f   chatHandlers.obj
 0001:0001d600       _ciRplListEndHandler       1001e600 f   chatHandlers.obj
 0001:0001d6f0       _ciRplChannelModeIsHandler 1001e6f0 f   chatHandlers.obj
 0001:0001d960       _ciRplWhoisUserHandler     1001e960 f   chatHandlers.obj
 0001:0001dc40       _ciRplWhoisChannelsHandler 1001ec40 f   chatHandlers.obj
 0001:0001de30       _ciRplEndOfWhoisHandler    1001ee30 f   chatHandlers.obj
 0001:0001df80       _ciRplBanListHandler       1001ef80 f   chatHandlers.obj
 0001:0001e140       _ciRplEndOfBanListHandler  1001f140 f   chatHandlers.obj
 0001:0001e260       _ciRplWelcomeHandler       1001f260 f   chatHandlers.obj
 0001:0001e360       _ciErrNoSuchChannelHandler 1001f360 f   chatHandlers.obj
 0001:0001e4d0       _ciErrTooManyChannelsHandler 1001f4d0 f   chatHandlers.obj
 0001:0001e5e0       _ciErrChannelIsFullHandler 1001f5e0 f   chatHandlers.obj
 0001:0001e6f0       _ciErrInviteOnlyChanHandler 1001f6f0 f   chatHandlers.obj
 0001:0001e800       _ciErrBannedFromChanHandler 1001f800 f   chatHandlers.obj
 0001:0001e910       _ciErrBadChannelKeyHandler 1001f910 f   chatHandlers.obj
 0001:0001ea20       _ciErrBadChanMaskHandler   1001fa20 f   chatHandlers.obj
 0001:0001eb30       _ciErrNoSuchNickHandler    1001fb30 f   chatHandlers.obj
 0001:0001eb60       _ciErrErroneusNicknameHandler 1001fb60 f   chatHandlers.obj
 0001:0001ebd0       _ciHandleDisconnect        1001fbd0 f   chatMain.obj
 0001:0001ecc0       _ciSendNickAndUser         1001fcc0 f   chatMain.obj
 0001:0001edf0       _chatConnectDoit           1001fdf0 f   chatMain.obj
 0001:0001f3a0       _chatConnect               100203a0 f   chatMain.obj
 0001:0001f410       _chatConnectSpecial        10020410 f   chatMain.obj
 0001:0001f480       _chatRetryWithNick         10020480 f   chatMain.obj
 0001:0001f560       _chatDisconnect            10020560 f   chatMain.obj
 0001:0001f670       _chatThink                 10020670 f   chatMain.obj
 0001:0001f6b0       _chatSendRaw               100206b0 f   chatMain.obj
 0001:0001f730       _chatChangeNick            10020730 f   chatMain.obj
 0001:0001fa60       _chatGetNick               10020a60 f   chatMain.obj
 0001:0001fad0       _chatFixNick               10020ad0 f   chatMain.obj
 0001:0001fc00       _chatSetQuietMode          10020c00 f   chatMain.obj
 0001:0001fd40       _chatEnumChannels          10020d40 f   chatMain.obj
 0001:0001fe50       _chatEnterChannel          10020e50 f   chatMain.obj
 0001:0001ffb0       _chatLeaveChannel          10020fb0 f   chatMain.obj
 0001:000200a0       _chatSendChannelMessage    100210a0 f   chatMain.obj
 0001:000202e0       _chatSetChannelTopic       100212e0 f   chatMain.obj
 0001:000203c0       _chatGetChannelTopic       100213c0 f   chatMain.obj
 0001:00020590       _chatSetChannelMode        10021590 f   chatMain.obj
 0001:00020770       _chatGetChannelMode        10021770 f   chatMain.obj
 0001:00020990       _chatSetChannelPassword    10021990 f   chatMain.obj
 0001:00020ad0       _chatGetChannelPassword    10021ad0 f   chatMain.obj
 0001:00020ca0       _chatEnumChannelBans       10021ca0 f   chatMain.obj
 0001:00020de0       _chatAddChannelBan         10021de0 f   chatMain.obj
 0001:00020ef0       _chatRemoveChannelBan      10021ef0 f   chatMain.obj
 0001:00021000       _chatSetChannelGroup       10022000 f   chatMain.obj
 0001:000210e0       _chatGetChannelNumUsers    100220e0 f   chatMain.obj
 0001:000211d0       _ciEnumUsersCallback       100221d0 f   chatMain.obj
 0001:00021450       _chatEnumUsers             10022450 f   chatMain.obj
 0001:000215d0       _chatEnumJoinedChannels    100225d0 f   chatMain.obj
 0001:00021620       _chatSendUserMessage       10022620 f   chatMain.obj
 0001:00021800       _chatGetUserInfo           10022800 f   chatMain.obj
 0001:00021970       _chatGetBasicUserInfo      10022970 f   chatMain.obj
 0001:00021b90       _chatGetBasicUserInfoNoWait 10022b90 f   chatMain.obj
 0001:00021c90       _chatGetChannelBasicUserInfo 10022c90 f   chatMain.obj
 0001:00021dd0       _chatInviteUser            10022dd0 f   chatMain.obj
 0001:00021f10       _chatKickUser              10022f10 f   chatMain.obj
 0001:00022060       _chatBanUser               10023060 f   chatMain.obj
 0001:000221b0       _chatSetUserMode           100231b0 f   chatMain.obj
 0001:00022370       _chatGetUserMode           10023370 f   chatMain.obj
 0001:000225f0       _chatGetUserModeNoWait     100235f0 f   chatMain.obj
 0001:00022760       _chatSetGlobalKeys         10023760 f   chatMain.obj
 0001:000228f0       _chatGetGlobalKeys         100238f0 f   chatMain.obj
 0001:00022d80       _chatSetChannelKeys        10023d80 f   chatMain.obj
 0001:00022f00       _chatGetChannelKeys        10023f00 f   chatMain.obj
 0001:000233c0       _ciGetTime                 100243c0 f   chatSocket.obj
 0001:000234a0       _ciSocketInit              100244a0 f   chatSocket.obj
 0001:00023640       _ciSocketConnect           10024640 f   chatSocket.obj
 0001:00023a50       _ciSocketDisconnect        10024a50 f   chatSocket.obj
 0001:00023dc0       _ciSocketThink             10024dc0 f   chatSocket.obj
 0001:00024cf0       _ciSocketSend              10025cf0 f   chatSocket.obj
 0001:00025060       _ciSocketSendf             10026060 f   chatSocket.obj
 0001:00025350       _ciParseParam              10026350 f   chatSocket.obj
 0001:00025590       _ciSocketRecv              10026590 f   chatSocket.obj
 0001:000263b0       _ArrayNew                  100273b0 f   darray.obj
 0001:000264b0       _ArrayFree                 100274b0 f   darray.obj
 0001:000265b0       _ArrayLength               100275b0 f   darray.obj
 0001:000265e0       _ArrayNth                  100275e0 f   darray.obj
 0001:00026650       _ArrayAppend               10027650 f   darray.obj
 0001:000266a0       _ArrayInsertAt             100276a0 f   darray.obj
 0001:00026880       _ArrayInsertSorted         10027880 f   darray.obj
 0001:00026960       _ArrayRemoveAt             10027960 f   darray.obj
 0001:00026a20       _ArrayDeleteAt             10027a20 f   darray.obj
 0001:00026aa0       _ArrayReplaceAt            10027aa0 f   darray.obj
 0001:00026b30       _ArraySort                 10027b30 f   darray.obj
 0001:00026b90       _ArraySearch               10027b90 f   darray.obj
 0001:00026cb0       _ArrayMap                  10027cb0 f   darray.obj
 0001:00026d50       _ArrayMapBackwards         10027d50 f   darray.obj
 0001:00026df0       _ArrayMap2                 10027df0 f   darray.obj
 0001:00026ea0       _ArrayClear                10027ea0 f   darray.obj
 0001:00027050       _TableNew                  10028050 f   hashtable.obj
 0001:000270a0       _TableNew2                 100280a0 f   hashtable.obj
 0001:00027220       _TableFree                 10028220 f   hashtable.obj
 0001:000272c0       _TableCount                100282c0 f   hashtable.obj
 0001:00027340       _TableEnter                10028340 f   hashtable.obj
 0001:00027400       _TableRemove               10028400 f   hashtable.obj
 0001:000274a0       _TableLookup               100284a0 f   hashtable.obj
 0001:00027540       _TableMap                  10028540 f   hashtable.obj
 0001:000275d0       _TableMapSafe              100285d0 f   hashtable.obj
 0001:00027660       _TableMap2                 10028660 f   hashtable.obj
 0001:00027700       _TableClear                10028700 f   hashtable.obj
 0001:00027770       _MD5Init                   10028770 f   md5c.obj
 0001:000277d0       _MD5Update                 100287d0 f   md5c.obj
 0001:00027900       _MD5Final                  10028900 f   md5c.obj
 0001:00028a90       _MD5Print                  10029a90 f   md5c.obj
 0001:00028b00       _MD5Digest                 10029b00 f   md5c.obj
 0001:00028bb0       _current_time              10029bb0 f   nonport.obj
 0001:00028c00       _msleep                    10029c00 f   nonport.obj
 0001:00028c50       _SocketStartUp             10029c50 f   nonport.obj
 0001:00028cc0       _SocketShutDown            10029cc0 f   nonport.obj
 0001:00028d00       _goastrdup                 10029d00 f   nonport.obj
 0001:00028d70       _SetSockBlocking           10029d70 f   nonport.obj
 0001:00028e10       _DisableNagle              10029e10 f   nonport.obj
 0001:00028ea0       _SetReceiveBufferSize      10029ea0 f   nonport.obj
 0001:00028f00       _GOAGetUniqueID            10029f00 f   nonport.obj
 0001:000293c0       ?_ExRealloc@@YAPAXPAXH@Z   1002a3c0 f   cossacks2:cossacks2.exe
 0001:000293c6       ?AddToGChat@@YAXPAD0@Z     1002a3c6 f   cossacks2:cossacks2.exe
 0001:000293cc       ?GetTextByID@@YAPADPAD@Z   1002a3cc f   cossacks2:cossacks2.exe
 0001:000293d2       ?_ExMalloc@@YAPAXH@Z       1002a3d2 f   cossacks2:cossacks2.exe
 0001:000293d8       ?_ExFree@@YAXPAX@Z         1002a3d8 f   cossacks2:cossacks2.exe
 0001:000293de       ?ProcessMessages@@YA_NXZ   1002a3de f   cossacks2:cossacks2.exe
 0001:000293e4       ?PlayEffect@@YAXHHH@Z      1002a3e4 f   cossacks2:cossacks2.exe
 0001:000293ea       ?GetSound@@YAHPAD@Z        1002a3ea f   cossacks2:cossacks2.exe
 0001:000293f0       ?Ggetch@@YAHPAVGFILE@@@Z   1002a3f0 f   cossacks2:cossacks2.exe
 0001:000293f6       ?GetRLCStrWidth@@YAHPADPAVRLCFont@@@Z 1002a3f6 f   cossacks2:cossacks2.exe
 0001:000293fc       ?g_GetWindParam@@YAXAAH000@Z 1002a3fc f   cossacks2:cossacks2.exe
 0001:00029402       ?g_SetWindParam@@YAXHHHH@Z 1002a402 f   cossacks2:cossacks2.exe
 0001:00029408       ?xLine@@YAXHHHHE@Z         1002a408 f   cossacks2:cossacks2.exe
 0001:0002940e       ?ShowString@@YAXHHPBDPAVRLCFont@@@Z 1002a40e f   cossacks2:cossacks2.exe
 0001:00029414       ?ShowClanString@@YAXHHPADEPAVRLCFont@@1H@Z 1002a414 f   cossacks2:cossacks2.exe
 0001:0002941a       ?GetPaletteColor@@YAEHHH@Z 1002a41a f   cossacks2:cossacks2.exe
 0001:00029420       ?DrawStdBar2@@YAXHHHHH@Z   1002a420 f   cossacks2:cossacks2.exe
 0001:00029426       ??1LocalGP@@QAE@XZ         1002a426 f   cossacks2:cossacks2.exe
 0001:0002942c       ??1DialogsSystem@@UAE@XZ   1002a42c f   cossacks2:cossacks2.exe
 0001:00029432       ?SendPings@@YAXXZ          1002a432 f   cossacks2:cossacks2.exe
 0001:00029438       ?EnumPlr@@YA_NXZ           1002a438 f   cossacks2:cossacks2.exe
 0001:0002943e       ?RefreshView@DialogsSystem@@QAEXXZ 1002a43e f   cossacks2:cossacks2.exe
 0001:00029444       ?ProcessDialogs@DialogsSystem@@QAEXXZ 1002a444 f   cossacks2:cossacks2.exe
 0001:0002944a       ?MarkToDraw@DialogsSystem@@QAEXXZ 1002a44a f   cossacks2:cossacks2.exe
 0001:00029450       ?StdKeys@@YAXXZ            1002a450 f   cossacks2:cossacks2.exe
 0001:00029456       ?addColoredBar@ParentFrame@@QAEPAVColoredBar@@HHHHE@Z 1002a456 f   cossacks2:cossacks2.exe
 0001:0002945c       ?addTextButton@ParentFrame@@QAEPAVTextButton@@PAVSimpleDialog@@HHPADPAVRLCFont@@22E@Z 1002a45c f   cossacks2:cossacks2.exe
 0001:00029462       ?addInputBox@ParentFrame@@QAEPAVInputBox@@PAVSimpleDialog@@HHPADHHHPAVRLCFont@@2@Z 1002a462 f   cossacks2:cossacks2.exe
 0001:00029468       ?MMItemChoose@@YA_NPAVSimpleDialog@@@Z 1002a468 f   cossacks2:cossacks2.exe
 0001:0002946e       ?addGP_TextButton@ParentFrame@@QAEPAVGP_TextButton@@PAVSimpleDialog@@HHPADHHPAVRLCFont@@2@Z 1002a46e f   cossacks2:cossacks2.exe
 0001:00029474       ?addGPPicture@ParentFrame@@QAEPAVGPPicture@@PAVSimpleDialog@@HHHH@Z 1002a474 f   cossacks2:cossacks2.exe
 0001:0002947a       ?addCustomBorder@ParentFrame@@QAEPAVCustomBorder@@HHHHHPAH0HH@Z 1002a47a f   cossacks2:cossacks2.exe
 0001:00029480       ??0DialogsSystem@@QAE@HH@Z 1002a480 f   cossacks2:cossacks2.exe
 0001:00029486       ?DarkScreen@@YAXXZ         1002a486 f   cossacks2:cossacks2.exe
 0001:0002948c       ??0LocalGP@@QAE@PAD@Z      1002a48c f   cossacks2:cossacks2.exe
 0001:00029492       ?GetRLCHeight@@YAHPAUxRLCTable@@E@Z 1002a492 f   cossacks2:cossacks2.exe
 0001:00029498       ?ShowGP@GP_System@@QAEXHHHHE@Z 1002a498 f   cossacks2:cossacks2.exe
 0001:0002949e       ?GetGPWidth@GP_System@@QAEHHH@Z 1002a49e f   cossacks2:cossacks2.exe
 0001:000294a4       ?LoadGP@GP_System@@QAE_NH@Z 1002a4a4 f   cossacks2:cossacks2.exe
 0001:000294aa       ?PreLoadGPImage@GP_System@@QAEHPAD@Z 1002a4aa f   cossacks2:cossacks2.exe
 0001:000294b0       ?SetRoomOptions@@YAXPAD@Z  1002a4b0 f   cossacks2:cossacks2.exe
 0001:000294b6       ?ExplorerResize@@YAXHHHHH@Z 1002a4b6 f   cossacks2:cossacks2.exe
 0001:000294bc       ?LoadPicture@SQPicture@@QAEXPAD@Z 1002a4bc f   cossacks2:cossacks2.exe
 0001:000294c2       ?ExplorerRefresh@@YAXH@Z   1002a4c2 f   cossacks2:cossacks2.exe
 0001:000294c8       ?ExplorerBack@@YAXH@Z      1002a4c8 f   cossacks2:cossacks2.exe
 0001:000294ce       ?ExplorerSetVar@@YAXHPAD0@Z 1002a4ce f   cossacks2:cossacks2.exe
 0001:000294d4       ?LoadPalette@@YAXPBD@Z     1002a4d4 f   cossacks2:cossacks2.exe
 0001:000294da       ?ProcessExplorerDSS@@YAXHPAVDialogsSystem@@@Z 1002a4da f   cossacks2:cossacks2.exe
 0001:000294e0       ?SetCurPtr@@YAXH@Z         1002a4e0 f   cossacks2:cossacks2.exe
 0001:000294e6       ?RClose@@YAXPAX@Z          1002a4e6 f   cossacks2:cossacks2.exe
 0001:000294ec       ?ExplorerOpenRef@@YAXHPAD@Z 1002a4ec f   cossacks2:cossacks2.exe
 0001:000294f2       ?RunExplorer@@YAXHPADHHHH@Z 1002a4f2 f   cossacks2:cossacks2.exe
 0001:000294f8       ?RBlockRead@@YAKPAX0K@Z    1002a4f8 f   cossacks2:cossacks2.exe
 0001:000294fe       ?RFileSize@@YAKPAX@Z       1002a4fe f   cossacks2:cossacks2.exe
 0001:00029504       ?RReset@@YAPAXPBD@Z        1002a504 f   cossacks2:cossacks2.exe
 0001:0002950a       ?addGP_Button@ParentFrame@@QAEPAVGP_Button@@PAVSimpleDialog@@HHHHH@Z 1002a50a f   cossacks2:cossacks2.exe
 0001:00029510       ?addComplexBox@ParentFrame@@QAEPAVComplexBox@@HHHHP6AXHHHHHEH@ZHH@Z 1002a510 f   cossacks2:cossacks2.exe
 0001:00029516       ?addNewGP_VScrollBar@ParentFrame@@QAEPAVVScrollBar@@PAVSimpleDialog@@HHHHHHH@Z 1002a516 f   cossacks2:cossacks2.exe
 0001:0002951c       ?addChatViewer@ParentFrame@@QAEPAVChatViewer@@PAVSimpleDialog@@HHHHHPAPAPAD1PAH@Z 1002a51c f   cossacks2:cossacks2.exe
 0001:00029522       ?addPicture@ParentFrame@@QAEPAVPicture@@PAVSimpleDialog@@HHPAVSQPicture@@11@Z 1002a522 f   cossacks2:cossacks2.exe
 0001:00029528       ??0DialogsSystem@@QAE@XZ   1002a528 f   cossacks2:cossacks2.exe
 0001:0002952e       ??1SQPicture@@QAE@XZ       1002a52e f   cossacks2:cossacks2.exe
 0001:00029534       ?FlipPages@@YAXXZ          1002a534 f   cossacks2:cossacks2.exe
 0001:0002953a       ?Draw@SQPicture@@QAEXHH@Z  1002a53a f   cossacks2:cossacks2.exe
 0001:00029540       ?ExplorerGetVar@@YAPADHPAD@Z 1002a540 f   cossacks2:cossacks2.exe
 0001:00029546       ??0SQPicture@@QAE@PAD@Z    1002a546 f   cossacks2:cossacks2.exe
 0001:0002954c       ?SlowLoadPalette@@YAXPBD@Z 1002a54c f   cossacks2:cossacks2.exe
 0001:00029552       ?LoadFog@@YAXH@Z           1002a552 f   cossacks2:cossacks2.exe
 0001:00029558       ?ClearGChat@@YAXXZ         1002a558 f   cossacks2:cossacks2.exe
 0001:0002955e       ?Gclose@@YAXPAVGFILE@@@Z   1002a55e f   cossacks2:cossacks2.exe
 0001:00029564       ?Gopen@@YAPAVGFILE@@PAD0@Z 1002a564 f   cossacks2:cossacks2.exe
 0001:0002956a       ?CheckUsingAI@@YA_NXZ      1002a56a f   cossacks2:cossacks2.exe
 0001:00029570       ?RSeek@@YAKPAXH@Z          1002a570 f   cossacks2:cossacks2.exe
 0001:00029576       ?CheckGSC_Login@@YA_NXZ    1002a576 f   cossacks2:cossacks2.exe
 0001:0002957c       _GetTickCount@0            1002a57c f   kernel32:KERNEL32.dll
 0001:00029582       _CreateProcessA@40         1002a582 f   kernel32:KERNEL32.dll
 0001:00029588       _Sleep@4                   1002a588 f   kernel32:KERNEL32.dll
 0001:0002958e       _QueryPerformanceCounter@4 1002a58e f   kernel32:KERNEL32.dll
 0001:00029594       _RegCloseKey@4             1002a594 f   advapi32:ADVAPI32.dll
 0001:0002959a       _RegSetValueExA@24         1002a59a f   advapi32:ADVAPI32.dll
 0001:000295a0       _RegCreateKeyExA@36        1002a5a0 f   advapi32:ADVAPI32.dll
 0001:000295a6       _RegQueryValueExA@24       1002a5a6 f   advapi32:ADVAPI32.dll
 0001:000295ac       _RegOpenKeyExA@20          1002a5ac f   advapi32:ADVAPI32.dll
 0001:000295c0       ??_U@YAPAXI@Z              1002a5c0 f   libcpd:newaop.obj
 0001:000295e0       _strcpy                    1002a5e0 f   LIBC:strcat.obj
 0001:000295f0       _strcat                    1002a5f0 f   LIBC:strcat.obj
 0001:000296e0       _memset                    1002a6e0 f   LIBC:memset.obj
 0001:00029740       _strcmp                    1002a740 f   LIBC:strcmp.obj
 0001:000297c8       __RTC_CheckEsp             1002a7c8 f   LIBC:stack.obj
 0001:000297eb       @_RTC_CheckStackVars@8     1002a7eb f   LIBC:stack.obj
 0001:00029845       __RTC_InitBase             1002a845 f   LIBC:init.obj
 0001:0002986b       __RTC_Shutdown             1002a86b f   LIBC:init.obj
 0001:00029880       _memcpy                    1002a880 f   LIBC:memcpy.obj
 0001:00029bbd       _sprintf                   1002abbd f   LIBC:sprintf.obj
 0001:00029c15       __scprintf                 1002ac15 f   LIBC:sprintf.obj
 0001:00029c50       _strstr                    1002ac50 f   LIBC:strstr.obj
 0001:00029cf0       _strchr                    1002acf0 f   LIBC:strchr.obj
 0001:00029cf6       ___from_strstr_to_strchr   1002acf6     LIBC:strchr.obj
 0001:00029dae       _srand                     1002adae f   LIBC:rand.obj
 0001:00029db8       _rand                      1002adb8 f   LIBC:rand.obj
 0001:00029ddb       ??_L@YGXPAXIHP6EX0@Z1@Z    1002addb f   LIBC:ehvecctr.obj
 0001:00029e3d       ?_JumpToContinuation@@YGXPAXPAUEHRegistrationNode@@@Z 1002ae3d f   LIBC:trnsctrl.obj
 0001:00029e6d       ?_CallMemberFunction0@@YGXPAX0@Z 1002ae6d f   LIBC:trnsctrl.obj
 0001:00029e74       ?_CallMemberFunction1@@YGXPAX00@Z 1002ae74 f   LIBC:trnsctrl.obj
 0001:00029e7b       ?_CallMemberFunction2@@YGXPAX00H@Z 1002ae7b f   LIBC:trnsctrl.obj
 0001:00029e82       ?_UnwindNestedFrames@@YGXPAUEHRegistrationNode@@PAUEHExceptionRecord@@@Z 1002ae82 f   LIBC:trnsctrl.obj
 0001:00029ed4       ___CxxFrameHandler         1002aed4 f   LIBC:trnsctrl.obj
 0001:00029f0a       ___CxxLongjmpUnwind@4      1002af0a f   LIBC:trnsctrl.obj
 0001:00029f5f       ?_CallSETranslator@@YAHPAUEHExceptionRecord@@PAUEHRegistrationNode@@PAX2PBU_s_FuncInfo@@H1@Z 1002af5f f   LIBC:trnsctrl.obj
 0001:0002a0d6       ?_GetRangeOfTrysToCheck@@YAPBU_s_TryBlockMapEntry@@PBU_s_FuncInfo@@HHPAI1@Z 1002b0d6 f   LIBC:trnsctrl.obj
 0001:0002a150       ?_CreateFrameInfo@@YAPAUFrameInfo@@PAU1@PAX@Z 1002b150 f   LIBC:trnsctrl.obj
 0001:0002a169       ?IsExceptionObjectToBeDestroyed@@YAHPAX@Z 1002b169 f   LIBC:trnsctrl.obj
 0001:0002a184       ?_FindAndUnlinkFrame@@YAXPAUFrameInfo@@@Z 1002b184 f   LIBC:trnsctrl.obj
 0001:0002a1bd       ?_CallCatchBlock2@@YAPAXPAUEHRegistrationNode@@PBU_s_FuncInfo@@PAXHK@Z 1002b1bd f   LIBC:trnsctrl.obj
 0001:0002a218       __global_unwind2           1002b218 f   LIBC:exsup.obj
 0001:0002a25a       __local_unwind2            1002b25a f   LIBC:exsup.obj
 0001:0002a2b2       __NLG_Return2              1002b2b2     LIBC:exsup.obj
 0001:0002a2c2       __abnormal_termination     1002b2c2 f   LIBC:exsup.obj
 0001:0002a2e5       __NLG_Notify1              1002b2e5 f   LIBC:exsup.obj
 0001:0002a2ee       __NLG_Notify               1002b2ee f   LIBC:exsup.obj
 0001:0002a301       __NLG_Dispatch             1002b301     LIBC:exsup.obj
 0001:0002a318       ?__ArrayUnwind@@YGXPAXIHP6EX0@Z@Z 1002b318 f   LIBC:ehvecdtr.obj
 0001:0002a376       ??_M@YGXPAXIHP6EX0@Z@Z     1002b376 f   LIBC:ehvecdtr.obj
 0001:0002a3e0       _strlen                    1002b3e0 f   LIBC:strlen.obj
 0001:0002a470       _memmove                   1002b470 f   LIBC:memmove.obj
 0001:0002a7b0       _strncpy                   1002b7b0 f   LIBC:strncpy.obj
 0001:0002a8d4       __assert                   1002b8d4 f   LIBC:assert.obj
 0001:0002aca9       _atol                      1002bca9 f   LIBC:atox.obj
 0001:0002ad01       _atoi                      1002bd01 f   LIBC:atox.obj
 0001:0002ad06       __atoi64                   1002bd06 f   LIBC:atox.obj
 0001:0002ad7f       _sscanf                    1002bd7f f   LIBC:sscanf.obj
 0001:0002adc0       __chkstk                   1002bdc0 f   LIBC:chkstk.obj
 0001:0002adc0       __alloca_probe             1002bdc0     LIBC:chkstk.obj
 0001:0002adfd       _fclose                    1002bdfd f   LIBC:fclose.obj
 0001:0002ae53       _fprintf                   1002be53 f   LIBC:fprintf.obj
 0001:0002ae85       __fsopen                   1002be85 f   LIBC:fopen.obj
 0001:0002aeaf       _fopen                     1002beaf f   LIBC:fopen.obj
 0001:0002aec2       __onexit                   1002bec2 f   LIBC:onexit.obj
 0001:0002af44       _atexit                    1002bf44 f   LIBC:onexit.obj
 0001:0002af56       ___onexitinit              1002bf56 f   LIBC:onexit.obj
 0001:0002af7e       _free                      1002bf7e f   LIBC:free.obj
 0001:0002afb6       __heap_alloc               1002bfb6 f   LIBC:malloc.obj
 0001:0002affc       __nh_malloc                1002bffc f   LIBC:malloc.obj
 0001:0002b028       _malloc                    1002c028 f   LIBC:malloc.obj
 0001:0002b03a       __tolower                  1002c03a f   LIBC:tolower.obj
 0001:0002b042       _tolower                   1002c042 f   LIBC:tolower.obj
 0001:0002b117       _stricmp                   1002c117 f   LIBC:stricmp.obj
 0001:0002b117       __stricmp                  1002c117 f   LIBC:stricmp.obj
 0001:0002b15a       _realloc                   1002c15a f   LIBC:realloc.obj
 0001:0002b569       ?_RTC_Failure@@YAXPAXH@Z   1002c569 f   LIBC:error.obj
 0001:0002b5a7       ?_RTC_MemFailure@@YAXPAXHPBX@Z 1002c5a7 f   LIBC:error.obj
 0001:0002b73b       ?_RTC_StackFailure@@YAXPAXPBD@Z 1002c73b f   LIBC:error.obj
 0001:0002b7c7       __RTC_UninitUse            1002c7c7 f   LIBC:error.obj
 0001:0002b86d       _strtok                    1002c86d f   LIBC:strtok.obj
 0001:0002b91a       __chvalidator              1002c91a f   LIBC:isctype.obj
 0001:0002b92d       __isctype                  1002c92d f   LIBC:isctype.obj
 0001:0002b9ab       _localtime                 1002c9ab f   LIBC:localtim.obj
 0001:0002bb2b       _time                      1002cb2b f   LIBC:time.obj
 0001:0002bb64       _vsprintf                  1002cb64 f   LIBC:vsprintf.obj
 0001:0002bbbb       __vscprintf                1002cbbb f   LIBC:vsprintf.obj
 0001:0002bc80       _qsort                     1002cc80 f   LIBC:qsort.obj
 0001:0002bf03       _clock                     1002cf03 f   LIBC:clock.obj
 0001:0002bf46       ___inittime                1002cf46 f   LIBC:clock.obj
 0001:0002bf7d       __CRT_INIT@12              1002cf7d f   LIBC:dllcrt0.obj
 0001:0002c088       __DllMainCRTStartup@12     1002d088 f   LIBC:dllcrt0.obj
 0001:0002c16c       __amsg_exit                1002d16c f   LIBC:dllcrt0.obj
 0001:0002c19f       __RTC_NumErrors            1002d19f f   LIBC:userapi.obj
 0001:0002c1a3       __RTC_GetErrDesc           1002d1a3 f   LIBC:userapi.obj
 0001:0002c1bb       __RTC_SetErrorType         1002d1bb f   LIBC:userapi.obj
 0001:0002c1dc       __RTC_SetErrorFunc         1002d1dc f   LIBC:userapi.obj
 0001:0002c1ec       ?_RTC_GetErrorFunc@@YAP6AHHPBDH00ZZPBX@Z 1002d1ec f   LIBC:userapi.obj
 0001:0002c1f2       __chkesp                   1002d1f2 f   LIBC:chkesp.obj
 0001:0002c20a       __CRT_RTC_INIT             1002d20a f   LIBC:chkesp.obj
 0001:0002c20d       __flsbuf                   1002d20d f   LIBC:_flsbuf.obj
 0001:0002c3d0       __output                   1002d3d0 f   LIBC:output.obj
 0001:0002cbcc       __SEH_prolog               1002dbcc f   LIBC:sehprolg.obj
 0001:0002cc07       __SEH_epilog               1002dc07 f   LIBC:sehprolg.obj
 0001:0002cc20       __except_handler3          1002dc20 f   LIBC:exsup3.obj
 0001:0002cd06       __seh_longjmp_unwind@4     1002dd06 f   LIBC:exsup3.obj
 0001:0002cd89       ___FrameUnwindToState      1002dd89 f   LIBC:frame.obj
 0001:0002ce76       ___DestructExceptionObject 1002de76 f   LIBC:frame.obj
 0001:0002ceda       ?__uncaught_exception@@YA_NXZ 1002deda f   LIBC:frame.obj
 0001:0002cee6       ___CxxRegisterExceptionObject 1002dee6 f   LIBC:frame.obj
 0001:0002cf65       ___CxxDetectRethrow        1002df65 f   LIBC:frame.obj
 0001:0002cf9d       ___CxxUnregisterExceptionObject 1002df9d f   LIBC:frame.obj
 0001:0002d00a       ___CxxQueryExceptionSize   1002e00a f   LIBC:frame.obj
 0001:0002d00e       ___CxxCallUnwindDtor       1002e00e f   LIBC:frame.obj
 0001:0002d03c       ___CxxCallUnwindVecDtor    1002e03c f   LIBC:frame.obj
 0001:0002d399       ___CxxExceptionFilter      1002e399 f   LIBC:frame.obj
 0001:0002d7b6       ___InternalCxxFrameHandler 1002e7b6 f   LIBC:frame.obj
 0001:0002d858       ?terminate@@YAXXZ          1002e858 f   LIBC:hooks.obj
 0001:0002d885       ?unexpected@@YAXXZ         1002e885 f   LIBC:hooks.obj
 0001:0002d895       ?_inconsistency@@YAXXZ     1002e895 f   LIBC:hooks.obj
 0001:0002d8d0       __CallSettingFrame@12      1002e8d0 f   LIBC:lowhelpr.obj
 0001:0002d8f7       __NLG_Return               1002e8f7     LIBC:lowhelpr.obj
 0001:0002d91c       _abort                     1002e91c f   LIBC:abort.obj
 0001:0002d934       __flush                    1002e934 f   LIBC:fflush.obj
 0001:0002d991       _fflush                    1002e991 f   LIBC:fflush.obj
 0001:0002da39       __flushall                 1002ea39 f   LIBC:fflush.obj
 0001:0002da42       _setvbuf                   1002ea42 f   LIBC:setvbuf.obj
 0001:0002dae3       ___iob_func                1002eae3 f   LIBC:_file.obj
 0001:0002dae9       ___initstdio               1002eae9 f   LIBC:_file.obj
 0001:0002db8f       ___endstdio                1002eb8f f   LIBC:_file.obj
 0001:0002dba3       ___crtExitProcess          1002eba3 f   LIBC:crt0dat.obj
 0001:0002dc09       __cinit                    1002ec09 f   LIBC:crt0dat.obj
 0001:0002dd34       _exit                      1002ed34 f   LIBC:crt0dat.obj
 0001:0002dd45       __exit                     1002ed45 f   LIBC:crt0dat.obj
 0001:0002dd56       __cexit                    1002ed56 f   LIBC:crt0dat.obj
 0001:0002dd65       __c_exit                   1002ed65 f   LIBC:crt0dat.obj
 0001:0002dde5       _signal                    1002ede5 f   LIBC:winsig.obj
 0001:0002deed       _raise                     1002eeed f   LIBC:winsig.obj
 0001:0002e016       ___crtMessageBoxA          1002f016 f   LIBC:crtmbox.obj
 0001:0002e14d       __itoa                     1002f14d f   LIBC:xtoa.obj
 0001:0002e14d       _itoa                      1002f14d f   LIBC:xtoa.obj
 0001:0002e177       __ltoa                     1002f177 f   LIBC:xtoa.obj
 0001:0002e19e       __ultoa                    1002f19e f   LIBC:xtoa.obj
 0001:0002e225       __i64toa                   1002f225 f   LIBC:xtoa.obj
 0001:0002e256       __ui64toa                  1002f256 f   LIBC:xtoa.obj
 0001:0002e280       _strncat                   1002f280 f   LIBC:strncat.obj
 0001:0002e3e6       @__security_check_cookie@4 1002f3e6 f   LIBC:secchk.obj
 0001:0002e3f4       __ismbcspace               1002f3f4 f   LIBC:ismbspc.obj
 0001:0002e490       __allmul                   1002f490 f   LIBC:llmul.obj
 0001:0002e536       __input                    1002f536 f   LIBC:input.obj
 0001:0002f39d       __close                    1003039d f   LIBC:close.obj
 0001:0002f450       __freebuf                  10030450 f   LIBC:_freebuf.obj
 0001:0002f47b       __stbuf                    1003047b f   LIBC:_sftbuf.obj
 0001:0002f503       __ftbuf                    10030503 f   LIBC:_sftbuf.obj
 0001:0002f53f       __openfile                 1003053f f   LIBC:_open.obj
 0001:0002f6a7       __getstream                100306a7 f   LIBC:stream.obj
 0001:0002f719       __msize                    10030719 f   LIBC:msize.obj
 0001:0002f751       ___heap_select             10030751 f   LIBC:heapinit.obj
 0001:0002f76b       __heap_init                1003076b f   LIBC:heapinit.obj
 0001:0002f7bc       __heap_term                100307bc f   LIBC:heapinit.obj
 0001:0002f83b       __get_heap_handle          1003083b f   LIBC:heapinit.obj
 0001:0002f841       __get_sbh_threshold        10030841 f   LIBC:sbheap.obj
 0001:0002f856       ___sbh_heap_init           10030856 f   LIBC:sbheap.obj
 0001:0002f89e       ___sbh_find_block          1003089e f   LIBC:sbheap.obj
 0001:0002f8c9       ___sbh_free_block          100308c9 f   LIBC:sbheap.obj
 0001:0002fbe1       ___sbh_alloc_new_region    10030be1 f   LIBC:sbheap.obj
 0001:0002fc98       ___sbh_alloc_new_group     10030c98 f   LIBC:sbheap.obj
 0001:0002fd9e       ___sbh_resize_block        10030d9e f   LIBC:sbheap.obj
 0001:0003007d       ___sbh_heapmin             1003107d f   LIBC:sbheap.obj
 0001:0003014e       ___sbh_heap_check          1003114e f   LIBC:sbheap.obj
 0001:00030467       __set_sbh_threshold        10031467 f   LIBC:sbheap.obj
 0001:000304c2       ___sbh_alloc_block         100314c2 f   LIBC:sbheap.obj
 0001:000307be       ?_set_new_handler@@YAP6AHI@ZP6AHI@Z@Z 100317be f   LIBC:handler.obj
 0001:000307ce       ?_query_new_handler@@YAP6AHI@ZXZ 100317ce f   LIBC:handler.obj
 0001:000307d4       __callnewh                 100317d4 f   LIBC:handler.obj
 0001:0003080b       ___crtLCMapStringA         1003180b f   LIBC:a_map.obj
 0001:00030bc7       ___pwctype_func            10031bc7 f   LIBC:ctype.obj
 0001:00030bcd       ___pctype_func             10031bcd f   LIBC:ctype.obj
 0001:00030be0       ___ascii_stricmp           10031be0 f   LIBC:_stricmp.obj
 0001:000310b7       ?_RTC_GetSrcLine@@YAHKPADHPAHPAPAD@Z 100320b7 f   LIBC:pdblkup.obj
 0001:00031406       ___crtGetStringTypeA       10032406 f   LIBC:a_str.obj
 0001:000315c0       __tzset                    100325c0 f   LIBC:tzset.obj
 0001:000319cb       __isindst                  100329cb f   LIBC:tzset.obj
 0001:00031b58       ___tzset                   10032b58 f   LIBC:tzset.obj
 0001:00031b6d       _gmtime                    10032b6d f   LIBC:gmtime.obj
 0001:00031c70       __aulldiv                  10032c70 f   LIBC:ulldiv.obj
 0001:00031cd8       __ioinit                   10032cd8 f   LIBC:ioinit.obj
 0001:00031e83       __ioterm                   10032e83 f   LIBC:ioinit.obj
 0001:00031ea6       __setenvp                  10032ea6 f   LIBC:stdenvp.obj
 0001:000320d9       __setargv                  100330d9 f   LIBC:stdargv.obj
 0001:0003217b       ___crtGetEnvironmentStringsA 1003317b f   LIBC:a_env.obj
 0001:0003229d       __RTC_Initialize           1003329d f   LIBC:initsect.obj
 0001:000322e1       __RTC_Terminate            100332e1 f   LIBC:initsect.obj
 0001:0003235c       __XcptFilter               1003335c f   LIBC:winxfltr.obj
 0001:000324cd       ___CppXcptFilter           100334cd f   LIBC:winxfltr.obj
 0001:000324e8       __NMSG_WRITE               100334e8 f   LIBC:crt0msg.obj
 0001:0003265f       __GET_RTERRMSG             1003365f f   LIBC:crt0msg.obj
 0001:00032689       __FF_MSGBANNER             10033689 f   LIBC:crt0msg.obj
 0001:000326c2       __lseek                    100336c2 f   LIBC:lseek.obj
 0001:0003274e       __write                    1003374e f   LIBC:write.obj
 0001:0003293e       __getbuf                   1003393e f   LIBC:_getbuf.obj
 0001:00032982       __isatty                   10033982 f   LIBC:isatty.obj
 0001:000329a9       _wctomb                    100339a9 f   LIBC:wctomb.obj
 0001:00032a10       __aulldvrm                 10033a10 f   LIBC:ulldvrm.obj
 0001:00032aa5       __ValidateEH3RN            10033aa5 f   LIBC:eh3valid.obj
 0001:00032cce       ?__CxxUnhandledExceptionFilter@@YGJPAU_EXCEPTION_POINTERS@@@Z 10033cce f   LIBC:unhandld.obj
 0001:00032d1c       ?__CxxSetUnhandledExceptionFilter@@YAHXZ 10033d1c f   LIBC:unhandld.obj
 0001:00032d2f       ?__CxxRestoreUnhandledExceptionFilter@@YAXXZ 10033d2f f   LIBC:unhandld.obj
 0001:00032d3c       ?_ValidateRead@@YAHPBXI@Z  10033d3c f   LIBC:validate.obj
 0001:00032d58       ?_ValidateWrite@@YAHPAXI@Z 10033d58 f   LIBC:validate.obj
 0001:00032d74       ?_ValidateExecute@@YAHP6GHXZ@Z 10033d74 f   LIBC:validate.obj
 0001:00032d8c       __commit                   10033d8c f   LIBC:commit.obj
 0001:00032de3       _calloc                    10033de3 f   LIBC:calloc.obj
 0001:00032e5e       __fcloseall                10033e5e f   LIBC:closeall.obj
 0001:00032eb6       ___security_init_cookie    10033eb6 f   LIBC:seccinit.obj
 0001:00032f1c       ___security_error_handler  10033f1c f   LIBC:secfail.obj
 0001:00033064       __set_security_error_handler 10034064 f   LIBC:secfail.obj
 0001:00033074       ___buffer_overrun          10034074 f   LIBC:secfail.obj
 0001:00033080       ___set_buffer_overrun_handler 10034080 f   LIBC:secfail.obj
 0001:000332ba       __setmbcp                  100342ba f   LIBC:mbctype.obj
 0001:000334a0       __getmbcp                  100344a0 f   LIBC:mbctype.obj
 0001:000334b0       ___initmbctable            100344b0 f   LIBC:mbctype.obj
 0001:000334ce       __filbuf                   100344ce f   LIBC:_filbuf.obj
 0001:000335ac       _ungetc                    100345ac f   LIBC:ungetc.obj
 0001:00033618       _isalpha                   10034618 f   LIBC:_ctype.obj
 0001:00033646       _isupper                   10034646 f   LIBC:_ctype.obj
 0001:0003366f       _islower                   1003466f f   LIBC:_ctype.obj
 0001:00033698       _isdigit                   10034698 f   LIBC:_ctype.obj
 0001:000336c1       _isxdigit                  100346c1 f   LIBC:_ctype.obj
 0001:000336ef       _isspace                   100346ef f   LIBC:_ctype.obj
 0001:00033718       _ispunct                   10034718 f   LIBC:_ctype.obj
 0001:00033741       _isalnum                   10034741 f   LIBC:_ctype.obj
 0001:0003376f       _isprint                   1003476f f   LIBC:_ctype.obj
 0001:0003379d       _isgraph                   1003479d f   LIBC:_ctype.obj
 0001:000337cb       _iscntrl                   100347cb f   LIBC:_ctype.obj
 0001:000337f4       ___isascii                 100347f4 f   LIBC:_ctype.obj
 0001:00033801       ___toascii                 10034801 f   LIBC:_ctype.obj
 0001:00033809       ___iscsymf                 10034809 f   LIBC:_ctype.obj
 0001:00033846       ___iscsym                  10034846 f   LIBC:_ctype.obj
 0001:00033883       _mbtowc                    10034883 f   LIBC:mbtowc.obj
 0001:0003394b       __resetstkoflw             1003494b f   LIBC:resetstk.obj
 0001:00033a2e       __dosmaperr                10034a2e f   LIBC:dosmap.obj
 0001:00033a8d       __alloc_osfhnd             10034a8d f   LIBC:osfinfo.obj
 0001:00033b2a       __set_osfhnd               10034b2a f   LIBC:osfinfo.obj
 0001:00033ba1       __free_osfhnd              10034ba1 f   LIBC:osfinfo.obj
 0001:00033c1b       __get_osfhandle            10034c1b f   LIBC:osfinfo.obj
 0001:00033c57       __open_osfhandle           10034c57 f   LIBC:osfinfo.obj
 0001:00033cf4       __sopen                    10034cf4 f   LIBC:open.obj
 0001:00033fc4       __open                     10034fc4 f   LIBC:open.obj
 0001:00033fdb       ___ansicp                  10034fdb f   LIBC:convrtcp.obj
 0001:0003401e       ___convertcp               1003501e f   LIBC:convrtcp.obj
 0001:000341e7       _getenv                    100351e7 f   LIBC:getenv.obj
 0001:00034268       __lseeki64                 10035268 f   LIBC:lseeki64.obj
 0001:00034307       __fptrap                   10035307 f   LIBC:crt0fp.obj
 0001:00034310       __read                     10035310 f   LIBC:read.obj
 0001:000344fe       __chsize                   100354fe f   LIBC:chsize.obj
 0001:0003465a       __mbsnbicoll               1003565a f   LIBC:mbsnbico.obj
 0001:00034699       ___wtomb_environ           10035699 f   LIBC:wtombenv.obj
 0001:00034729       __setmode                  10035729 f   LIBC:setmode.obj
 0001:000347c7       ___crtCompareStringA       100357c7 f   LIBC:a_cmp.obj
 0001:00034bf9       ___crtsetenv               10035bf9 f   LIBC:setenv.obj
 0001:00034dce       __strdup                   10035dce f   LIBC:strdup.obj
 0001:00034df9       __mbschr                   10035df9 f   LIBC:mbschr.obj
 0001:00034e60       _inet_addr@4               10035e60 f   wsock32:WSOCK32.dll
 0001:00034e66       _closesocket@4             10035e66 f   wsock32:WSOCK32.dll
 0001:00034e6c       _connect@12                10035e6c f   wsock32:WSOCK32.dll
 0001:00034e72       _setsockopt@20             10035e72 f   wsock32:WSOCK32.dll
 0001:00034e78       _socket@12                 10035e78 f   wsock32:WSOCK32.dll
 0001:00034e7e       _htons@4                   10035e7e f   wsock32:WSOCK32.dll
 0001:00034e84       _gethostbyname@4           10035e84 f   wsock32:WSOCK32.dll
 0001:00034e8a       _shutdown@8                10035e8a f   wsock32:WSOCK32.dll
 0001:00034e90       _send@16                   10035e90 f   wsock32:WSOCK32.dll
 0001:00034e96       ___WSAFDIsSet@8            10035e96 f   wsock32:WSOCK32.dll
 0001:00034e9c       _select@20                 10035e9c f   wsock32:WSOCK32.dll
 0001:00034ea2       _WSAGetLastError@0         10035ea2 f   wsock32:WSOCK32.dll
 0001:00034ea8       _recv@16                   10035ea8 f   wsock32:WSOCK32.dll
 0001:00034eae       _WSAStartup@8              10035eae f   wsock32:WSOCK32.dll
 0001:00034eb4       _WSACleanup@0              10035eb4 f   wsock32:WSOCK32.dll
 0001:00034eba       _ioctlsocket@12            10035eba f   wsock32:WSOCK32.dll
 0001:00034ec0       _RtlUnwind@16              10035ec0 f   kernel32:KERNEL32.dll
 0001:00034ec6       _GetModuleFileNameA@12     10035ec6 f   kernel32:KERNEL32.dll
 0001:00034ecc       _HeapFree@12               10035ecc f   kernel32:KERNEL32.dll
 0001:00034ed2       _HeapAlloc@12              10035ed2 f   kernel32:KERNEL32.dll
 0001:00034ed8       _HeapReAlloc@16            10035ed8 f   kernel32:KERNEL32.dll
 0001:00034ede       _RaiseException@16         10035ede f   kernel32:KERNEL32.dll
 0001:00034ee4       _GetVersionExA@4           10035ee4 f   kernel32:KERNEL32.dll
 0001:00034eea       _GetProcAddress@8          10035eea f   kernel32:KERNEL32.dll
 0001:00034ef0       _LoadLibraryA@4            10035ef0 f   kernel32:KERNEL32.dll
 0001:00034ef6       _DebugBreak@0              10035ef6 f   kernel32:KERNEL32.dll
 0001:00034efc       _GetSystemTimeAsFileTime@4 10035efc f   kernel32:KERNEL32.dll
 0001:00034f02       _GetCommandLineA@0         10035f02 f   kernel32:KERNEL32.dll
 0001:00034f08       _ExitProcess@4             10035f08 f   kernel32:KERNEL32.dll
 0001:00034f0e       _GetModuleHandleA@4        10035f0e f   kernel32:KERNEL32.dll
 0001:00034f14       _TerminateProcess@8        10035f14 f   kernel32:KERNEL32.dll
 0001:00034f1a       _GetCurrentProcess@0       10035f1a f   kernel32:KERNEL32.dll
 0001:00034f20       _GetLastError@0            10035f20 f   kernel32:KERNEL32.dll
 0001:00034f26       _SetConsoleCtrlHandler@8   10035f26 f   kernel32:KERNEL32.dll
 0001:00034f2c       _CloseHandle@4             10035f2c f   kernel32:KERNEL32.dll
 0001:00034f32       _HeapSize@12               10035f32 f   kernel32:KERNEL32.dll
 0001:00034f38       _HeapDestroy@4             10035f38 f   kernel32:KERNEL32.dll
 0001:00034f3e       _HeapCreate@12             10035f3e f   kernel32:KERNEL32.dll
 0001:00034f44       _VirtualFree@12            10035f44 f   kernel32:KERNEL32.dll
 0001:00034f4a       _VirtualAlloc@16           10035f4a f   kernel32:KERNEL32.dll
 0001:00034f50       _IsBadWritePtr@8           10035f50 f   kernel32:KERNEL32.dll
 0001:00034f56       _LCMapStringA@24           10035f56 f   kernel32:KERNEL32.dll
 0001:00034f5c       _WideCharToMultiByte@32    10035f5c f   kernel32:KERNEL32.dll
 0001:00034f62       _MultiByteToWideChar@24    10035f62 f   kernel32:KERNEL32.dll
 0001:00034f68       _LCMapStringW@24           10035f68 f   kernel32:KERNEL32.dll
 0001:00034f6e       _GetProcessHeap@0          10035f6e f   kernel32:KERNEL32.dll
 0001:00034f74       _FreeLibrary@4             10035f74 f   kernel32:KERNEL32.dll
 0001:00034f7a       _GetStringTypeA@20         10035f7a f   kernel32:KERNEL32.dll
 0001:00034f80       _GetStringTypeW@16         10035f80 f   kernel32:KERNEL32.dll
 0001:00034f86       _GetTimeZoneInformation@4  10035f86 f   kernel32:KERNEL32.dll
 0001:00034f8c       _SetHandleCount@4          10035f8c f   kernel32:KERNEL32.dll
 0001:00034f92       _GetStdHandle@4            10035f92 f   kernel32:KERNEL32.dll
 0001:00034f98       _GetFileType@4             10035f98 f   kernel32:KERNEL32.dll
 0001:00034f9e       _GetStartupInfoA@4         10035f9e f   kernel32:KERNEL32.dll
 0001:00034fa4       _FreeEnvironmentStringsA@4 10035fa4 f   kernel32:KERNEL32.dll
 0001:00034faa       _GetEnvironmentStrings@0   10035faa f   kernel32:KERNEL32.dll
 0001:00034fb0       _FreeEnvironmentStringsW@4 10035fb0 f   kernel32:KERNEL32.dll
 0001:00034fb6       _GetEnvironmentStringsW@0  10035fb6 f   kernel32:KERNEL32.dll
 0001:00034fbc       _UnhandledExceptionFilter@4 10035fbc f   kernel32:KERNEL32.dll
 0001:00034fc2       _WriteFile@20              10035fc2 f   kernel32:KERNEL32.dll
 0001:00034fc8       _SetFilePointer@16         10035fc8 f   kernel32:KERNEL32.dll
 0001:00034fce       _InterlockedExchange@8     10035fce f   kernel32:KERNEL32.dll
 0001:00034fd4       _VirtualQuery@12           10035fd4 f   kernel32:KERNEL32.dll
 0001:00034fda       _SetUnhandledExceptionFilter@4 10035fda f   kernel32:KERNEL32.dll
 0001:00034fe0       _IsBadReadPtr@8            10035fe0 f   kernel32:KERNEL32.dll
 0001:00034fe6       _IsBadCodePtr@4            10035fe6 f   kernel32:KERNEL32.dll
 0001:00034fec       _FlushFileBuffers@4        10035fec f   kernel32:KERNEL32.dll
 0001:00034ff2       _GetCurrentThreadId@0      10035ff2 f   kernel32:KERNEL32.dll
 0001:00034ff8       _GetCurrentProcessId@0     10035ff8 f   kernel32:KERNEL32.dll
 0001:00034ffe       _GetACP@0                  10035ffe f   kernel32:KERNEL32.dll
 0001:00035004       _GetOEMCP@0                10036004 f   kernel32:KERNEL32.dll
 0001:0003500a       _GetCPInfo@8               1003600a f   kernel32:KERNEL32.dll
 0001:00035010       _VirtualProtect@16         10036010 f   kernel32:KERNEL32.dll
 0001:00035016       _GetSystemInfo@4           10036016 f   kernel32:KERNEL32.dll
 0001:0003501c       _SetStdHandle@8            1003601c f   kernel32:KERNEL32.dll
 0001:00035022       _CreateFileA@28            10036022 f   kernel32:KERNEL32.dll
 0001:00035028       _GetLocaleInfoA@16         10036028 f   kernel32:KERNEL32.dll
 0001:0003502e       _ReadFile@20               1003602e f   kernel32:KERNEL32.dll
 0001:00035034       _SetEndOfFile@4            10036034 f   kernel32:KERNEL32.dll
 0001:0003503a       _CompareStringA@24         1003603a f   kernel32:KERNEL32.dll
 0001:00035040       _CompareStringW@24         10036040 f   kernel32:KERNEL32.dll
 0001:00035046       _SetEnvironmentVariableA@8 10036046 f   kernel32:KERNEL32.dll
 0002:00000000       __imp__RegCloseKey@4       10037000     advapi32:ADVAPI32.dll
 0002:00000004       __imp__RegCreateKeyExA@36  10037004     advapi32:ADVAPI32.dll
 0002:00000008       __imp__RegQueryValueExA@24 10037008     advapi32:ADVAPI32.dll
 0002:0000000c       __imp__RegOpenKeyExA@20    1003700c     advapi32:ADVAPI32.dll
 0002:00000010       __imp__RegSetValueExA@24   10037010     advapi32:ADVAPI32.dll
 0002:00000014       \177ADVAPI32_NULL_THUNK_DATA 10037014     advapi32:ADVAPI32.dll
 0002:00000018       __imp__CreateFileA@28      10037018     kernel32:KERNEL32.dll
 0002:0000001c       __imp__SetStdHandle@8      1003701c     kernel32:KERNEL32.dll
 0002:00000020       __imp__GetSystemInfo@4     10037020     kernel32:KERNEL32.dll
 0002:00000024       __imp__VirtualProtect@16   10037024     kernel32:KERNEL32.dll
 0002:00000028       __imp__GetCPInfo@8         10037028     kernel32:KERNEL32.dll
 0002:0000002c       __imp__GetOEMCP@0          1003702c     kernel32:KERNEL32.dll
 0002:00000030       __imp__GetACP@0            10037030     kernel32:KERNEL32.dll
 0002:00000034       __imp__GetCurrentProcessId@0 10037034     kernel32:KERNEL32.dll
 0002:00000038       __imp__GetCurrentThreadId@0 10037038     kernel32:KERNEL32.dll
 0002:0000003c       __imp__FlushFileBuffers@4  1003703c     kernel32:KERNEL32.dll
 0002:00000040       __imp__IsBadCodePtr@4      10037040     kernel32:KERNEL32.dll
 0002:00000044       __imp__IsBadReadPtr@8      10037044     kernel32:KERNEL32.dll
 0002:00000048       __imp__SetUnhandledExceptionFilter@4 10037048     kernel32:KERNEL32.dll
 0002:0000004c       __imp__VirtualQuery@12     1003704c     kernel32:KERNEL32.dll
 0002:00000050       __imp__InterlockedExchange@8 10037050     kernel32:KERNEL32.dll
 0002:00000054       __imp__SetFilePointer@16   10037054     kernel32:KERNEL32.dll
 0002:00000058       __imp__WriteFile@20        10037058     kernel32:KERNEL32.dll
 0002:0000005c       __imp__UnhandledExceptionFilter@4 1003705c     kernel32:KERNEL32.dll
 0002:00000060       __imp__GetEnvironmentStringsW@0 10037060     kernel32:KERNEL32.dll
 0002:00000064       __imp__FreeEnvironmentStringsW@4 10037064     kernel32:KERNEL32.dll
 0002:00000068       __imp__GetEnvironmentStrings@0 10037068     kernel32:KERNEL32.dll
 0002:0000006c       __imp__FreeEnvironmentStringsA@4 1003706c     kernel32:KERNEL32.dll
 0002:00000070       __imp__GetStartupInfoA@4   10037070     kernel32:KERNEL32.dll
 0002:00000074       __imp__GetFileType@4       10037074     kernel32:KERNEL32.dll
 0002:00000078       __imp__GetStdHandle@4      10037078     kernel32:KERNEL32.dll
 0002:0000007c       __imp__SetHandleCount@4    1003707c     kernel32:KERNEL32.dll
 0002:00000080       __imp__GetTimeZoneInformation@4 10037080     kernel32:KERNEL32.dll
 0002:00000084       __imp__GetStringTypeW@16   10037084     kernel32:KERNEL32.dll
 0002:00000088       __imp__GetStringTypeA@20   10037088     kernel32:KERNEL32.dll
 0002:0000008c       __imp__GetLocaleInfoA@16   1003708c     kernel32:KERNEL32.dll
 0002:00000090       __imp__GetProcessHeap@0    10037090     kernel32:KERNEL32.dll
 0002:00000094       __imp__LCMapStringW@24     10037094     kernel32:KERNEL32.dll
 0002:00000098       __imp__MultiByteToWideChar@24 10037098     kernel32:KERNEL32.dll
 0002:0000009c       __imp__WideCharToMultiByte@32 1003709c     kernel32:KERNEL32.dll
 0002:000000a0       __imp__LCMapStringA@24     100370a0     kernel32:KERNEL32.dll
 0002:000000a4       __imp__IsBadWritePtr@8     100370a4     kernel32:KERNEL32.dll
 0002:000000a8       __imp__VirtualAlloc@16     100370a8     kernel32:KERNEL32.dll
 0002:000000ac       __imp__VirtualFree@12      100370ac     kernel32:KERNEL32.dll
 0002:000000b0       __imp__HeapCreate@12       100370b0     kernel32:KERNEL32.dll
 0002:000000b4       __imp__HeapDestroy@4       100370b4     kernel32:KERNEL32.dll
 0002:000000b8       __imp__HeapSize@12         100370b8     kernel32:KERNEL32.dll
 0002:000000bc       __imp__CloseHandle@4       100370bc     kernel32:KERNEL32.dll
 0002:000000c0       __imp__SetConsoleCtrlHandler@8 100370c0     kernel32:KERNEL32.dll
 0002:000000c4       __imp__GetLastError@0      100370c4     kernel32:KERNEL32.dll
 0002:000000c8       __imp__GetCurrentProcess@0 100370c8     kernel32:KERNEL32.dll
 0002:000000cc       __imp__TerminateProcess@8  100370cc     kernel32:KERNEL32.dll
 0002:000000d0       __imp__GetModuleHandleA@4  100370d0     kernel32:KERNEL32.dll
 0002:000000d4       __imp__ExitProcess@4       100370d4     kernel32:KERNEL32.dll
 0002:000000d8       __imp__GetCommandLineA@0   100370d8     kernel32:KERNEL32.dll
 0002:000000dc       __imp__GetSystemTimeAsFileTime@4 100370dc     kernel32:KERNEL32.dll
 0002:000000e0       __imp__DebugBreak@0        100370e0     kernel32:KERNEL32.dll
 0002:000000e4       __imp__LoadLibraryA@4      100370e4     kernel32:KERNEL32.dll
 0002:000000e8       __imp__GetProcAddress@8    100370e8     kernel32:KERNEL32.dll
 0002:000000ec       __imp__GetVersionExA@4     100370ec     kernel32:KERNEL32.dll
 0002:000000f0       __imp__RaiseException@16   100370f0     kernel32:KERNEL32.dll
 0002:000000f4       __imp__HeapReAlloc@16      100370f4     kernel32:KERNEL32.dll
 0002:000000f8       __imp__HeapAlloc@12        100370f8     kernel32:KERNEL32.dll
 0002:000000fc       __imp__HeapFree@12         100370fc     kernel32:KERNEL32.dll
 0002:00000100       __imp__GetModuleFileNameA@12 10037100     kernel32:KERNEL32.dll
 0002:00000104       __imp__RtlUnwind@16        10037104     kernel32:KERNEL32.dll
 0002:00000108       __imp__ReadFile@20         10037108     kernel32:KERNEL32.dll
 0002:0000010c       __imp__SetEndOfFile@4      1003710c     kernel32:KERNEL32.dll
 0002:00000110       __imp__CompareStringA@24   10037110     kernel32:KERNEL32.dll
 0002:00000114       __imp__CompareStringW@24   10037114     kernel32:KERNEL32.dll
 0002:00000118       __imp__FreeLibrary@4       10037118     kernel32:KERNEL32.dll
 0002:0000011c       __imp__GetTickCount@0      1003711c     kernel32:KERNEL32.dll
 0002:00000120       __imp__QueryPerformanceCounter@4 10037120     kernel32:KERNEL32.dll
 0002:00000124       __imp__Sleep@4             10037124     kernel32:KERNEL32.dll
 0002:00000128       __imp__CreateProcessA@40   10037128     kernel32:KERNEL32.dll
 0002:0000012c       __imp__SetEnvironmentVariableA@8 1003712c     kernel32:KERNEL32.dll
 0002:00000130       \177KERNEL32_NULL_THUNK_DATA 10037130     kernel32:KERNEL32.dll
 0002:00000134       __imp__WSACleanup@0        10037134     wsock32:WSOCK32.dll
 0002:00000138       __imp__WSAStartup@8        10037138     wsock32:WSOCK32.dll
 0002:0000013c       __imp__recv@16             1003713c     wsock32:WSOCK32.dll
 0002:00000140       __imp__WSAGetLastError@0   10037140     wsock32:WSOCK32.dll
 0002:00000144       __imp__select@20           10037144     wsock32:WSOCK32.dll
 0002:00000148       __imp____WSAFDIsSet@8      10037148     wsock32:WSOCK32.dll
 0002:0000014c       __imp__send@16             1003714c     wsock32:WSOCK32.dll
 0002:00000150       __imp__shutdown@8          10037150     wsock32:WSOCK32.dll
 0002:00000154       __imp__gethostbyname@4     10037154     wsock32:WSOCK32.dll
 0002:00000158       __imp__htons@4             10037158     wsock32:WSOCK32.dll
 0002:0000015c       __imp__socket@12           1003715c     wsock32:WSOCK32.dll
 0002:00000160       __imp__setsockopt@20       10037160     wsock32:WSOCK32.dll
 0002:00000164       __imp__connect@12          10037164     wsock32:WSOCK32.dll
 0002:00000168       __imp__closesocket@4       10037168     wsock32:WSOCK32.dll
 0002:0000016c       __imp__inet_addr@4         1003716c     wsock32:WSOCK32.dll
 0002:00000170       __imp__ioctlsocket@12      10037170     wsock32:WSOCK32.dll
 0002:00000174       \177WSOCK32_NULL_THUNK_DATA 10037174     wsock32:WSOCK32.dll
 0002:00000178       __imp_?addChatViewer@ParentFrame@@QAEPAVChatViewer@@PAVSimpleDialog@@HHHHHPAPAPAD1PAH@Z 10037178     cossacks2:cossacks2.exe
 0002:0000017c       __imp_?addNewGP_VScrollBar@ParentFrame@@QAEPAVVScrollBar@@PAVSimpleDialog@@HHHHHHH@Z 1003717c     cossacks2:cossacks2.exe
 0002:00000180       __imp_?addComplexBox@ParentFrame@@QAEPAVComplexBox@@HHHHP6AXHHHHHEH@ZHH@Z 10037180     cossacks2:cossacks2.exe
 0002:00000184       __imp_?addGP_Button@ParentFrame@@QAEPAVGP_Button@@PAVSimpleDialog@@HHHHH@Z 10037184     cossacks2:cossacks2.exe
 0002:00000188       __imp_?SmallWhiteFont@@3VRLCFont@@A 10037188     cossacks2:cossacks2.exe
 0002:0000018c       __imp_?RFileSize@@YAKPAX@Z 1003718c     cossacks2:cossacks2.exe
 0002:00000190       __imp_?RBlockRead@@YAKPAX0K@Z 10037190     cossacks2:cossacks2.exe
 0002:00000194       __imp_?RunExplorer@@YAXHPADHHHH@Z 10037194     cossacks2:cossacks2.exe
 0002:00000198       __imp_?ExplorerOpenRef@@YAXHPAD@Z 10037198     cossacks2:cossacks2.exe
 0002:0000019c       __imp_?RClose@@YAXPAX@Z    1003719c     cossacks2:cossacks2.exe
 0002:000001a0       __imp_?CheckGSC_Login@@YA_NXZ 100371a0     cossacks2:cossacks2.exe
 0002:000001a4       __imp_?RSeek@@YAKPAXH@Z    100371a4     cossacks2:cossacks2.exe
 0002:000001a8       __imp_?CheckUsingAI@@YA_NXZ 100371a8     cossacks2:cossacks2.exe
 0002:000001ac       __imp_?Gopen@@YAPAVGFILE@@PAD0@Z 100371ac     cossacks2:cossacks2.exe
 0002:000001b0       __imp_?Gclose@@YAXPAVGFILE@@@Z 100371b0     cossacks2:cossacks2.exe
 0002:000001b4       __imp_?ClearGChat@@YAXXZ   100371b4     cossacks2:cossacks2.exe
[...]
 0003:00000d74       ?LastState@@3EA            1003ed74     GSC_ChatWindow.obj
 0003:00000d78       ?NCHATS@@3PAHA             1003ed78     GSC_ChatWindow.obj
 0003:00000d84       ?MAXCHATS@@3PAHA           1003ed84     GSC_ChatWindow.obj
 0003:00000d90       ?ChatMess@@3PAPAPADA       1003ed90     GSC_ChatWindow.obj
 0003:00000d9c       ?ChatSender@@3PAPAPADA     1003ed9c     GSC_ChatWindow.obj
 0003:00000da8       ?CM_Vis@@3_NA              1003eda8     GSC_ChatWindow.obj
 0003:00000da9       ?CC_Vis@@3_NA              1003eda9     GSC_ChatWindow.obj
 0003:00000daa       ?RCOLOR@@3EA               1003edaa     GSC_ChatWindow.obj
 0003:00000dac       ?LoadGP@@3HA               1003edac     GSC_ChatWindow.obj
 0003:00000db0       ?GRIF@@3PAURoomInfo@@A     1003edb0     GSC_ChatWindow.obj
 0003:00000db4       ?NeedSmallSize@@3_NA       1003edb4     GSC_ChatWindow.obj
 0003:00000db5       ?NeedBigSize@@3_NA         1003edb5     GSC_ChatWindow.obj
 0003:00000db6       ?LockResize@@3_NA          1003edb6     GSC_ChatWindow.obj
 0003:00000db7       ?RunHomePageAnyway@@3_NA   1003edb7     GSC_ChatWindow.obj
 0003:00000db8       ?WasHere@@3_NA             1003edb8     GSC_ChatWindow.obj
 0003:00000db9       ?InRoom@@3_NA              1003edb9     GSC_ChatWindow.obj
 0003:00000dbc       ?LastSVS_Time@@3HA         1003edbc     GSC_ChatWindow.obj
 0003:00000dc0       ?CSYS@@3VChatSystem@@A     1003edc0     GSC_ChatWindow.obj
 0003:00001178       ?NMCASH@@3VCNamesCash@@A   1003f178     GSC_ChatWindow.obj
 0003:000023c4       __aenvptr                  100403c4     LIBC:dllcrt0.obj
 0003:000023c8       __wenvptr                  100403c8     LIBC:dllcrt0.obj
 0003:000023cc       ___error_mode              100403cc     LIBC:dllcrt0.obj
 0003:000023d0       ___app_type                100403d0     LIBC:dllcrt0.obj
 0003:000023d8       ?_pCurrentException@@3PAUEHExceptionRecord@@A 100403d8     LIBC:frame.obj
 0003:000023dc       ?_pCurrentExContext@@3PAU_CONTEXT@@A 100403dc     LIBC:frame.obj
 0003:000023e0       ?__ProcessingThrow@@3HA    100403e0     LIBC:frame.obj
 0003:000023e4       ?__pSETranslator@@3P6AXIPAU_EXCEPTION_POINTERS@@@ZA 100403e4     LIBC:hooks.obj
 0003:000023e8       ?__pTerminate@@3P6AXXZA    100403e8     LIBC:hooks.obj
 0003:000023ec       __cflush                   100403ec     LIBC:_file.obj
 0003:000023f0       _errno                     100403f0     LIBC:crt0dat.obj
 0003:000023f4       __doserrno                 100403f4     LIBC:crt0dat.obj
 0003:000023f8       __umaskval                 100403f8     LIBC:crt0dat.obj
 0003:000023fc       __osplatform               100403fc     LIBC:crt0dat.obj
 0003:00002400       __osver                    10040400     LIBC:crt0dat.obj
 0003:00002404       __winver                   10040404     LIBC:crt0dat.obj
 0003:00002408       __winmajor                 10040408     LIBC:crt0dat.obj
 0003:0000240c       __winminor                 1004040c     LIBC:crt0dat.obj
 0003:00002410       ___argc                    10040410     LIBC:crt0dat.obj
 0003:00002414       ___argv                    10040414     LIBC:crt0dat.obj
 0003:00002418       ___wargv                   10040418     LIBC:crt0dat.obj
 0003:0000241c       __environ                  1004041c     LIBC:crt0dat.obj
 0003:00002420       ___initenv                 10040420     LIBC:crt0dat.obj
 0003:00002424       __wenviron                 10040424     LIBC:crt0dat.obj
 0003:00002428       ___winitenv                10040428     LIBC:crt0dat.obj
 0003:0000242c       __pgmptr                   1004042c     LIBC:crt0dat.obj
 0003:00002430       __wpgmptr                  10040430     LIBC:crt0dat.obj
 0003:00002434       __exitflag                 10040434     LIBC:crt0dat.obj
 0003:00002438       __C_Termination_Done       10040438     LIBC:crt0dat.obj
 0003:0000243c       __C_Exit_Done              1004043c     LIBC:crt0dat.obj
 0003:00002468       __stdbuf                   10040468     LIBC:_sftbuf.obj
 0003:00002470       ?_pnhHeap@@3P6AHI@ZA       10040470     LIBC:handler.obj
 0003:00002474       __newmode                  10040474     LIBC:_newmode.obj
 0003:0000247c       ___lc_handle               1004047c     LIBC:nlsdata2.obj
 0003:00002494       ___lc_codepage             10040494     LIBC:nlsdata2.obj
 0003:00002498       ___lc_collate_cp           10040498     LIBC:nlsdata2.obj
 0003:000026dc       __pxcptinfoptrs            100406dc     LIBC:winxfltr.obj
 0003:000026e0       __adbgmsg                  100406e0     LIBC:crt0msg.obj
 0003:00002740       __commode                  10040740     LIBC:ncommode.obj
 0003:00002744       __fmode                    10040744     LIBC:txtmode.obj
 0003:0000274c       ___mblcid                  1004074c     <common>
 0003:00002750       ___ismbcodepage            10040750     <common>
 0003:00002760       __mbctype                  10040760     <common>
 0003:00002864       ___mbcodepage              10040864     <common>
 0003:00002870       ___mbulinfo                10040870     <common>
 0003:00002880       __mbcasemap                10040880     <common>
 0003:00002980       __nhandle                  10040980     <common>
 0003:000029a0       ___pioinfo                 100409a0     <common>
 0003:00002aa0       ___sbh_initialized         10040aa0     <common>
 0003:00002aa4       ___sbh_pHeaderDefer        10040aa4     <common>
 0003:00002aa8       ___sbh_cntHeaderList       10040aa8     <common>
 0003:00002aac       ___sbh_pHeaderList         10040aac     <common>
 0003:00002ab0       ___sbh_threshold           10040ab0     <common>
 0003:00002ab4       ___sbh_pHeaderScan         10040ab4     <common>
 0003:00002ab8       ___sbh_sizeHeaderList      10040ab8     <common>
 0003:00002abc       ___sbh_indGroupDefer       10040abc     <common>
 0003:00002ac0       __crtheap                  10040ac0     <common>
 0003:00002ac4       ___active_heap             10040ac4     <common>
 0003:00002ac8       ___env_initialized         10040ac8     <common>
 0003:00002acc       ___onexitend               10040acc     <common>
 0003:00002ad0       ___onexitbegin             10040ad0     <common>
 0003:00002ad4       ___mbctype_initialized     10040ad4     <common>
 0003:00002ad8       __FPinit                   10040ad8     <common>
 0003:00002adc       ___piob                    10040adc     <common>
 0003:00002ae0       __bufin                    10040ae0     <common>
 0003:00003ae0       __nstream                  10041ae0     <common>
 0003:00003ae4       __acmdln                   10041ae4     <common>
 0003:00003ae8       __pRawDllMain              10041ae8     <common>

 entry point at        0001:0002c088

 Static symbols

 0001:0000dcd3       __catch$?Extract@ParsedRQ@@QAEXPADH@Z$0 1000ecd3 f   ParseRQ.obj
 0001:0000e520       _ciCallbacksArrayElementFreeFn 1000f520 f   chatCallbacks.obj
 0001:0000e740       _ciFreeCallbackData        1000f740 f   chatCallbacks.obj
 0001:00012ef0       _ciGetCallbackIndexByID    10013ef0 f   chatCallbacks.obj
 0001:00013140       _ciChannelTableHashFn      10014140 f   chatChannel.obj
 0001:000131d0       _ciHashString              100141d0 f   chatChannel.obj
 0001:000132b0       _ciChannelTableCompareFn   100142b0 f   chatChannel.obj
 0001:00013410       _ciChannelTableElementFreeFn 10014410 f   chatChannel.obj
 0001:000139c0       _ciUserTableHashFn         100149c0 f   chatChannel.obj
 0001:00013a50       _ciUserTableCompareFn      10014a50 f   chatChannel.obj
 0001:00013b70       _ciUserTableElementFreeFn  10014b70 f   chatChannel.obj
 0001:00013e60       _ciGetChannel              10014e60 f   chatChannel.obj
 0001:000140b0       _ciChannelListUsersMap     100150b0 f   chatChannel.obj
 0001:00015360       _ciUserEnumChannelsMap     10016360 f   chatChannel.obj
 0001:00015670       _ciUserChangeNickMap       10016670 f   chatChannel.obj
 0001:00015f50       _ciEnumJoinedChannelsMap   10016f50 f   chatChannel.obj
 0001:000161b0       _ciSetUserBasicInfoMap     100171b0 f   chatChannel.obj
 0001:00016460       _ciGetUserBasicInfoMap     10017460 f   chatChannel.obj
 0001:00016600       _ciClearAllUsersChannelMap 10017600 f   chatChannel.obj
 0001:00016750       _ciClearAllUsersUsersMap   10017750 f   chatChannel.obj
 0001:000168a0       _ciFilterTimedout          100178a0 f   chatHandlers.obj
 0001:00016ed0       _ciRemoveFilter            10017ed0 f   chatHandlers.obj
 0001:00016fe0       _ciDestroyFilter           10017fe0 f   chatHandlers.obj
 0001:00017070       _ciFinishFilter            10018070 f   chatHandlers.obj
 0001:00017a60       _ciAddFilter               10018a60 f   chatHandlers.obj
 0001:00019820       _ciFindFilter              1001a820 f   chatHandlers.obj
 0001:0001bfe0       _ciParseValue              1001cfe0 f   chatHandlers.obj
 0001:0001f180       _ciThink                   10020180 f   chatMain.obj
 0001:0001f2d0       _ciProcessServerMessage    100202d0 f   chatMain.obj
 0001:0001f9e0       _ciCheckForID              100209e0 f   chatMain.obj
 0001:0001fcf0       _ciSetQuietModeEnumJoinedChannels 10020cf0 f   chatMain.obj
 0001:00022a40       _ciRandomCookie            10023a40 f   chatMain.obj
 0001:00022ac0       _ciSendGetKey              10023ac0 f   chatMain.obj
 0001:00023080       _ciSendGetChannelKey       10024080 f   chatMain.obj
 0001:00023560       _ciBufferInit              10024560 f   chatSocket.obj
 0001:00023600       _ciBufferFree              10024600 f   chatSocket.obj
 0001:00024050       _ciSocketThinkSend         10025050 f   chatSocket.obj
 0001:000243a0       _ciBufferClipFront         100253a0 f   chatSocket.obj
 0001:00024520       _ciSocketSelect            10025520 f   chatSocket.obj
 0001:000247d0       _ciSocketThinkRecv         100257d0 f   chatSocket.obj
 0001:00024b30       _ciBufferPreAppend         10025b30 f   chatSocket.obj
 0001:000254d0       _ciAddParam                100264d0 f   chatSocket.obj
 0001:00025810       _ciParseInput              10026810 f   chatSocket.obj
 0001:00025b60       _ciParseMessage            10026b60 f   chatSocket.obj
 0001:00026170       _ciParseUser               10027170 f   chatSocket.obj
 0001:00026550       _FreeElement               10027550 f   darray.obj
 0001:00026790       _ArrayGrow                 10027790 f   darray.obj
 0001:00026820       _SetElement                10027820 f   darray.obj
 0001:00026f10       _mylsearch                 10027f10 f   darray.obj
 0001:00026f90       _mybsearch                 10027f90 f   darray.obj
 0001:00027a00       _MD5Transform              10028a00 f   md5c.obj
 0001:000288a0       _Encode                    100298a0 f   md5c.obj
 0001:00028960       _Decode                    10029960 f   md5c.obj
 0001:000289f0       _MD5_memcpy                100299f0 f   md5c.obj
 0001:00028a40       _MD5_memset                10029a40 f   md5c.obj
 0001:000290f0       _GenerateID                1002a0f0 f   nonport.obj
 0001:00029220       _Util_RandSeed             1002a220 f   nonport.obj
 0001:00029280       _Util_RandInt              1002a280 f   nonport.obj
 0001:000292d0       _longrand                  1002a2d0 f   nonport.obj
 0001:00029320       _nextlongrand              1002a320 f   nonport.obj
 0001:00029ce0       _$$$00001                  1002ace0 f   LIBC:strchr.obj
 0001:00029f24       ?CatchGuardHandler@@YA?AW4_EXCEPTION_DISPOSITION@@PAUEHExceptionRecord@@PAUCatchGuardRN@@PAX2@Z 1002af24 f   LIBC:trnsctrl.obj
 0001:0002a024       ?TranslatorGuardHandler@@YA?AW4_EXCEPTION_DISPOSITION@@PAUEHExceptionRecord@@PAUTranslatorGuardRN@@PAX2@Z 1002b024 f   LIBC:trnsctrl.obj
 0001:0002a218       $$$00001                   1002b218 f   LIBC:exsup.obj
 0001:0002a238       __unwind_handler           1002b238 f   LIBC:exsup.obj
 0001:0002a238       $$$00003                   1002b238 f   LIBC:exsup.obj
 0001:0002a25a       $$$00005                   1002b25a f   LIBC:exsup.obj
 0001:0002a2c2       $$$00007                   1002b2c2 f   LIBC:exsup.obj
 0001:0002a306       ?ArrayUnwindFilter@@YAHPAU_EXCEPTION_POINTERS@@@Z 1002b306 f   LIBC:ehvecdtr.obj
 0001:0002a306       $$$00011                   1002b306 f   LIBC:exsup.obj
 0001:0002b2bc       ?DebuggerProbe@@YAHK@Z     1002c2bc f   LIBC:error.obj
 0001:0002b309       ?DebuggerRuntime@@YAHKHPAXPB_W@Z 1002c309 f   LIBC:error.obj
 0001:0002b368       ?IntToString@@YAPADH@Z     1002c368 f   LIBC:error.obj
 0001:0002b3a2       ?GetCurrentTib@@YAPAU_TIB@@XZ 1002c3a2 f   LIBC:error.obj
 0001:0002b3a9       ?WinGetDebugContext@@YAPAXXZ 1002c3a9 f   LIBC:error.obj
 0001:0002b3b3       ?Win95IsDebuggerPresent@@YGHXZ 1002c3b3 f   LIBC:error.obj
 0001:0002b3c4       ?Initialize@@YAHXZ         1002c3c4 f   LIBC:error.obj
 0001:0002b42c       ?_IsDebuggerPresent@@YAHXZ 1002c42c f   LIBC:error.obj
 0001:0002b45c       ?failwithmessage@@YAXPAXHHPBD@Z 1002c45c f   LIBC:error.obj
 0001:0002bbf0       _swap                      1002cbf0 f   LIBC:qsort.obj
 0001:0002bc10       _shortsort                 1002cc10 f   LIBC:qsort.obj
 0001:0002c323       _write_char                1002d323 f   LIBC:output.obj
 0001:0002c356       _write_multi_char          1002d356 f   LIBC:output.obj
 0001:0002c37a       _write_string              1002d37a f   LIBC:output.obj
 0001:0002c3b1       _get_int_arg               1002d3b1 f   LIBC:output.obj
 0001:0002c3ba       _get_int64_arg             1002d3ba f   LIBC:output.obj
 0001:0002c3c6       _get_short_arg             1002d3c6 f   LIBC:output.obj
 0001:0002cd21       $$$00003                   1002dd21 f   LIBC:exsup3.obj
 0001:0002cd21       ?TypeMatch@@YAHPBU_s_HandlerType@@PBU_s_CatchableType@@PBU_s_ThrowInfo@@@Z 1002dd21 f   LIBC:frame.obj
 0001:0002cd70       ?FrameUnwindFilter@@YAHPAU_EXCEPTION_POINTERS@@@Z 1002dd70 f   LIBC:frame.obj
 0001:0002ce46       ?ExFilterRethrow@@YAHPAU_EXCEPTION_POINTERS@@@Z 1002de46 f   LIBC:frame.obj
 0001:0002cebb       ?AdjustPointer@@YAPAXPAXABUPMD@@@Z 1002debb f   LIBC:frame.obj
 0001:0002d073       ?CallCatchBlock@@YAPAXPAUEHExceptionRecord@@PAUEHRegistrationNode@@PAU_CONTEXT@@PBU_s_FuncInfo@@PAXHK@Z 1002e073 f   LIBC:frame.obj
 0001:0002d21d       ?BuildCatchObject@@YAXPAUEHExceptionRecord@@PAXPBU_s_HandlerType@@PBU_s_CatchableType@@@Z 1002e21d f   LIBC:frame.obj
 0001:0002d4a1       ?CatchIt@@YAXPAUEHExceptionRecord@@PAUEHRegistrationNode@@PAU_CONTEXT@@PAXPBU_s_FuncInfo@@PBU_s_HandlerType@@PBU_s_CatchableType@@PBU_s_TryBlockMapEntry@@H1E@Z 1002e4a1 f   LIBC:frame.obj
 0001:0002d508       ?FindHandlerForForeignException@@YAXPAUEHExceptionRecord@@PAUEHRegistrationNode@@PAU_CONTEXT@@PAXPBU_s_FuncInfo@@HH1@Z 1002e508 f   LIBC:frame.obj
 0001:0002d5c4       ?FindHandler@@YAXPAUEHExceptionRecord@@PAUEHRegistrationNode@@PAU_CONTEXT@@PAXPBU_s_FuncInfo@@EH1@Z 1002e5c4 f   LIBC:frame.obj
 0001:0002d9cc       _flsall                    1002e9cc f   LIBC:fflush.obj
 0001:0002dbd3       __initterm                 1002ebd3 f   LIBC:crt0dat.obj
 0001:0002dbeb       __initterm_e               1002ebeb f   LIBC:crt0dat.obj
 0001:0002dc73       _doexit                    1002ec73 f   LIBC:crt0dat.obj
 0001:0002dd74       _ctrlevent_capture@4       1002ed74 f   LIBC:winsig.obj
 0001:0002ddac       _siglookup                 1002edac f   LIBC:winsig.obj
 0001:0002e10f       _xtoa                      1002f10f f   LIBC:xtoa.obj
 0001:0002e1b8       _x64toa@20                 1002f1b8 f   LIBC:xtoa.obj
 0001:0002e3b5       _report_failure            1002f3b5 f   LIBC:secchk.obj
 0001:0002e4c4       __hextodec                 1002f4c4 f   LIBC:input.obj
 0001:0002e4f6       __inc                      1002f4f6 f   LIBC:input.obj
 0001:0002e50c       __un_inc                   1002f50c f   LIBC:input.obj
 0001:0002e519       __whiteout                 1002f519 f   LIBC:input.obj
 0001:000307ef       _strncnt                   100317ef f   LIBC:a_map.obj
 0001:00030c2e       ?GetImageInfo@@YAPAUImageInfo@@K@Z 10031c2e f   LIBC:pdblkup.obj
 0001:00030f7f       ?GetPdbDll@@YAPAUHINSTANCE__@@XZ 10031f7f f   LIBC:pdblkup.obj
 0001:00031813       _cvtdate                   10032813 f   LIBC:tzset.obj
 0001:00031f6d       _parse_cmdline             10032f6d f   LIBC:stdargv.obj
 0001:00032325       _xcptlookup                10033325 f   LIBC:winxfltr.obj
 0001:00033090       _getSystemCP               10034090 f   LIBC:mbctype.obj
 0001:000330d6       _CPtoLCID                  100340d6 f   LIBC:mbctype.obj
 0001:00033105       _setSBCS                   10034105 f   LIBC:mbctype.obj
 0001:0003312e       _setSBUpLow                1003412e f   LIBC:mbctype.obj
 0001:000347ab       _strncnt                   100357ab f   LIBC:a_cmp.obj
 0001:00034b4b       _findenv                   10035b4b f   LIBC:setenv.obj
 0001:00034b98       _copy_environ              10035b98 f   LIBC:setenv.obj
 0001:00035050       __unwindfunclet$??0ChatSystem@@QAE@XZ$0 10036050 f   cs_chat.obj
 0001:0003505e       __ehhandler$??0ChatSystem@@QAE@XZ 1003605e f   cs_chat.obj
 0001:00035070       __unwindfunclet$??1ChatSystem@@QAE@XZ$0 10036070 f   cs_chat.obj
 0001:0003507e       __unwindfunclet$??1ChatSystem@@QAE@XZ$1 1003607e f   cs_chat.obj
 0001:00035096       __ehhandler$??1ChatSystem@@QAE@XZ 10036096 f   cs_chat.obj
 0001:000350a0       __unwindfunclet$?EnterPersonalMessage@@YAXPAD_N@Z$0 100360a0 f   GSC_ChatWindow.obj
 0001:000350b5       __unwindfunclet$?EnterPersonalMessage@@YAXPAD_N@Z$1 100360b5 f   GSC_ChatWindow.obj
 0001:000350ca       __unwindfunclet$?EnterPersonalMessage@@YAXPAD_N@Z$2 100360ca f   GSC_ChatWindow.obj
 0001:000350df       __ehhandler$?EnterPersonalMessage@@YAXPAD_N@Z 100360df f   GSC_ChatWindow.obj
 0001:000350f0       __unwindfunclet$?Process_GSC_ChatWindow@@YAH_NPAURoomInfo@@@Z$0 100360f0 f   GSC_ChatWindow.obj
 0001:000350f8       __unwindfunclet$?Process_GSC_ChatWindow@@YAH_NPAURoomInfo@@@Z$1 100360f8 f   GSC_ChatWindow.obj
 0001:0003510a       __unwindfunclet$?Process_GSC_ChatWindow@@YAH_NPAURoomInfo@@@Z$2 1003610a f   GSC_ChatWindow.obj
 0001:0003511c       __unwindfunclet$?Process_GSC_ChatWindow@@YAH_NPAURoomInfo@@@Z$3 1003611c f   GSC_ChatWindow.obj
 0001:0003512e       __unwindfunclet$?Process_GSC_ChatWindow@@YAH_NPAURoomInfo@@@Z$4 1003612e f   GSC_ChatWindow.obj
 0001:00035140       __unwindfunclet$?Process_GSC_ChatWindow@@YAH_NPAURoomInfo@@@Z$5 10036140 f   GSC_ChatWindow.obj
 0001:00035152       __unwindfunclet$?Process_GSC_ChatWindow@@YAH_NPAURoomInfo@@@Z$6 10036152 f   GSC_ChatWindow.obj
 0001:00035164       __unwindfunclet$?Process_GSC_ChatWindow@@YAH_NPAURoomInfo@@@Z$7 10036164 f   GSC_ChatWindow.obj
 0001:00035179       __ehhandler$?Process_GSC_ChatWindow@@YAH_NPAURoomInfo@@@Z 10036179 f   GSC_ChatWindow.obj
 0001:00035190       __unwindfunclet$?StartGSCGame@@YAXPAD0HPAHPAPAD11@Z$0 10036190 f   GSC_ChatWindow.obj
 0001:0003519b       __ehhandler$?StartGSCGame@@YAXPAD0HPAHPAPAD11@Z 1003619b f   GSC_ChatWindow.obj
 0001:000351b0       __unwindfunclet$?ReportGSCGame@@YAXHHPAUOnePlayerReport@@@Z$0 100361b0 f   GSC_ChatWindow.obj
 0001:000351b8       __ehhandler$?ReportGSCGame@@YAXHHPAUOnePlayerReport@@@Z 100361b8 f   GSC_ChatWindow.obj
 0001:000351d0       __unwindfunclet$?ReportAliveState@@YAXHPAH@Z$0 100361d0 f   GSC_ChatWindow.obj
 0001:000351d8       __ehhandler$?ReportAliveState@@YAXHPAH@Z 100361d8 f   GSC_ChatWindow.obj
 0001:000351f0       __unwindfunclet$?SendVictoryState@@YAXHE@Z$0 100361f0 f   GSC_ChatWindow.obj
 0001:000351f8       __ehhandler$?SendVictoryState@@YAXHE@Z 100361f8 f   GSC_ChatWindow.obj
 0001:00035210       __ehhandler$?Extract@ParsedRQ@@QAEXPADH@Z 10036210 f   ParseRQ.obj
 0001:00035220       _$E1                       10036220 f   GSC_ChatWindow.obj
 0001:00035270       _$E4                       10036270 f   GSC_ChatWindow.obj
 0001:000352c0       _$E2                       100362c0 f   GSC_ChatWindow.obj
 0001:00035300       _$E5                       10036300 f   GSC_ChatWindow.obj
