Const.lst
f16y.rlc
16x16w.rlc
f16y1.rlc
mm16y1.rlc
mm16w.rlc
menu32y1.rlc
menu32w1.rlc
gf24y.rlc
gf24w.rlc
16x16r.rlc
mode.dat
sb_up_e.bpx
sb_up_p.bpx
sb_up_d.bpx
sb_dn_e.bpx
sb_dn_p.bpx
sb_dn_d.bpx
sb_lf_e.bpx
sb_lf_p.bpx
sb_lf_d.bpx
sb_ri_e.bpx
sb_ri_p.bpx
sb_ri_d.bpx
sb_vbar.bpx
sb_vbare.bpx
sb_hbar.bpx
sb_hbare.bpx
sb_btn.bpx
chk1_on.bpx
chk1_off.bpx
chk2_on.bpx
chk2_off.bpx
SoundList.txt
Sound\ResKam1.wav
Sound\ResKam2.wav
Sound\ResKam3.wav
Sound\ResKam4.wav
Sound\ResDer1.wav
Sound\ResDer2.wav
Sound\ResDer3.wav
Sound\ResDer4.wav
Sound\VodaVzryv.wav
Sound\UnSmert1.wav
Sound\UnSmert2.wav
Sound\UnSmert3.wav
Sound\Vorota.wav
Sound\More1.wav
Sound\More2.wav
Sound\More3.wav
Sound\More4.wav
Sound\More5.wav
Sound\Veter.wav
Sound\Ptica0.wav
Sound\Ptica1.wav
Sound\Ptica2.wav
Sound\Ptica3.wav
Sound\Ptica4.wav
Sound\Ptica5.wav
Sound\Ptica6.wav
Sound\Ptica7.wav
Sound\Ptica8.wav
Sound\Ptica9.wav
Sound\PticaA.wav
Sound\PticaB.wav
Sound\PticaC.wav
Sound\PticaD.wav
Sound\PticaE.wav
Sound\ZdKuznica.wav
Sound\LukNorm.wav
Sound\LukOgon.wav
Sound\ZdCerkov1.wav
Sound\ZdCerkov2.wav
Sound\ZdGorCentr.wav
Sound\Ogon1.wav
Sound\Ogon2.wav
Sound\ZdRynok.wav
Sound\Pushka1.wav
Sound\Pushka2.wav
Sound\Pushka3.wav
Sound\PushkaVzryv.wav
Sound\MortiraVzryv1.wav
Sound\MortiraVzryv2.wav
Sound\MortiraVzryv3.wav
Sound\Mnogostvol.wav
Sound\PushkaSmert.wav
Sound\MortiraSmert.wav
Sound\Mushket1.wav
Sound\Mushket2.wav
Sound\Mushket3.wav
Sound\Mushket4.wav
Sound\Mushket5.wav
Sound\Sabla1.wav
Sound\Sabla2.wav
Sound\Sabla3.wav
Sound\Sabla4.wav
Sound\Trevoga1.wav
Sound\ZdKonushna.wav
Sound\ZdMelnica1.wav
Sound\ZdMelnica2.wav
Sound\VsadnikSmert1.wav
Sound\VsadnikSmert2.wav
Sound\VsadnikSmert3.wav
Sound\ZdAkademia.wav
Sound\ZdShahta.wav
Sound\ZdDiplom.wav
Sound\ZdKazarma.wav
Sound\ZdKazarma18.wav
Sound\Krestjanin1.wav
Sound\Krestjanin2.wav
Sound\Krestjanin3.wav
Sound\Pika1.wav
Sound\Pika2.wav
Sound\Pika3.wav
Sound\Stroit1.wav
Sound\Stroit2.wav
Sound\Stroit3.wav
Sound\Port.wav
Sound\ZdCerkovRus.wav
Sound\ZdArtDepo.wav
Sound\Kopyta1.wav
Sound\Kopyta2.wav
Sound\Kopyta3.wav
Sound\Kopyta4.wav
Sound\OffComanda1.wav
Sound\Baraban.wav
Sound\BarabanArab.wav
Sound\Volynka.wav
Sound\MenuSvitok1.wav
Sound\MenuSvitok2.wav
Sound\MenuSvitok3.wav
Sound\MenuSvitKlik.wav
Sound\MenuKnopka.wav
Sound\MenuKnopKlik.wav
Sound\ZdMinaret.wav
Sound\ZdMechet.wav
Sound\ZdBashnia.wav
Sound\standartkey.wav
Sound\start.wav
icons.gp
smicons.gp
flag.gp
Interface\GScroll.gp
smicons1.gp
IconList.txt
Border.gp
Comment.txt
Missions\miss_tu.txt
Missions\miss_name.txt
Missions\miss_fr_01.txt
Text\text0_ENG.txt
Text\Hints.txt
Text\AI.txt
Text\text5_ENG.txt
Text\text2_ENG.txt
Text\text4_ENG.txt
Text\Hints1.txt
Text\battl.txt
Text\text6.txt
Text\text8-eng.txt
Text\mdlist.txt
Text\text7.txt
Text\text1_ENG-pravka.txt
Text\battl-pravka.txt
Text\Text3_ENG-pravka.txt
Nations.lst
nres.dat
textures.lst
weapon.ads
DIM1.gp
NUCL.rlc
FIELD.rlc
FIELDS.rlc
FWORK1.rlc
FWORK1S.rlc
FWORK2.rlc
FWORK2S.rlc
FWORK3.rlc
FWORK3S.rlc
GROW1.rlc
GROW1S.rlc
GROW2.rlc
GROW2S.rlc
GROW3.rlc
GROW3S.rlc
GROW4.rlc
GROW4S.rlc
GROW0.rlc
GROW0S.rlc
WEXP.rlc
DIM32.gp
DIMMOR.gp
DIMAW.gp
PU2.gp
PU3.rlc
PU4.gp
PU6.gp
OBLALL.gp
STRELA.gp
OGON.gp
DFIRE1_1.gp
DFIRE1_2.gp
SMOKE1_1.gp
SMOKE1_2.gp
SMOKE2_1.gp
SMOKE2_2.gp
BUI.gp
SHLEIF.gp
SMALL.gp
VODABUL.gp
VODABUL2.gp
SHAR.gp
NADUV.gp
weapon.nds
treelist.lst
TREES.gp
treelist.rsr
stonlist.lst
STONES.gp
stonlist.rsr
holelist.lst
HOLES.rlc
holelist.rsr
complex.lst
complex.rsr
walls.lst
nmlist.txt
bar.md
BARC.gp
BARB.gp
BARH.gp
ba1.md
BA1S.rlc
BA1G.gp
BA1H.gp
bae.md
BAEC.gp
BAEB.gp
BAEH.gp
mus.md
MUSG.gp
MUSB.gp
MUSV.gp
MUSH.gp
MUSP.gp
MUSU.gp
pus.md
PUSG.gp
PUSH.gp
PUSALL.gp
kre.md
KRES.gp
KRET.gp
KREU.gp
KREK.gp
KREB.gp
KREM.gp
KREG.gp
KREH.gp
KRED.gp
KREP.gp
lok.md
LOKS.gp
LOKR.gp
LOKU.gp
LOKH.gp
pie.md
PIEG.gp
PIEB.gp
PIEU.gp
PIEH.gp
PIEP.gp
ofi.md
OFIG.gp
OFIU.gp
OFIH.gp
OFIP.gp
mel.md
MEL.gp
MELROT.gp
MELDEZ.gp
meln2.md
ME2.gp
ME2ROT.gp
ME2DEZ.gp
sha.md
SHA.gp
SHADEZ.gp
shafe.md
SHAFE.gp
SHAFEDEZ.gp
shaug.md
SHAUG.gp
SHAUGDEZ.gp
KOLESO.gp
kon.md
KONRU.gp
KONRUDEZ.gp
eud.md
DOH.gp
DOHDEZ.gp
rud.md
RUD.gp
RUDDEZ.gp
ukd.md
UKD.gp
UKDDEZ.gp
kru.md
KRUS.gp
KRUT.gp
KRUU.gp
KRUK.gp
KRUB.gp
KRUM.gp
KRUG.gp
KRUH.gp
KRUD.gp
KRUP.gp
ric.md
RICS.gp
RICG.gp
RICH.gp
RICU.gp
tow.md
TOW.gp
TOWDEZ.gp
to2.md
TO2.gp
TO2DEZ.gp
get.md
GETS.gp
GETG.gp
GETH.gp
GETU.gp
kzk.md
KZKS.gp
KZKG.gp
KZKH.gp
KZKU.gp
pe2.md
PE2G.gp
PE2B.gp
PE2U.gp
PE2H.gp
PE2P.gp
dra.md
DRAS.gp
DRAG.gp
DRAH.gp
DRAV.gp
evr.md
EVR.gp
EVRDEZ.gp
pir.md
PIRG.gp
PIRB.gp
PIRU.gp
PIRH.gp
PIRP.gp
cur.md
CUR.gp
CURDEZ.gp
str.md
STRG.gp
STRV.gp
STRP.gp
STRH.gp
rus.md
RUS.gp
RUSDEZ.gp
rst.md
RST.gp
RSTDEZ.gp
Field1.md
uks.md
UKS.gp
UKSDEZ.gp
kom.md
KOMG.gp
KOMH.gp
KOMU.gp
KOMP.gp
kst.md
KSTG.gp
KSTB.gp
KSTV.gp
KSTH.gp
KSTP.gp
mor.md
GAUB.gp
GAUBG.gp
GAUBH.gp
tag.md
TAGS.gp
TAGG.gp
TAGH.gp
TAGU.gp
kr3.md
KR3S.gp
KR3T.gp
KR3U.gp
KR3K.gp
KR3B.gp
KR3M.gp
KR3G.gp
KR3H.gp
KR3D.gp
KR3P.gp
mue.md
MUEG.gp
MUEB.gp
MUEV.gp
MUEH.gp
MUEP.gp
gre.md
GREG.gp
GREB.gp
GREV.gp
GREH.gp
GREP.gp
GREU.gp
GREY.gp
gus.md
GUSS.gp
GUSN.gp
GUSU.gp
GUSH.gp
wall_kr.md
wall_ev.md
wall_ukr.md
tak.md
TAKS.gp
TAKG.gp
TAKH.gp
TAKU.gp
sve.md
SVEG.gp
SVEL.gp
SVEH.gp
svu.md
SVPG.gp
SVPL.gp
SVPU.gp
SVPP.gp
brt.md
BRTB.gp
BRTH.gp
oft.md
OFTG.gp
OFTU.gp
OFTH.gp
OFTP.gp
tat.md
TATS.gp
TATG.gp
TATH.gp
TATV.gp
jia.md
JIAG.gp
JIAB.gp
JIAV.gp
JIAH.gp
JIAN.gp
kpo.md
KPOS.gp
KPOT.gp
KPOU.gp
KPOK.gp
KPOB.gp
KPOM.gp
KPOG.gp
KPOH.gp
KPOD.gp
KPOP.gp
kaa.md
KAAS.gp
KAAN.gp
KAAU.gp
KAAH.gp
krp.md
KRPS.gp
KRPT.gp
KRPU.gp
KRPK.gp
KRPB.gp
KRPM.gp
KRPG.gp
KRPH.gp
KRPD.gp
KRPP.gp
sti.md
STIG.gp
STIV.gp
STIP.gp
STIH.gp
lpf.md
LPFG.gp
LPFB.gp
LPFV.gp
LPFH.gp
LPFP.gp
mua.md
MUAG.gp
MUAV.gp
MUAP.gp
MUAH.gp
swr.md
SWRS.gp
SWRG.gp
SWRH.gp
SWRU.gp
swp.md
SWPG.gp
SWPB.gp
SWPU.gp
SWPH.gp
SWPP.gp
sag.md
SAGG.gp
SAGB.gp
SAGV.gp
SAGH.gp
SAGP.gp
SAGU.gp
SAGY.gp
sak.md
SAKG.gp
SAKH.gp
SAKU.gp
SAKS.gp
ens.md
ENSG.gp
ENSB.gp
ENSV.gp
ENSH.gp
ENSP.gp
env.md
ENVS.gp
ENVG.gp
ENVH.gp
lre.md
LRES.gp
LREG.gp
LREH.gp
LREU.gp
vga.md
VGAG.gp
VGAV.gp
VGAH.gp
lpt.md
LPTG.gp
LPTU.gp
LPTH.gp
l2t.md
L2PG.gp
L2PB.gp
L2PU.gp
L2PH.gp
L2PP.gp
mut.md
MUTG.gp
MUTU.gp
MUTH.gp
mup.md
MUPG.gp
MUPB.gp
MUPV.gp
MUPH.gp
MUPP.gp
mun.md
MUNG.gp
MUNB.gp
MUNV.gp
MUNH.gp
MUNP.gp
kvt.md
KVTS.gp
KVTG.gp
KVTH.gp
KVTU.gp
drf.md
DRFS.gp
DRFG.gp
DRFH.gp
DRFV.gp
kof.md
KOFS.gp
KOFG.gp
KOFH.gp
KOFV.gp
sv2.md
SVUG.gp
SVUL.gp
SVUH.gp
pip.md
PIPG.gp
PIPB.gp
PIPU.gp
PIPH.gp
PIPP.gp
tkp.md
TKPS.gp
TKPR.gp
TKPH.gp
TKPU.gp
mam.md
MAMS.gp
MAMG.gp
MAMH.gp
MAMU.gp
paa.md
PAAG.gp
PAAB.gp
PAAV.gp
PAAH.gp
PAAP.gp
rua.md
RUAG.gp
RUAU.gp
RUAH.gp
krt.md
KRTS.gp
KRTT.gp
KRTU.gp
KRTK.gp
KRTB.gp
KRTM.gp
KRTG.gp
KRTH.gp
KRTD.gp
KRTP.gp
krs.md
KRSS.gp
KRST.gp
KRSU.gp
KRSK.gp
KRSB.gp
KRSM.gp
KRSG.gp
KRSH.gp
KRSD.gp
KRSP.gp
ceb.md
CEBBR.gp
CEBBRDEZ.gp
cei.md
CEI.gp
CEIDEZ.gp
CEH.md
CEH.gp
CEHDEZ.gp
cep.md
CEP.gp
CEPDEZ.gp
csw.md
CSW.gp
CSWDEZ.gp
OF2.md
OF2G.gp
OF2U.gp
OF2H.gp
OF2P.gp
CES.md
CES.gp
CESDEZ.gp
ADET.md
ADET.gp
ADETDEZ.gp
bat.md
BAT.gp
BATDEZ.gp
cet.md
CET.gp
CETDEZ.gp
DIPT.md
DIPT.gp
DIPTDEZ.gp
kut.md
KUT.gp
KUTDEZ.gp
met.md
MET.gp
METDEZ.gp
mit.md
MIT.gp
MITDEZ.gp
rit.md
RIT.gp
RITDEZ.gp
dot.md
DOT.gp
DOTDEZ.gp
CPL.md
CPL.gp
CPLDEZ.gp
dpl.md
DPL.gp
DPLDEZ.gp
dob.md
DOBBR.gp
DOBBRDEZ.gp
DOF2.md
DOF2.gp
DOF2DEZ.gp
doi.md
DOI.gp
DOIDEZ.gp
dop.md
DOP.gp
DOPDEZ.gp
dpr.md
DPR.gp
DPRDEZ.gp
dos.md
DOS.gp
DOSDEZ.gp
dsw.md
DSW.gp
DSWDEZ.gp
KOT.md
KOT.gp
KOTDEZ.gp
cal.md
CAL.gp
CALDEZ.gp
cef2.md
CEF.gp
CEFDEZ.gp
dal.md
DAL.gp
DALDEZ.gp
CAU.md
CAU.gp
CAUDEZ.gp
F2.gp
dau.md
DAU.gp
DAUDEZ.gp
sam.md
SAMG.gp
SAMB.gp
SAMV.gp
SAMH.gp
SAMP.gp
dr2.md
DR2S.gp
DR2G.gp
DR2H.gp
DR2V.gp
psm.md
PSMG.gp
PSMV.gp
PSMH.gp
she.md
SHE.gp
SHEBUI.gp
OSHE.gp
OSHEBUI.gp
SHEDEZ.gp
OSHEDEZ.gp
link.md
LINK.gp
LINKBUI.gp
OLINK.gp
OLINKBUI.gp
LINKDEZ.gp
OLINKDEZ.gp
yah.md
YAH.gp
OYAH.gp
YAHBUI.gp
OYAHBUI.gp
YAHDEZ.gp
OYAHDEZ.gp
skl1.md
SKL1.gp
SKL1DEZ.gp
SKL2.md
SKL2.gp
SKL2DEZ.gp
SKL3.md
SKL3.gp
SKL3DEZ.gp
SKL4.md
SKL4.gp
SKL4DEZ.gp
prs.md
PRSN.gp
OPRS.gp
VES.gp
PRSBUI.gp
OPRSBUI.gp
PRSDEZ.gp
OPRSDEZ.gp
PRSV.gp
lod.md
LOD.gp
OLOD.gp
LODBUI.gp
OLODBUI.gp
VESSMALL.gp
LODDEZ.gp
OLODDEZ.gp
freg.md
FREG.gp
OFREG.gp
FREGBUI.gp
OFREGBUI.gp
FREGDEZ.gp
OFREGDEZ.gp
CEV.md
CEV.gp
CEVDEZ.gp
dov.md
DOV.gp
DOVDEZ.gp
kir.md
KIRS.gp
KIRG.gp
KIRH.gp
KIRU.gp
TO3.md
TO3.gp
TO3DEZ.gp
PorE.md
PORE.gp
POREDEZ.gp
dpo.md
DPO.gp
DPODEZ.gp
CPO.md
CPO.gp
CPODEZ.gp
RUADIP.md
GREDIP.md
LPTDIP.md
VGADIP.md
DR2DIP.md
LOKDIP.md
WALL_TU.md
porr.md
PORR.gp
PORRDEZ.gp
port.md
PORT.gp
PORTDEZ.gp
poru.md
PORU.gp
PORUDEZ.gp
gal.md
GAL.gp
OGAL.gp
GALBUI.gp
OGALBUI.gp
GALDEZ.gp
OGALDEZ.gp
ARTU.md
ARTU.gp
ARTUDEZ.gp
MT.md
MT.gp
MTROT.gp
MTDEZ.gp
kuzu.md
KUZU.gp
KUZUDEZ.gp
konu.md
KONU.gp
KONUDEZ.gp
HRA.md
HRA.gp
CERDEZ.gp
AKAU.md
AKAU.gp
AKAUDEZ.gp
ceru.md
CERU.gp
CERUDEZ.gp
DIPU.md
DIPU.gp
DIPUDEZ.gp
AKAR.md
AKAR.gp
AKADEZ.gp
morbig.md
MORG.gp
MORH.gp
akafr.md
AKAFR.gp
AKAFRDEZ.gp
kuzfr.md
KUZFR.gp
KUZFRDEZ.gp
kazfr.md
KA1FR.gp
KA1FRDEZ.gp
konfr.md
KONFR.gp
KONFRDEZ.gp
notrdam.md
NOTRDAM.gp
NOTRDAMH.gp
dipfr.md
DIPFR.gp
DIPFRDEZ.gp
ka2fr.md
KA2FR.gp
KA2FRDEZ.gp
artFR.md
ARTFR.gp
ARTFRDEZ.gp
gruz.md
OBOZ.gp
OBOZ_UM.gp
OBOZ_STP.gp
most.md
MST_K1.gp
MOSTOTR.gp
ska.md
akabr.md
AKABR.gp
AKABRDEZ.gp
artbr.md
ARTBR.gp
ARTBRDEZ.gp
hrabr.md
HRABR.gp
HRABRDEZ.gp
dipbr.md
DIPBR.gp
DIPBRDEZ.gp
konbr.md
KONBR.gp
KONBRDEZ.gp
kuzbr.md
KUZBR.gp
KUZBRDEZ.gp
kazbr.md
KA1BR.gp
KA1BRDEZ.gp
ka2br.md
KA2BR.gp
KA2BRDEZ.gp
akasp.md
AKASP.gp
AKASPDEZ.gp
F.gp
artsp.md
ARTSP.gp
ARTSPDEZ.gp
dipsp.md
DIPSP.gp
DIPSPDEZ.gp
konsp.md
KONSP.gp
KONSPDEZ.gp
kuzsp.md
KUZSP.gp
KUZSPDEZ.gp
ka1sp.md
KA1SP.gp
KA1SPDEZ.gp
ka2sp.md
KA2SP.gp
KA2SPDEZ.gp
hrasp.md
HRASP.gp
HRASPDEZ.gp
akapo.md
AKAPO.gp
AKAPODEZ.gp
artpo.md
ARTPO.gp
ARTPODEZ.gp
hrapo.md
HRAPO.gp
HRAPODEZ.gp
dippo.md
DIPPO.gp
DIPPODEZ.gp
konpo.md
KONPO.gp
KONPODEZ.gp
kuzpo.md
KUZPO.gp
KUZPODEZ.gp
ka1po.md
KA1PO.gp
KA1PODEZ.gp
ka2po.md
KA2PO.gp
KA2PODEZ.gp
porpo.md
PORPO.gp
PORPODEZ.gp
kotel.md
KOTEL.gp
urta.md
URT.gp
akaho.md
AKAHO.gp
AKAHODEZ.gp
artho.md
ARTHO.gp
ARTHODEZ.gp
hraho.md
HRAHO.gp
HRAHODEZ.gp
dipho.md
DIPHO.gp
DIPHODEZ.gp
konho.md
KONHO.gp
KONHODEZ.gp
kuzho.md
KUZHO.gp
KUZHODEZ.gp
ka1ho.md
KA1HO.gp
KA1HODEZ.gp
ka2ho.md
KA2HO.gp
KA2HODEZ.gp
akage.md
AKAGE.gp
AKAGEDEZ.gp
artge.md
ARTGE.gp
ARTGEDEZ.gp
hrage.md
HRAGE.gp
HRAGEDEZ.gp
dipge.md
DIPGE.gp
DIPGEDEZ.gp
konge.md
KONGE.gp
KONGEDEZ.gp
kuzge.md
KUZGE.gp
KUZGEDEZ.gp
ka1ge.md
KA1GE.gp
KA1GEDEZ.gp
ka2ge.md
KA2GE.gp
KA2GEDEZ.gp
most2.md
MST_K2.gp
akasa.md
AKASA.gp
AKASADEZ.gp
artsa.md
ARTSA.gp
ARTSADEZ.gp
hrasa.md
HRASA.gp
HRASADEZ.gp
dipsa.md
DIPSA.gp
DIPSADEZ.gp
konsa.md
KONSA.gp
KONSADEZ.gp
kuzsa.md
KUZSA.gp
KUZSADEZ.gp
ka1sa.md
KA1SA.gp
KA1SADEZ.gp
ka2sa.md
KA2SA.gp
KA2SADEZ.gp
akaau.md
AKAAU.gp
AKAAUDEZ.gp
artau.md
ARTAU.gp
ARTAUDEZ.gp
hraau.md
HRAAU.gp
HRAAUDEZ.gp
dipau.md
DIPAU.gp
DIPAUDEZ.gp
konau.md
KONAU.gp
KONAUDEZ.gp
kuzau.md
KUZAU.gp
KUZAUDEZ.gp
ka1au.md
KA1AU.gp
KA1AUDEZ.gp
ka2au.md
KA2AU.gp
KA2AUDEZ.gp
gruzz.md
akapl.md
AKAPL.gp
AKAPLDEZ.gp
artpl.md
ARTPL.gp
ARTPLDEZ.gp
hrapl.md
HRAPL.gp
HRAPLDEZ.gp
dippl.md
DIPPL.gp
DIPPLDEZ.gp
konpl.md
KONPL.gp
KONPLDEZ.gp
kuzpl.md
KUZPL.gp
KUZPLDEZ.gp
ka1pl.md
KA1PL.gp
KA1PLDEZ.gp
ka2pl.md
KA2PL.gp
KA2PLDEZ.gp
akasv.md
AKASV.gp
AKASVDEZ.gp
artsv.md
ARTSV.gp
ARTSVDEZ.gp
hrasv.md
HRASV.gp
HRASVDEZ.gp
dipsv.md
DIPSV.gp
DIPSVDEZ.gp
kuzsv.md
KUZSV.gp
KUZSVDEZ.gp
konsv.md
KONSV.gp
KONSVDEZ.gp
ka1sv.md
KA1SV.gp
KA1SVDEZ.gp
ka2sv.md
KA2SV.gp
KA2SVDEZ.gp
akapi.md
AKAPI.gp
AKAPIDEZ.gp
artpi.md
ARTPI.gp
ARTPIDEZ.gp
hrapi.md
HRAPI.gp
HRAPIDEZ.gp
dippi.md
DIPPI.gp
DIPPIDEZ.gp
konpi.md
KONPI.gp
KONPIDEZ.gp
ka1pi.md
KA1PI.gp
KA1PIDEZ.gp
ka2pi.md
KA2PI.gp
KA2PIDEZ.gp
kuzpi.md
KUZPI.gp
KUZPIDEZ.gp
akave.md
AKAVE.gp
AKAVEDEZ.gp
artve.md
ARTVE.gp
ARTVEDEZ.gp
hrave.md
HRAVE.gp
HRAVEDEZ.gp
dipve.md
DIPVE.gp
DIPVEDEZ.gp
konve.md
KONVE.gp
KONVEDEZ.gp
kuzve.md
KUZVE.gp
KUZVEDEZ.gp
ka1ve.md
KA1VE.gp
KA1VEDEZ.gp
ka2ve.md
KA2VE.gp
KA2VEDEZ.gp
rinn.md
RINN.gp
RINNDEZ.gp
rins.md
RINS.gp
RINSDEZ.gp
rinr.md
RINR.gp
RINRDEZ.gp
artru.md
ARTRU.gp
ARTRUDEZ.gp
kuzru.md
KUZRU.gp
KUZRUDEZ.gp
ka2ru.md
KA2RU.gp
KA2RUDEZ.gp
dipr.md
DIPRU.gp
DIPRUDEZ.gp
WaveList.lst
darkw.pal
Interface\Background_Main_Menu.bmp
ENGLAND.NDS
SAKSINIA.NDS
agew_1.pal
AUSTRIA.NDS
ALGIR.NDS
TURKISH.NDS
UKRAINE.NDS
POLAND.NDS
SVEDEN.NDS
FRANCE.NDS
btne0.bpx
btne1.bpx
btne2.bpx
btne3.bpx
btne4.bpx
btne5.bpx
btne6.bpx
btne7.bpx
btne8.bpx
btne9.bpx
btne10.bpx
btne11.bpx
btnu0.bpx
btnu1.bpx
btnu2.bpx
btnu3.bpx
btnu4.bpx
btnu5.bpx
btnu6.bpx
btnu7.bpx
btnu8.bpx
btnu9.bpx
btnu10.bpx
btnu11.bpx
hied.bpx
scr_l.bpx
scr_r.bpx
scr_u_g.bpx
scrL0.bpx
trees.bpx
scr_10.bpx
stones.bpx
pan17.bpx
opt.bpx
scr_line.bpx
Gala1.bpx
Gala0.bpx
mnmenu0.bpx
mnmenu01.bpx
pan16.bpx
scr_v_u.bpx
scr_v_d.bpx
scr_v.bpx
pan15.bpx
scr_15.bpx
units.bpx
195x20.bpx
scr_13.bpx
scr_16.bpx
edmenu.bpx
textur.bpx
scr_12.bpx
multi_m0.bpx
cur_mn.rlc
2w.pal
1w.pal
