14
FRANCE          France           FRANCE.NDS        #TX 9 10        (FR)  (FR)
RUSSIA          Russia           RUSSIA.NDS        #TX 9 10        (RU)  (RU)
ENGLAND         England          ENGLAND.NDS       #TX 9 10        (EN)  (EN)
PRUSSIA         Prussia          PRUSSIA.NDS       #TX 9 10        (PR)  (PR)
AUSTRIA         Austria          AUSTRIA.NDS       #TX 9 10        (AU)  (AU)
EGIPET          Egipet           EGIPET.NDS        #TX 9 10        (EG)  (EG)
GORFRA          GorFra           GORFRA.NDS        #TX 9 10        (GFR) (GFR)
GORAUS          GorAus           GORAUS.NDS        #TX 9 10        (GAU) (GAU)
GORRUS          GorRus           GORRUS.NDS        #TX 9 10        (GRU) (GRU)
GORTUR          GorTur           GORTUR.NDS        #TX 9 10        (GTU) (GTU)
SELFRA          SelFra           SELFRA.NDS        #TX 9 10        (SFR) (SFR)
NEUTRAL         Neutral          NEUTRAL.NDS       #TX 9 10        (NE)  (NE)
DRAGON          Dragon           DRAGON.NDS        #TX 9 10        (DR)  (DR)
ANIMALS         Animals          ANIMALS.NDS        #TX 9 10        (AN)  (AN)
/TREES           Trees            TREES.NDS         #TX 9 10        (TR)  (TR)
/TREES2          Trees2           TREES2.NDS         #TX 9 10       (TR2)  (TR2)
