//Orders description file
#LINE3 SYM2 0 0 0 0
*  *  *
#END
#LINE4 SYM2 0 0 0 0
*  *  *  *
#END
#LINE5 SYM2 0 0 0 0
*  *  *  *  *
#END
#LINE6 SYM2 0 0 0 0
*  *  *  *  *  *
#END
#LINE7 SYM2 0 0 0 0
*  *  *  *  *  *  *
#END
#LINE8 SYM2 0 0 0 0
*  *  *  *  *  *  *  *
#END
#LINE9 SYM2 0 0 0 0
*  *  *  *  *  *  *  *  *
#END
#LINE10 SYM2 0 0 0 0
*  *  *  *  *  *  *  *  *  *
#END
#LINE3PUS SYM2 0 0 0 0
*   *   * 
#END
#LINE4PUS SYM2 0 0 0 0
*   *   *   * 
#END
#LINE5PUS SYM2 0 0 0 0
*   *   *   *   *
#END
#LINE6PUS SYM2 0 0 0 0
*   *   *   *   *   *
#END
#LINE7PUS SYM2 0 0 0 0
*  *  *  *  *  *  *
#END
#LINE8PUS SYM2 0 0 0 0
*  *  *  *  *  *  *  *
#END
#LINE9PUS SYM2 0 0 0 0
* * * * * * * * *
#END
#LINE10PUS SYM2 0 0 0 0
* * * * * * * * * *
#END
#LINE11PUS SYM2 0 0 0 0
* * * * * * * * * * *
#END
#LINE12PUS SYM2 0 0 0 0
* * * * * *
      
  
* * * * * *
#END
#LINE13PUS SYM2 0 0 0 0
* * * * * *

     *     

* * * * * *
#END
#LINE14PUS SYM2 0 0 0 0
* * * * * * *

          
* * * * * * *
#END
#LINE15PUS SYM2 0 0 0 0
* * * * * * *

      *   

* * * * * * *
#END
#LINE16PUS SYM2 0 0 0 0
* * * * * * * *

            
* * * * * * * *
#END
#LINE17PUS SYM2 0 0 0 0
* * * * * * * *

       *    

* * * * * * * *
#END
#LINE18PUS SYM2 0 0 0 0
* * * * * * * * *

              
* * * * * * * * *
#END
#LINE19PUS SYM2 0 0 0 0
* * * * * * * * *

        *      

* * * * * * * * * 
#END
#LINE20PUS SYM2 0 0 0 0
* * * * * * * * * *
               
 
* * * * * * * * * *
#END
#LINE21PUS SYM2 0 0 0 0
* * * * * * * * * *

         *       

* * * * * * * * * *
#END
#LINE22PUS SYM2 0 0 0 0
* * * * * * * * * * *


* * * * * * * * * * *
#END
#LINE23PUS SYM2 0 0 0 0
* * * * * * * *
 * * * * * * *  
* * * * * * * *
#END
#LINE24PUS SYM2 0 0 0 0
* * * * * * * * *
 * * *     * * *
* * * * * * * * *
#END
#LINE25PUS SYM2 0 0 0 0
 * * * * * * * * 
* * * * * * * * *
 * * * * * * * * 
#END
#LINE26PUS SYM2 0 0 0 0
* * * * * * * * * *
 * * *       * * *
* * * * * * * * * *
#END
#LINE27PUS SYM2 0 0 0 0
* * * * * * * * * *
 * * *   *   * * *
* * * * * * * * * *
#END
#LINE28PUS SYM2 0 0 0 0
* * * * * * * * * *
 * * * *   * * * *
* * * * * * * * * *
#END
#LINE29PUS SYM2 0 0 0 0
* * * * * * * * * *
 * * * * * * * * *
* * * * * * * * * *
#END
#LINE30PUS SYM2 0 0 0 0
* * * * * * * * 
 * * * * * * *

 * * * * * * * 
* * * * * * * * 
#END
#LINE31PUS SYM2 0 0 0 0
* * * * * * * * 
 * * *   * * *

*      *      *

 * * *   * * * 
* * * * * * * *
#END
#LINE32PUS SYM2 0 0 0 0
* * * * * * * * 
 * * * * * * *
*             *
 * * * * * * * 
* * * * * * * *
#END
#LINE33PUS SYM2 0 0 0 0
* * * * * * * * 
 * * * * * * *
*      *      *
 * * * * * * * 
* * * * * * * *
#END
#LINE34PUS SYM2 0 0 0 0
* * * * * * * * 
 * * * * * * *
*     * *     *
 * * * * * * * 
* * * * * * * *
#END
#LINE35PUS SYM2 0 0 0 0
* * * * * * * * 
 * * * * * * *
* *    *    * *
 * * * * * * * 
* * * * * * * *
#END
#LINE36PUS SYM2 0 0 0 0
* * * * * * * * 
 * * * * * * *
* * *     * * *
 * * * * * * * 
* * * * * * * *
#END
#LINE37PUS SYM2 0 0 0 0
* * * * * * * * 
 * * * * * * *
* * *  *  * * *
 * * * * * * * 
* * * * * * * *
#END
#LINE38PUS SYM2 0 0 0 0
* * * * * * * * 
 * * * * * * *
* * * * * * * *
 * * * * * * * 
* * * * * * * *
#END
#LINE39PUS SYM2 0 0 0 0
* * * * * * * * *
 * * * * * * * *
* *     *     * *
 * * * * * * * *
* * * * * * * * *
#END
#LINE40PUS SYM2 0 0 0 0
* * * * *   * * * * *
 * * * * * * * * * * 
 * * * * * * * * * *
* * * * *   * * * * * 
#END
#LINE100PUS SYM2 0 0 0 0
* * * * * * * * * * * * * * *
 * * * * * * * * * * * * * *
* * * * * * * * * * * * * * *
   * * * * * * * * * * * *  
* * * * * * * * * * * * * * *
 * * * * * * * * * * * * * *
* * * * * * * * * * * * * * *
#END
#LINEMORB5 SYM2 0 0 0 0
* * * * * 
#END
#LINEMORB6 SYM2 0 0 0 0
* * *

* * *
#END
#LINEMORB7 SYM2 0 0 0 0
*   * 
 * *
*   *
#END
#LINEMORB8 SYM2 0 0 0 0
* * * 
 * *
* * *
#END
#LINEMORB9 SYM2 0 0 0 0
* * * * 
   *
* * * *
#END
#LINEMORB10 SYM2 0 0 0 0
* * * * 
 *   *
* * * *
#END
#LINEMORB11 SYM2 0 0 0 0
* * * * 
 * * * 
* * * *
#END
#LINEMORB12 SYM2 0 0 0 0
* * * * * 
 *     * 
* * * * *
#END
#LINEMORB13 SYM2 0 0 0 0
* * * * * 
 *  *  * 
* * * * *
#END
#LINEMORB14 SYM2 0 0 0 0
* * * * * 
 * * * * 
* * * * *
#END
#LINEMORB15 SYM2 0 0 0 0
* * * * * *
   * * *  
* * * * * *
#END
#LINEMORB16 SYM2 0 0 0 0
* * * * * *
 * *   * *
* * * * * *
#END
#LINEMORB17 SYM2 0 0 0 0
* * * * * *
 * * * * *
* * * * * *
#END
#LINEMORB18 SYM2 0 0 0 0
* * * * * * *
 *   * *   *
* * * * * * *
#END
#LINEMORB19 SYM2 0 0 0 0
* * * * * * *
 * *  *  * *
* * * * * * *
#END
#LINEMORB20 SYM2 0 0 0 0
* * * * * * *
 * * * * * *
* * * * * * *
#END
#LINE15 SYM2 9 2 9 3
   C       C
      
***************


#END
#LINE15COS SYM2 9 2 9 3
   C       C
      
***************


#END
#LINE36COSEGR SYM2 0 0 0 0
* * * * * * * * * * * *
                             
* * * * * *C* * * * * *

* * * * * * * * * * * *
#END
/#LINE36COSEGR SYM2 9 2 9 3
/                 C
/*    *    *    *    *    *    *
/ *    *    *    *    *    *    *
/  *    *    *    *    *    *    *
/   *    *    *    *    *    *    *
/    *    *    *    *    *    *    *
/#END
#LINE120COSEGR SYM2 9 2 9 3
                      C
* * * * * * * * * * * * * * * * * * * * * * * *
* * * * * * * * * * * * * * * * * * * * * * * *
* * * * * * * * * * * * * * * * * * * * * * * *
* * * * * * * * * * * * * * * * * * * * * * * *
* * * * * * * * * * * * * * * * * * * * * * * *
#END
/#LINE15COS SYM2 9 2 9 3
/ C                               C
/*** ***         ***         *** ***
/#END
/#LINE15COS SYM2 9 2 9 3
/   C       C
/*     *     *     *     *
/ *     *     *     *     *
/  *     *     *     *     *
/#END
/#LINE15COS SYM2 9 2 9 3
/   C       C
/*   *   *   *   *
/ *   *   *   *   *
/  *   *   *   *   *
/#END
#LINE36 SYM2 9 2 9 3
    C        C        
                       
******************
****************** 


#END
#LINE36COS SYM2 9 2 9 3
           C    C    C        
                       
************************************



#END
#LINE72 SYM2 9 2 9 3
      C         C
              
************************
************************
************************


#END
#LINE72COS SYM2 9 2 9 3
  C         C        C

************************

************************

************************

#END
/#LINE72COS SYM2 9 2 9 3
/          C    C    C
/              
/************************************
/
/************************************
/
/
/
/#END
#LINE120 SYM2 9 2 9 3
          C         C
              
******************************
******************************
******************************
****************************** 


#END
#LINE196 SYM2 9 2 9 3
C**************************************C
****************************************
****************************************
****************************************
C**************************************C
#END
/#LINE120COS SYM2 9 2 9 3 1 2
/                        C    C    C
/
/************************************************************
/
/************************************************************
/#END
/#LINE120COS SYM2 9 2 9 3 1 2
/    C                                  C                                  C
/              
/* * * * * * * * * * * * * * * * * * * * * * * * * * * * * * * * * * * * * * * *
/
/* * * * * * * * * * * * * * * * * * * * * * * * * * * * * * * * * * * * * * * *
/
/* * * * * * * * * * * * * * * * * * * * * * * * * * * * * * * * * * * * * * * *
/
/
/#END
#LINE120COS SYM2 9 2 40 3 1 2 3200
      C             C             C

****************************************

****************************************

@@@@@@@@@@@@@@@@@@@@@@@@@@@@@@@@@@@@@@@@


#END
#LINE120COSEGP SYM2 9 2 40 3 1 2 3200
      C             C             C

****************************************

****************************************

****************************************


#END
#LINE120COSLUC SYM2 9 2 9 3 1 2
      C             C             C
              
* * * * * * * * * * * * * * * * * * * *
 * * * * * * * * * * * * * * * * * * * *
* * * * * * * * * * * * * * * * * * * * 

 * * * * * * * * * * * * * * * * * * * *
* * * * * * * * * * * * * * * * * * * *
 * * * * * * * * * * * * * * * * * * * *
#END
#LINE120COSLUC2 SYM2 9 2 9 3
              C     C    C
****************************************
****************************************
****************************************
#END
#LINE30COSEGR SYM2 9 2 9 3 1 2

* * * * * * * * * *

* * * * * * * * * *  

* * * * * * * * * *

#END
#LINE15COSEGR SYM2 9 2 9 3 1 2 1600
 * * * * *
* *  *  * *
 * * * * *  
#END
#LINE60MENTCOS SYM2 2 2 3 3 1 2 1600
**********

**********

**********
#END
#SQUARE30MENTCOS SYM2 9 2 9 3 1 2
******
******
******
******
******
#END
/#LINE196COS2 SYM2 9 2 9 3
/C                                                                C
/ ******************************* 
/*********************************
/*********************************
/*********************************
/*********************************
/*********************************
/#END
#LINE196COS2 SYM2 9 2 9 3
C                                                                C
 ****************************************************************

******************************************************************

******************************************************************
#END
#SQUARE36 SYM4 9 2 9 3
C    C

******
****** 
******
******
****** 
******

        
#END

#SQUARE72 SYM2 9 2 9 3
   C  C  C

  *********  C
C *********
  *********
  *********  C
C *********  
  *********
C *********  C
  *********

   C  C  C 
#END
/#SQUARE120 SYM0  9 2 40 3 1 2 102400
/****             ****
/****             ****
/****             ****
/****             ****
/****   C  C  C   ****
/*****           *****
/******    *    ******
/ *******************
/   ****************
/    **************
/     ************
/#END
/#SQUARE120 SYM0  9 2 40 3 1 2 102400
/*****          *****
/ *****         *****
/ *****         *****
/  *****        *****
/  *****        *****
/   *****       *****
/   *****       *****
/    *****    *******
/    ***************
/     ************
/     ***********
/#END
#SQUARE120 SYM4  4 2 6 3 1 2 1600
   C   C   C
         
  ***********
C *********** C
  ***********
  ***********
  *********** 
C ***** ***** C
  ***********
  ***********
  ***********
C *********** C
  ***********

   C   C   C
#END
#SQUARE120EGP SYM4  9 2 40 3 1 2 102400
    C  C  C

         
   ***********  C
C  ***********
   ***********
   ***********  C
C  *********** 
   ***** ***** 
C  ***********  C
   ***********
   ***********
   ***********
   ***********


    C  C  C 
#END
#SQUARE196 SYM4 9 2 9 3
  C C C C C C C 

  **************  C
C **************
  **************  C
C **************
  **************  C
C **************  
  **************  C
C **************
  **************  C
C **************
  **************  C
C **************  
  **************  C
C **************  

   C C C C C C C
#END
#KARE36 SYM4 9 2 9 3
**********
*        *
*        *
*  C  C  *
*        *
*        *
*  C  C  *
*        *
*        *
**********
#END
#KARE72 SYM4 9 2 9 3
***********
***********
**       **
**       **
**  C C  **
**       **
**  C C  **
**       **
**       **
***********
***********
#END
#KARE120 SYM4 9 2 9 3
*************
*************
*************
***       ***
***       ***
***  C C  ***
***       ***
***  C C  ***
***       ***
***       ***
*************
*************
*************
#END
#KARE120COS SYM4 5 0 20 0 0 0 100
@@@@@@@@@@@@@
@***********@
@***********@
@**       **@
@**   C   **@
@**       **@
@** C C C **@
@**       **@
@**   C   **@
@**       **@
@***********@
@***********@
@@@@@@@@@@@@@
#END
/#KARE120COS SYM4 18 0 0 0 0 0 300
/@@@@@@@@@@@@@@@@@
/@***************@
/@*             *@
/@*             *@
/@*             *@
/@*             *@
/@*      C      *@
/@*             *@
/@*    C C C    *@
/@*             *@
/@*      C      *@
/@*             *@
/@*             *@
/@*             *@
/@*             *@
/@***************@
/@@@@@@@@@@@@@@@@@
/#END
#KARE120COSEGP SYM4 18 0 0 0 0 0 300
*****************
*****************
**             **
**             **
**             **
**             **
**      C      **
**             **
**    C C C    **
**             **
**      C      **
**             **
**             **
**             **
**             **
*****************
*****************
#END
/#KARE120COS SYM4 9 2 9 3
/*****************
/*****************
/**             **
/**             **
/**             **
/**             **
/**      C      **
/**             **
/**    C C C    **
/**             **
/**      C      **
/**             **
/**             **
/**             **
/**             **
/*****************
/*****************
/#END
#KARE196 SYM4 9 2 9 3
****************
****************
****************
****************
*****      *****
****        **** 
****  C  C  ****
****        ****
****        ****
****  C  C  **** 
****        ****
*****      *****
****************
****************
****************
****************
#END
#ALONE SYM0 0 0 0 0
*
#END
#ODIN SYM4 0 0 0 0
*  
#END
#SHIPS12 SYM0 0 0 0 0
         *          *          *
 
 
 
 
    *          *         *          *
 
 
 
  
*         *         *         *          *
#END
#SHIPS5 SYM0 0 0 0 0
*         *          *          *          *
#END
#SHIPSN5 SYM0 0 0 0 0
*       *       *       *       *
#END
#SHIPS8 SYM0 0 0 0 0
*         *         *         *

     *         *         *         *
#END
#SHIPS3 SYM0 0 0 0 0
*         *         *
#END
#PACK20 SYM0 0 0 0 0
*****
*****
*****
*****
#END
#PRUS30COS SYM2 0 5 40 0 0 0 320000000000000
                   C
* * * * *                     * * * * *



* * * * * * * * * * * * * * * * * * * *
#END
#PRUS45COS SYM2 5 5 0 0 0 0 100
* * * *                                 * * * *


                    
  * * * * * *        C *          * * * * * *  
                                           
                                           
                                           
        * * * * * * * * * * * * * * * *      



                * * * * * * * *
#END
/#PRUS30COS SYM2 0 0 40 5 0 0 320000000000000
/                  C               C 
/* * * * * * * * * * * * * * * * * * * * * * * * * * * * * *  
/#END
#PRUS60COS SYM2 0 0 0 0 0 0 3200
* * *                         * * *

* * *           C C           * * *

* * *                         * * *

* * *                         * * *

* * * * * * * * * * * * * * * * * *

* * * * * * * * * * * * * * * * * *
#END
#TRI1COS30 SYM2 0 0 40 5 0 0 3200000000000000
            C   C



* * * * * * * * * * * * * * *



* * * * * * * * * * * * * * *
#END
#TRI1COS45 SYM2 0 0 5 5 0 0 100
            C   C



* * * * * * * * * * * * * * *



* * * * * * * * * * * * * * *



* * * * * * * * * * * * * * *
#END
#TRI1COS60 SYM2 0 0 0 0 0 0 3200
* * * * * * * * * * * * * * * * * * * * * * * *



      * * * * * * * * * * * * * * * * * *



            * * * * * * * * * * * *



                  * * * * * *


                      C C
#END
#SHER2COS60 SYM2 0 0 0 0 0 0 3200

                C    C


* * * * * * * * * * * * * * * * * * * *



* * * * * * * * * * * * * * * * * * * *



* * * * * * * * * * * * * * * * * * * *
#END
#MOVR2COS30 SYM2 0 2 40 2 0 0 32000000000
      C    C


* * * * * * * * * *



* * * * * * * * * *



* * * * * * * * * *
#END
#MOVR2COS45 SYM2 2 2 2 2 0 0 100
       C C


* * * * * * * * *



* * * * * * * * *



* * * * * * * * *



* * * * * * * * *


                
* * * * * * * * *
#END
/#SHER2COS30 SYM2 0 0 0 0 0 0 3200
/      C    C
/
/
/* * * * * * * * * *
/
/
/
/* * * * * * * * * *
/
/
/
/* * * * * * * * * *
/#END
#SHER2COS SYM2 0 0 0 0 0 0 3200
      C    C


* * * * * * * * * *



* * * * * * * * * *



* * * * * * * * * *
#END
#TRI SYM2 95 -10 -19 9
**********************************

  ******************************

    **************************

      ********************** 

        ******************  

          **************   

            **********    

              ****** 
#END
#TRI2 SYM2 0 0 0 0
*************************

  *********************

    *****************

      *************

        *********

          *****
#END
#TRI3 SYM2 0 0 0 0
****************

  ************

    ********

      ****
#END
/#TRI3COS SYM2 95 -10 -19 9
/**********************************
/
/  ******************************
/
/    **************************
/
/      ********************** 
/
/        ******************  
/
/          **************   
/
/            **********    
/
/              ****** 
/#END
#TRI2COS90 SYM2 95 -10 -19 9 0 0 3200
*************************

  *********************

    *****************

      *************

        *********

          *****
#END
/#TRI1COS30 SYM2 0 0 0 0 0 0 3200
/* * * * * * * * * * * * * * * *
/
/
/
/      * * * * * * * * * *
/
/
/
/            * * * *
/
/
/              C C
/#END
/#TRI1COS30 SYM2 0 0 0 0 0 0 3200
/* * * * * * * * * * * * * * * *
/
/
/
/      * * * * * * * * * * 
/
/
/
/            * * * *
/
/
/              C C
/#END
/#TRICOS30 SYM2 0 0 0 0 0 0 3200
/*************
/  *********
/    *****
/     ***
/#END
#PRUS SYM2 -27 5 80 -5
******                                   ******

******                                   ******
              
******                                   ******

******                                   ******

****** * * * * * * * ** ** * * * * * * * ******

****************** * * * * * ******************

************** * * ********* * * **************
#END
/#PRUS2 SYM2 0 0 0 0
/***              ***
/***              ***
/***              ***
/***              ***
/***              ***
/********************
/********************
/********************
/#END
#PRUS3 SYM2 0 0 0 0
**          **
**          **
**          **
**************
**************
#END
#SHER SYM2 2 2 1 1
****************************************

****************************************

****************************************
                                        
****************************************
#END
#SHER2 SYM2 1 1 1 1
******************************

******************************

******************************
#END
#SHER3 SYM2 1 0 0 1
********************

********************
#END
#SHERCOS SYM2 9 2 9 3
******************************

******************************

******************************
#END
/#SHER2COS SYM2 9 2 9 3
/******************************
/
/
/
/
/******************************
/#END
/#SHER2COS SYM2 9 2 9 3
/                 C   C
/
/
/* * * * * * * * * * * * * * * * * * * *
/
/
/
/
/* * * * * * * * * * * * * * * * * * * *
/
/
/
/
/* * * * * * * * * * * * * * * * * * * *
/#END
/#SHER2COS SYM2 9 2 9 3
/*       *       *       *       *       *       *       *       *       *       *       *       *       *       *    
/
/             
/    *       *       *       *       *       *       *       *       *       *       *       *       *       *       *
/
/
/*       *       *       *       *       *       *       *       *       *       *       *       *       *       *    
/
/             
/    *       *       *       *       *       *       *       *       *       *       *       *       *       *       *
/#END
/#SHER2COS SYM2 9 2 9 3
/*   *   *   *   *   *   *   *   *   *   *   *   *   *   *    
/
/         
/  *   *   *   *   *   *   *   *   *   *   *   *   *   *   *
/
/
/*   *   *   *   *   *   *   *   *   *   *   *   *   *   *    
/
/       
/  *   *   *   *   *   *   *   *   *   *   *   *   *   *   *
/#END
/#SHER2COS SYM2 9 5 9 5
/#SHER2COS SYM2 0 0 0 0
/                   C
/
/
/* * * * * * * * * * * * * * * * * * * *
/
/ * * * * * * * * * * * * * * * * * * *
/
/* * * * * * * * * * * * * * * * * * * *
/
/ * * * * * * * * * * * * * * * * * * *
/
/* * * * * * * * * * * * * * * * * * * *
/#END
/
/#SHER2COS SYM2 9 2 9 3
/* * * * * * * * * * * * * * *    
/ * * * * * * * * * * * * * * *
/
/
/
/
/* * * * * * * * * * * * * * *    
/ * * * * * * * * * * * * * * *
/#END
/#SHER2COS SYM2 9 2 9 3
/*   *   *   *   *   *   *   *   *   *   *   *   *   *   *    
/  *   *   *   *   *   *   *   *   *   *   *   *   *   *   *
/
/
/
/*   *   *   *   *   *   *   *   *   *   *   *   *   *   *    
/  *   *   *   *   *   *   *   *   *   *   *   *   *   *   *
/#END
#SHER3COS SYM2 9 2 9 3
* * * * * * * * * * * * * * * * * * * * * * * * * * * * * *
#END
#SHER4COS SYM2 9 2 9 3
* * * * * * * * * * * * * * *
#END
#PRUS0 SYM2 1 1 1 1
******                                   ******

******                                   ******
              
******                                   ******

******                                   ******

****** * * * * * * * ** ** * * * * * * * ******

****************** * * * * * ******************

************** * * ********* * * **************
#END
#TRI0 SYM2 1 1 1 1
**********************************

  ******************************

    **************************

      ********************** 

        ******************  

          **************   

            **********    

              ****** 
#END
#PRUS02 SYM2 0 0 0 0
***              ***
***              ***
***              ***
***              ***
***              ***
********************
********************
********************
#END
#PRUS03 SYM2 0 0 0 0
**          **
**          **
**          **
**************
**************
#END
#SHER0 SYM2 2 2 1 1
****************************************

****************************************

****************************************
                                        
****************************************
#END
#SHER02 SYM2 1 1 1 1
******************************

******************************

******************************
#END
#SHER03 SYM2 1 0 0 1
********************

********************
#END
#TRI02 SYM2 0 0 0 0
*************************

  *********************

    *****************

      *************

        *********

          *****
#END
#TRI03 SYM2 0 0 0 0
****************

  ************

    ********

      ****
#END
#SQUARE15 SYM0 9 2 9 3
***CC       
****
****
****


#END
#KARE15 SYM0 9 2 9 3
*****
* C *
** C*
*****
#END
#MOV15 SYM2 0 0 0 0
  C
 ***
 ***
C***C
 ***
 ***
  C
#END
#MOV36 SYM2 0 0 0 0
  C
 ***
 ***
 ***
 ***
 ***
C***C
C***C
 ***
 ***
 ***
 ***
 ***
  C
#END
#MOV72 SYM2 0 0 0 0
 CCCC
 ****
 ****
 ****
 ****
 ****
 ****
 ****
 ****
 ****
 ****
 ****
 ****
 ****
 ****
 ****
 ****
 ****
 ****
 CCCC
#END
#MOV120 SYM2 0 0 0 0 0 0 102400
 C C C
 *****
 *****
 *****
 *****
 *****
 *****
 *****
 *****
 *****
 *****
 *****
 *****
 *****
 ***** 
 *****
 *****
 *****
 ***** 
 ***** 
 *****
 *****
 *****
 *****
 *****
 C C C
#END
#SINGLEUNIT1 SYM4 0 0 0 0 0 0 10240000
*
#END
#SQUARE120LUC SYM4  2 2 3 3 1 2 1600
   C   C   C
         
  ***********
C *********** C
  ***********
  ***********
  *********** 
C ***** ***** C
  ***********
  ***********
  ***********
C *********** C
  ***********

   C   C   C
#END
#LINE120COSLUC SYM2 2 2 3 3 1 2 1600
      C             C             C

****************************************

****************************************

@@@@@@@@@@@@@@@@@@@@@@@@@@@@@@@@@@@@@@@@


#END
#EXIT