STONES 133
ST1  16 17 5
ST2  16 17 5
ST3  16 17 5
ST4  16 17 5
ST5  16 17 5
ST6  16 17 5
ST7  16 17 5
ST8  16 17 5
ST9  16 17 5
ST10 16 17 5
ST11 16 17 5
ST12 16 17 5
ST13 16 17 5
ST14 16 17 5
ST15 16 17 5
ST16 16 17 5
ST17 16 17 5
ST18 16 17 5
ST19 16 17 5
ST20 16 17 5
ST21 16 17 5
ST22 16 15 5
ST23 16 15 5
ST24 16 15 5
ST25 19 18 5
ST26 12 13 5
ST27 12 13 5
ST28 12 13 5
ST29 12 13 5
ST30 12 13 5
ST31 12 13 5
ST32 12 13 5
ST33 12 13 5
ST34 12 13 5
ST35 12 13 5
ST36 17 17 5
ST37 17 17 5
ST38 17 17 5
ST39 13 17 5
ST40 13 17 5
ST41 13 11 5
ST42 13 11 5
ST43 13 11 5
ST44 13 11 5
ST45 13 11 5
ST46 12 14 5
ST47 12 14 5
ST48 12 14 5
ST49 12 14 5
ST50 12 14 5
ST51 12 14 5
ST52 7  8  5
ST53 7  8  5
ST54 7  8  5
ST55 7  8  5
ST56 7  8  5
ST57 7  8  5
ST58 7  8  5
ST59 7  8  5
ST60 7  8  5
ST61 16 16 5
ST62 16 16 5
ST63 16 16 5
ST64 8  10 5
ST65 8  10 5
ST66 8  10 5
ST67 8  10 5
ST68 8  10 5
ST69 8  10 5
ST70 8  10 5
ST71 8  10 5
ST72 8  10 5
ST73 8  10 5
ST74 8  10 5
ST75 15 15 5
ST76 18 17 5
ST77 16 17 5
ST78 15 18 5
ST79 15 18 5
ST80 15 18 5
ST81 15 18 5
ST82 16 18 5
ST83 15 18 5
ST84 15 18 5
ST85 13 18 5
ST86 18 14 5
ST87 19 17 5
ST88 15 15 5
ST89 15 15 5
ST90 11 11 5
ST91 11 11 5
ST92 14 11 5
ST93 7  8  5
ST94 7  8  5
ST95 14 16 5
ST96 7  9  5
ST97 8  9  5
ST98 7  9  5
ST99 15 16 5
ST100 7  9  5
ST101 7  8  5
ST102 7  9  5
ST103 7  9  5
ST104 8  9  5
ST105 8  9  5
ST106 8  9  5
ST107 8  9  5
ST108 8  9  5
ST109 11 14 5
ST110 16 17 5
ST111 16 17 5
ST112 12 14 5
ST113 13 14 5
ST114 13 14 5
ST115 13 14 5
ST116 16 16 5
ST117 14 16 5
ST118 14 16 5
ST119 14 16 5
ST120 14 16 5
ST121 14 16 5
ST122 14 16 5
ST123 14 16 5
ST124 14 16 5
ST125 14 16 5
ST126 16 16 5
ST127 16 20 5
ST128 16 18 5
LT129 160 114 60
LT130 155 123 60
LT131 139 198 60
LT132 160 167 60
ST133 87 109 50
