#CROSSX 0 0
#CROSSX 1 0
#CROSSX 2 0
#CROSSX 3 0
#CROSSX 4 0
#CROSSX 5 0
#CROSSX 6 0
#CROSSX 7 0
#CROSSX 20 3
#TEXOPT 256 256 8 8
#GRASSRANGE 0 10
GRASS1  0 G1
GRASS2  1 G1
GRASS3  4 G1
GRASS4  5 G2
GRASS5  6 G2
GRASS6  7 G3S
GRASS7  8 G3S
GRASS8  9 G3S
GRASS9  10 G3S
GRASS10 11 G3S
GRASS11 12 G4PS
GRASS12 13 G4PS
GRASS13 14 G4PS
GRASS14 15 G4PS
GRASS15 16 G4PS
GRASS16 17 G4PS
GRASS17 18 G4PS
GRASS18 19 G4PS
GRASS19 20 G4PS
GRASS21 21 G4PS
GRASS22 22 G4PS
GRASS23 23 G4PS
GRASS24 24 G4PS
GRASS25 25 G4PS
GRASS26 26 G4PS
GRASS27 27 G4PS
GRASS28 28 G4PS
GRASS29 29 G4PS
GRASS30 30 G4PS
GRASS31 31 G4PS
GRASS32 32 G4PS
GRASS33 33 G4PS
GRASS34 34 G4PS
GRASS35 35 G4PS
GRASS36 36 G4PS
GRASS37 37 G4PS
GRASS38 38 G4PS
GRASS39 39 G4PS
GRASS40 40 G4PSB
GRASS41 41 G4PS
GRASS42 42 G4PS
GRASS43 43 G4PS
GRASS44 44 G4PS
GRASS45 45 G4PS
GRASS46 46 G4PS
GRASS47 47 G4PS
GRASS48 48 G4PS
GRASS49 49 G4PS
GRASS50 50 G4PS
GRASS51 51 G4PS
GRASS52 52 G4PS
GRASS53 53 G4PS
GRASS54 54 G4PS
GRASS55 55 G4PS
GRASS56 56 G4PS
GRASS57 57 G4PS
GRASS58 58 G4PS
GRASS59 59 G4PS
GRASS60 60 G4PS
