TREES 365
D00 190 230  20 
D01 186 245  20 
D02 205 251  20 
D03 203 203  20 
D04 226 226  20 
D05 210 238  20 
D06 288 275  20 
D07 160 134  20 
D08 148 158  20 
D09 133 137  20 
D10 130 150  20 
D11 129 141  20 
D12 147 173  20 
D13 176 202  20 
D14 182 174  20 
D15 147 128  20 
D16 123 129  20 
D17 257 228  20 
D18 78 68  20 
D19 167 164  20 
D20 165 186  20 
D21 146 163  20 
D22 159 146  20 
D23 185 168  20 
D24 219 256  20 
D25 186 201  20 
D26 142 133  20 
D27 173 175  20 
D28 150 169  20 
D29 130 194  20 
D30 212 208  20 
D31 207 239  20 
D32 142 152  20 
D33 215 260 20 
D34 187 219 20 
D35 181 224 20
D36 172 203   20
D37 173 206   20
D38 189 203   20
D39 188 191   20
D40 137 156   20
D41 131 164   20
D42 114 142   20
D43 119 147   20
D44 87 79     20
D45 91 90     20
D46 53 61     20
D47 57 75     20
D48 63 82     20
D49 67 88     20
D50 50 63     20
D51 54 65     20
D52 214 259   20
D53 69 67     20
D54 89 79     20
D55 19 20     20
D56 19 20     20
D57 18 17     20
D58 23 23     20
D59 20 15     20
D60 34 15     20
D61 182 196   20
D62 166 193   20
D63 181 205   20
D64 179 180   20
D65 147 162   20
D66 218 236  20 
D67 214 230  20 
D68 199 226  20 
D69 157 176  20 
D70 171 172  20 
D71 160 129  20 
 D72 79 81          20 
D73 79 81    20 
D74 104 104  20 
D75 130 130  20 
D76 143 129  20 
D77 108 116  20 
D78 96 95    20 
 D79 40 29   20 
D80 117 123  20 
D81 172 176  20 
D82 157 171  20 
D83 154 185  20 
D84 76 77    20 
D85 145 155  20 
D86 157 163  20 
D87 79  76   20 
D88 118 138  20 
D89 195 218  20 
D90 186 214  20 
D91 176 200  20 
D92 181 218  20 
D93 187 219  20 
D94 212 250  20 
D95 211 253  20 
D96 178 219  20 
D97 200 238  20 
D98 226 217  20 
D99 219 220  20 
D100 191 206  20 
D101 195 200 20 
D102 214 258  20 
D103 212 253 20 
D104 181 236  20 
D105 175 220 20 
D106 152 182  20 
D107 179 224 20 
D108 184 213 20 
D109 146 184  20 
D110 156 199  20 
D111 181 198  20 
D112 87 87    20 
D113 43 33    20 
D114 50 36    20 
D115 38  38  20 
D116 50  29  20 
D117 28 32   20 
D118 45 43   20 
D119 46 38   20 
D120 197 212 20 
D121 64 69  20 
D122 58 58 20 
D123 51 67 20 
D124 144 151 40 
D125 116 130 20 
D126 105 103 20 
D127 81 84 20 
D128 30 30 20 
D129 38 43 20 
D130 25 33 20 
D131 40 43 20 
D132 35 39 20 
D133 21 21 20 
D134 15 11 20 
D135 16 10 20 
D136 35 20 20 
D137 22 22 20 
D138 44 55 20 
D139 57 66 20 
D140 164 193 20 
D141 69 57 40 
D142 25 25 40 
D143 23 21 40 
D144 17 9 40 
D145 154 212 40 
D146 144 168 40 
D147 154 209 40 
D148 207 214 20 
D149 197 211 20 
D150 143 164 20 
D151 198 206 20 
D152 59 54 40 
D153 42 50 20 
D154 362 437 20 
D155 162 200 20 
D156 162 200 20 
D157 475 415 20 
D158 177 177 20 
D159 180 189 20 
D160 69 108 20 
D161 104 97 20 
D162 200 204 20 
D163 197 210 20 
D164 182 189 20
D165 208 212 20
D166 166 114 20
D167 109 116 20
D168 104 112 20
D169 25 14 20
D170 100 122 20
D171 53 50 20
D172 37 47 20
D173 51 47 20
D174 55 51 20
D175 54 57 20
D176 140 204 20
D177 167 195 20
D178 38 41 20
D179 34 41 20
D180 40 42 20
D181 97 119 20
D182 66 81 20
D183 37 44 20
D184 57 56 20
D185 60 48 20
D186 48 39 20
D187 32 35 20
D188 66 82 20
D189 38 46 20
D190 55 55 20
D191 59 46 20
D192 48 39 20
D193 38 39 20
D194 58 70 20
D195 46 58 20
D196 60 75 20
D197 45 57 20
D198 51 57 20
D199 29 35 20
D200 12 4 20
D201 93 88 20
D202 101 115 20
D203 68 87 20
D204 65 78 20
D205 70 87 20
D206 61 75 20
D207 57 64 20
D208 63 41 20
D209 65 110 20
D210 158 179 20
D211 198 224 20
D212 182 170 20
D213 193 195 20
D214 156 195 20
D215 173 208   20
D216 111 117  20
D217 112 90 20
D218 109 103 20
D219 131 148 20
D220 105 104 20
D221 204 222 20
D222 137 168 20
D223 97 165 20
D224 111 130  20
D225 112 139 20
D226 127 105 20
D227 127 122 20
D228 134 158 20
D229 115 148 20
D230 200 212  20
D231 141 188 20
D232 130 194 20
D233 190 195 20
D234 205 233 20
D235 220 224 20
D236 177 208 20
D237 193 204 20
D238 184 188 20
D239 141 156 20
D240 89 124 20
D241 73 70 20
D242 43 54 20
D243 54 60 20
D244 45 52 20
D245 208 253 20
D246 67 50 20
D247 62 61  20
D248 132 147   20
D249 140 182   20
D250 148 183   20
D251 144 164   20
D252 134 151 20
D253 63 49   20
D254 50 41   20
D255 43 36 20
D256 49 32 20
D257 39 30 20
D258 60 42 20
D259 56 44 20
D260 50 50   20
D261 80 76   20
D262 31 29   20
D263 20 19   20
D264 46 39   20
D265 32 27   20
D266 44 36   20
D267 37 33   20
D268 31 31   20
D269 70 76   20
D270 48 36   20
D271 61 45   20
D272 39 34   20
D273 49 37   20
D274 189 214   20
D275 168 192   20
D276 171 213   20
D277 208 246   20
D278 193 233   20
D279 198 179   20
D280 154 172   20
D281 185 209 20
D282 193 198 20
D283 148 171 20
D284 146 175 20
D285 133 171 20
D286 150 176 20
D287 68 63 20
D288 150 160 20
D289 39 40 20
D290 40 41 20
D291 44 41 20
D292 27 26 20
D293 31 35 20
D294 31 29   20
D295 41 40 20
D296 40 38 20
 D297 90  67 120 
D298 55  31  120
D299 93  44  120
D300 93  41  120
D301 92  129 120
D302 143 103 120
D303  70  70 120
D304 154 165 120
D305 122 85  120
D306 90  45  120
D307 90  45  120
D308 90  45  120
D309 55  61  120
D310 78  89  120
D311 76  62  120
D312 84  83  120
D313 163 174 50 
D314 153 139 50 
D315 154 130 50 
D316 120 100 50 
D317 130 103 50 
D318 157 113 50 
D319 175 161 50 
D320 192 159 50 
D321 280 175 50 
D322 133 113 100
D323 20  9   10 
D324 16  8   10 
D325 31  16  10 
D326 14  7   10 
D327 82  46  80 
D328 66  31  30 
D329 18  16  20 
D330 18  16  20 
D331 30  23  40 
D332 13  11  20 
D333 19  19  20 
D334 14  9   20 
D335 47  32  40 
D336 63  37  50 
D337 55  20  40 
D338 90  35  50 
D339 91  29  50 
D340 52  35  50 
D341 40  30  50 
D342 100 30  10 
D343 87  33  50 
D344 152 67  100
D345 140 92  100
D346 69  35  30 
D347 86  50  40 
D348 15  10  10 
D349 143 84  60 
D350 134 59  60 
D351 96  47  60 
D352 97  72  60 
D353 111 72  70 
D354 165 61  70 
D355 168 131 70 
D356 198 217 70 
D357 207 189 70 
D358 91  109 30 
D359 119 153 30 
D360 277 239 40
D361 82  100 30	
D362 79  78  30
D363 78  83  30	
D364 81  75  30
