walls 114
W00 42 38 20
W01 44 42 20
W02 47 41 20
W03 44 42 20
W04 46 39 20
W05 44 39 20
W06 60 59 20
W07 56 59 20
W08 499 630 20
W09 499 630 20
W10 499 630 20
W11 499 630 20
W12 499 630 20
W13 499 630 20
W14 510 630 20
W15 504 627 20
W16 499 630 20
W17 504 632 20
W18 353 703 20
W19 353 703 20
W20 349 703 20
W21 350 702 20
W22 305 680 20
W23 305 680 20
W24 305 680 20
W25 305 680 20
W26 305 680 20
W27 298 680 20
W28 360 505 20
W29 386 500 20
W30 538 726 20
W31 538 726 20 
W32 538 726 20
W33 538 726 20
W34 538 726 20
W35 538 726 20
W36 538 726 20
W37 538 726 20
W38 538 726 20
W39 538 726 20
W40 555 512 20
W41S 555 512 20
W42 596 491 20
W43S 596 491 20
W44 545 505 20
W45S 545 505 20
W46 545 565 20
W47 545 565 20
W48MOST1 374 467 20
W49MOST1 374 467 20
W50MOST1 374 467 20
W51MOST1 374 467 20
W52MOST1 374 467 20
W53MOST1 374 467 20
W54MOST1 374 467 20
W55MOST1 374 467 20
W56 31 37 10
W57 31 41 15
W58 117 84 20
W59 73 84 20
W60 92  120 20
W61 134 125 20
W62 118 139 20
W63 136 147 20
W64 92  126 20
W65 148 126 20
W66 239 341 80
W67 300 329 80
W68 110 85  50
W69 35 43 20
W70 45 38 20
W71 49 49 20
W72 115 107 50
W73 38 35 20
W74 37 47 20
W75 46 47 20
W76 43 49 20
W77 53 60 20
W78 61 47 20
W79 35 45 20
W80 89 81 20
W81 126 99 20
W82 116 175 20
W83 19 26 20
W84 28 27 20
W85 14 16 20
W86 24 25 20
W87 20 16 20 
W88 65 67 20
W89 51 63 20
W90 51 74 20
W91 51 67 20
W92 22 31 20
W93 22 25 20
W94 35 35 20
W95 21 28 20
W96 35 28 20
W97 35 28 20
W98 43 53 20
W99 24 26 20
W100 29 32 20
W101 29 37 20
W102 40 41 20
W103 29 41 20
W104 20 17 20
W105 27 17 20
W106 18 17 20
W107 25 20 20
W108 24 13 20
W109 29 24 20
W110 23 18 20
W111 26 18 20
W112 23 21 20
W113 64 37 40